###############################################################################
#
# IAR ELF Linker V9.50.1.380/W64 for ARM                  14/Jan/2026  01:25:28
# Copyright 2007-2023 IAR Systems AB.
#
#    Output file  =
#        E:\Microcontroller\stm32\uc1698u_160x160_F407\EWARM\F407_FSMC_2\Exe\F407_FSMC_2.out
#    Map file     =
#        E:\Microcontroller\stm32\uc1698u_160x160_F407\EWARM\F407_FSMC_2\List\F407_FSMC_2.map
#    Command line =
#        -f
#        E:\Microcontroller\stm32\uc1698u_160x160_F407\EWARM\F407_FSMC_2\Exe\F407_FSMC_2.out.rsp
#        (E:\Microcontroller\stm32\uc1698u_160x160_F407\EWARM\F407_FSMC_2\Obj\Core_13247989168731456611.dir\crc.o
#        E:\Microcontroller\stm32\uc1698u_160x160_F407\EWARM\F407_FSMC_2\Obj\Core_13247989168731456611.dir\fsmc.o
#        E:\Microcontroller\stm32\uc1698u_160x160_F407\EWARM\F407_FSMC_2\Obj\Core_13247989168731456611.dir\gpio.o
#        E:\Microcontroller\stm32\uc1698u_160x160_F407\EWARM\F407_FSMC_2\Obj\Core_13247989168731456611.dir\main.o
#        E:\Microcontroller\stm32\uc1698u_160x160_F407\EWARM\F407_FSMC_2\Obj\u8g2_2410607877290784044.dir\mui.o
#        E:\Microcontroller\stm32\uc1698u_160x160_F407\EWARM\F407_FSMC_2\Obj\u8g2_2410607877290784044.dir\mui_u8g2.o
#        E:\Microcontroller\stm32\uc1698u_160x160_F407\EWARM\F407_FSMC_2\Obj\EWARM_18443280873093131863.dir\startup_stm32f407xx.o
#        E:\Microcontroller\stm32\uc1698u_160x160_F407\EWARM\F407_FSMC_2\Obj\STM32F4xx_HAL_Driver_1244631019742807970.dir\stm32f4xx_hal.o
#        E:\Microcontroller\stm32\uc1698u_160x160_F407\EWARM\F407_FSMC_2\Obj\STM32F4xx_HAL_Driver_1244631019742807970.dir\stm32f4xx_hal_cortex.o
#        E:\Microcontroller\stm32\uc1698u_160x160_F407\EWARM\F407_FSMC_2\Obj\STM32F4xx_HAL_Driver_1244631019742807970.dir\stm32f4xx_hal_crc.o
#        E:\Microcontroller\stm32\uc1698u_160x160_F407\EWARM\F407_FSMC_2\Obj\STM32F4xx_HAL_Driver_1244631019742807970.dir\stm32f4xx_hal_dma.o
#        E:\Microcontroller\stm32\uc1698u_160x160_F407\EWARM\F407_FSMC_2\Obj\STM32F4xx_HAL_Driver_1244631019742807970.dir\stm32f4xx_hal_dma_ex.o
#        E:\Microcontroller\stm32\uc1698u_160x160_F407\EWARM\F407_FSMC_2\Obj\STM32F4xx_HAL_Driver_1244631019742807970.dir\stm32f4xx_hal_exti.o
#        E:\Microcontroller\stm32\uc1698u_160x160_F407\EWARM\F407_FSMC_2\Obj\STM32F4xx_HAL_Driver_1244631019742807970.dir\stm32f4xx_hal_flash.o
#        E:\Microcontroller\stm32\uc1698u_160x160_F407\EWARM\F407_FSMC_2\Obj\STM32F4xx_HAL_Driver_1244631019742807970.dir\stm32f4xx_hal_flash_ex.o
#        E:\Microcontroller\stm32\uc1698u_160x160_F407\EWARM\F407_FSMC_2\Obj\STM32F4xx_HAL_Driver_1244631019742807970.dir\stm32f4xx_hal_flash_ramfunc.o
#        E:\Microcontroller\stm32\uc1698u_160x160_F407\EWARM\F407_FSMC_2\Obj\STM32F4xx_HAL_Driver_1244631019742807970.dir\stm32f4xx_hal_gpio.o
#        E:\Microcontroller\stm32\uc1698u_160x160_F407\EWARM\F407_FSMC_2\Obj\Core_13247989168731456611.dir\stm32f4xx_hal_msp.o
#        E:\Microcontroller\stm32\uc1698u_160x160_F407\EWARM\F407_FSMC_2\Obj\STM32F4xx_HAL_Driver_1244631019742807970.dir\stm32f4xx_hal_nand.o
#        E:\Microcontroller\stm32\uc1698u_160x160_F407\EWARM\F407_FSMC_2\Obj\STM32F4xx_HAL_Driver_1244631019742807970.dir\stm32f4xx_hal_nor.o
#        E:\Microcontroller\stm32\uc1698u_160x160_F407\EWARM\F407_FSMC_2\Obj\STM32F4xx_HAL_Driver_1244631019742807970.dir\stm32f4xx_hal_pccard.o
#        E:\Microcontroller\stm32\uc1698u_160x160_F407\EWARM\F407_FSMC_2\Obj\STM32F4xx_HAL_Driver_1244631019742807970.dir\stm32f4xx_hal_pwr.o
#        E:\Microcontroller\stm32\uc1698u_160x160_F407\EWARM\F407_FSMC_2\Obj\STM32F4xx_HAL_Driver_1244631019742807970.dir\stm32f4xx_hal_pwr_ex.o
#        E:\Microcontroller\stm32\uc1698u_160x160_F407\EWARM\F407_FSMC_2\Obj\STM32F4xx_HAL_Driver_1244631019742807970.dir\stm32f4xx_hal_rcc.o
#        E:\Microcontroller\stm32\uc1698u_160x160_F407\EWARM\F407_FSMC_2\Obj\STM32F4xx_HAL_Driver_1244631019742807970.dir\stm32f4xx_hal_rcc_ex.o
#        E:\Microcontroller\stm32\uc1698u_160x160_F407\EWARM\F407_FSMC_2\Obj\STM32F4xx_HAL_Driver_1244631019742807970.dir\stm32f4xx_hal_sram.o
#        E:\Microcontroller\stm32\uc1698u_160x160_F407\EWARM\F407_FSMC_2\Obj\Core_13247989168731456611.dir\stm32f4xx_it.o
#        E:\Microcontroller\stm32\uc1698u_160x160_F407\EWARM\F407_FSMC_2\Obj\STM32F4xx_HAL_Driver_1244631019742807970.dir\stm32f4xx_ll_exti.o
#        E:\Microcontroller\stm32\uc1698u_160x160_F407\EWARM\F407_FSMC_2\Obj\STM32F4xx_HAL_Driver_1244631019742807970.dir\stm32f4xx_ll_fsmc.o
#        E:\Microcontroller\stm32\uc1698u_160x160_F407\EWARM\F407_FSMC_2\Obj\STM32F4xx_HAL_Driver_1244631019742807970.dir\stm32f4xx_ll_gpio.o
#        E:\Microcontroller\stm32\uc1698u_160x160_F407\EWARM\F407_FSMC_2\Obj\STM32F4xx_HAL_Driver_1244631019742807970.dir\stm32f4xx_ll_rcc.o
#        E:\Microcontroller\stm32\uc1698u_160x160_F407\EWARM\F407_FSMC_2\Obj\STM32F4xx_HAL_Driver_1244631019742807970.dir\stm32f4xx_ll_utils.o
#        E:\Microcontroller\stm32\uc1698u_160x160_F407\EWARM\F407_FSMC_2\Obj\CMSIS_6603591812247902717.dir\system_stm32f4xx.o
#        E:\Microcontroller\stm32\uc1698u_160x160_F407\EWARM\F407_FSMC_2\Obj\u8g2_2410607877290784044.dir\u8g2_arc.o
#        E:\Microcontroller\stm32\uc1698u_160x160_F407\EWARM\F407_FSMC_2\Obj\u8g2_2410607877290784044.dir\u8g2_bitmap.o
#        E:\Microcontroller\stm32\uc1698u_160x160_F407\EWARM\F407_FSMC_2\Obj\u8g2_2410607877290784044.dir\u8g2_box.o
#        E:\Microcontroller\stm32\uc1698u_160x160_F407\EWARM\F407_FSMC_2\Obj\u8g2_2410607877290784044.dir\u8g2_buffer.o
#        E:\Microcontroller\stm32\uc1698u_160x160_F407\EWARM\F407_FSMC_2\Obj\u8g2_2410607877290784044.dir\u8g2_button.o
#        E:\Microcontroller\stm32\uc1698u_160x160_F407\EWARM\F407_FSMC_2\Obj\u8g2_2410607877290784044.dir\u8g2_circle.o
#        E:\Microcontroller\stm32\uc1698u_160x160_F407\EWARM\F407_FSMC_2\Obj\u8g2_2410607877290784044.dir\u8g2_cleardisplay.o
#        E:\Microcontroller\stm32\uc1698u_160x160_F407\EWARM\F407_FSMC_2\Obj\u8g2_2410607877290784044.dir\u8g2_d_memory.o
#        E:\Microcontroller\stm32\uc1698u_160x160_F407\EWARM\F407_FSMC_2\Obj\u8g2_2410607877290784044.dir\u8g2_d_setup.o
#        E:\Microcontroller\stm32\uc1698u_160x160_F407\EWARM\F407_FSMC_2\Obj\u8g2_2410607877290784044.dir\u8g2_font.o
#        E:\Microcontroller\stm32\uc1698u_160x160_F407\EWARM\F407_FSMC_2\Obj\u8g2_2410607877290784044.dir\u8g2_fonts.o
#        E:\Microcontroller\stm32\uc1698u_160x160_F407\EWARM\F407_FSMC_2\Obj\u8g2_2410607877290784044.dir\u8g2_hvline.o
#        E:\Microcontroller\stm32\uc1698u_160x160_F407\EWARM\F407_FSMC_2\Obj\u8g2_2410607877290784044.dir\u8g2_input_value.o
#        E:\Microcontroller\stm32\uc1698u_160x160_F407\EWARM\F407_FSMC_2\Obj\u8g2_2410607877290784044.dir\u8g2_intersection.o
#        E:\Microcontroller\stm32\uc1698u_160x160_F407\EWARM\F407_FSMC_2\Obj\u8g2_2410607877290784044.dir\u8g2_kerning.o
#        E:\Microcontroller\stm32\uc1698u_160x160_F407\EWARM\F407_FSMC_2\Obj\u8g2_2410607877290784044.dir\u8g2_line.o
#        E:\Microcontroller\stm32\uc1698u_160x160_F407\EWARM\F407_FSMC_2\Obj\u8g2_2410607877290784044.dir\u8g2_ll_hvline.o
#        E:\Microcontroller\stm32\uc1698u_160x160_F407\EWARM\F407_FSMC_2\Obj\u8g2_2410607877290784044.dir\u8g2_message.o
#        E:\Microcontroller\stm32\uc1698u_160x160_F407\EWARM\F407_FSMC_2\Obj\u8g2_2410607877290784044.dir\u8g2_polygon.o
#        E:\Microcontroller\stm32\uc1698u_160x160_F407\EWARM\F407_FSMC_2\Obj\u8g2_2410607877290784044.dir\u8g2_selection_list.o
#        E:\Microcontroller\stm32\uc1698u_160x160_F407\EWARM\F407_FSMC_2\Obj\u8g2_2410607877290784044.dir\u8g2_setup.o
#        E:\Microcontroller\stm32\uc1698u_160x160_F407\EWARM\F407_FSMC_2\Obj\u8g2_2410607877290784044.dir\u8g_arm.o
#        E:\Microcontroller\stm32\uc1698u_160x160_F407\EWARM\F407_FSMC_2\Obj\u8g2_2410607877290784044.dir\u8log.o
#        E:\Microcontroller\stm32\uc1698u_160x160_F407\EWARM\F407_FSMC_2\Obj\u8g2_2410607877290784044.dir\u8log_u8g2.o
#        E:\Microcontroller\stm32\uc1698u_160x160_F407\EWARM\F407_FSMC_2\Obj\u8g2_2410607877290784044.dir\u8log_u8x8.o
#        E:\Microcontroller\stm32\uc1698u_160x160_F407\EWARM\F407_FSMC_2\Obj\u8g2_2410607877290784044.dir\u8x8_8x8.o
#        E:\Microcontroller\stm32\uc1698u_160x160_F407\EWARM\F407_FSMC_2\Obj\u8g2_2410607877290784044.dir\u8x8_byte.o
#        E:\Microcontroller\stm32\uc1698u_160x160_F407\EWARM\F407_FSMC_2\Obj\u8g2_2410607877290784044.dir\u8x8_cad.o
#        E:\Microcontroller\stm32\uc1698u_160x160_F407\EWARM\F407_FSMC_2\Obj\u8g2_2410607877290784044.dir\u8x8_capture.o
#        E:\Microcontroller\stm32\uc1698u_160x160_F407\EWARM\F407_FSMC_2\Obj\u8g2_2410607877290784044.dir\u8x8_d_a2printer.o
#        E:\Microcontroller\stm32\uc1698u_160x160_F407\EWARM\F407_FSMC_2\Obj\u8g2_2410607877290784044.dir\u8x8_d_ch1120.o
#        E:\Microcontroller\stm32\uc1698u_160x160_F407\EWARM\F407_FSMC_2\Obj\u8g2_2410607877290784044.dir\u8x8_d_gp1247ai.o
#        E:\Microcontroller\stm32\uc1698u_160x160_F407\EWARM\F407_FSMC_2\Obj\u8g2_2410607877290784044.dir\u8x8_d_gp1287ai.o
#        E:\Microcontroller\stm32\uc1698u_160x160_F407\EWARM\F407_FSMC_2\Obj\u8g2_2410607877290784044.dir\u8x8_d_gp1294ai.o
#        E:\Microcontroller\stm32\uc1698u_160x160_F407\EWARM\F407_FSMC_2\Obj\u8g2_2410607877290784044.dir\u8x8_d_gu800.o
#        E:\Microcontroller\stm32\uc1698u_160x160_F407\EWARM\F407_FSMC_2\Obj\u8g2_2410607877290784044.dir\u8x8_d_hd44102.o
#        E:\Microcontroller\stm32\uc1698u_160x160_F407\EWARM\F407_FSMC_2\Obj\u8g2_2410607877290784044.dir\u8x8_d_il3820_296x128.o
#        E:\Microcontroller\stm32\uc1698u_160x160_F407\EWARM\F407_FSMC_2\Obj\u8g2_2410607877290784044.dir\u8x8_d_ist3020.o
#        E:\Microcontroller\stm32\uc1698u_160x160_F407\EWARM\F407_FSMC_2\Obj\u8g2_2410607877290784044.dir\u8x8_d_ist3088.o
#        E:\Microcontroller\stm32\uc1698u_160x160_F407\EWARM\F407_FSMC_2\Obj\u8g2_2410607877290784044.dir\u8x8_d_ist7920.o
#        E:\Microcontroller\stm32\uc1698u_160x160_F407\EWARM\F407_FSMC_2\Obj\u8g2_2410607877290784044.dir\u8x8_d_ks0108.o
#        E:\Microcontroller\stm32\uc1698u_160x160_F407\EWARM\F407_FSMC_2\Obj\u8g2_2410607877290784044.dir\u8x8_d_lc7981.o
#        E:\Microcontroller\stm32\uc1698u_160x160_F407\EWARM\F407_FSMC_2\Obj\u8g2_2410607877290784044.dir\u8x8_d_ld7032_60x32.o
#        E:\Microcontroller\stm32\uc1698u_160x160_F407\EWARM\F407_FSMC_2\Obj\u8g2_2410607877290784044.dir\u8x8_d_ls013b7dh03.o
#        E:\Microcontroller\stm32\uc1698u_160x160_F407\EWARM\F407_FSMC_2\Obj\u8g2_2410607877290784044.dir\u8x8_d_max7219.o
#        E:\Microcontroller\stm32\uc1698u_160x160_F407\EWARM\F407_FSMC_2\Obj\u8g2_2410607877290784044.dir\u8x8_d_pcd8544_84x48.o
#        E:\Microcontroller\stm32\uc1698u_160x160_F407\EWARM\F407_FSMC_2\Obj\u8g2_2410607877290784044.dir\u8x8_d_pcf8812.o
#        E:\Microcontroller\stm32\uc1698u_160x160_F407\EWARM\F407_FSMC_2\Obj\u8g2_2410607877290784044.dir\u8x8_d_pcf8814_hx1230.o
#        E:\Microcontroller\stm32\uc1698u_160x160_F407\EWARM\F407_FSMC_2\Obj\u8g2_2410607877290784044.dir\u8x8_d_s1d15300.o
#        E:\Microcontroller\stm32\uc1698u_160x160_F407\EWARM\F407_FSMC_2\Obj\u8g2_2410607877290784044.dir\u8x8_d_s1d15721.o
#        E:\Microcontroller\stm32\uc1698u_160x160_F407\EWARM\F407_FSMC_2\Obj\u8g2_2410607877290784044.dir\u8x8_d_s1d15e06.o
#        E:\Microcontroller\stm32\uc1698u_160x160_F407\EWARM\F407_FSMC_2\Obj\u8g2_2410607877290784044.dir\u8x8_d_sbn1661.o
#        E:\Microcontroller\stm32\uc1698u_160x160_F407\EWARM\F407_FSMC_2\Obj\u8g2_2410607877290784044.dir\u8x8_d_sed1330.o
#        E:\Microcontroller\stm32\uc1698u_160x160_F407\EWARM\F407_FSMC_2\Obj\u8g2_2410607877290784044.dir\u8x8_d_sh1106_64x32.o
#        E:\Microcontroller\stm32\uc1698u_160x160_F407\EWARM\F407_FSMC_2\Obj\u8g2_2410607877290784044.dir\u8x8_d_sh1106_72x40.o
#        E:\Microcontroller\stm32\uc1698u_160x160_F407\EWARM\F407_FSMC_2\Obj\u8g2_2410607877290784044.dir\u8x8_d_sh1107.o
#        E:\Microcontroller\stm32\uc1698u_160x160_F407\EWARM\F407_FSMC_2\Obj\u8g2_2410607877290784044.dir\u8x8_d_sh1108.o
#        E:\Microcontroller\stm32\uc1698u_160x160_F407\EWARM\F407_FSMC_2\Obj\u8g2_2410607877290784044.dir\u8x8_d_sh1122.o
#        E:\Microcontroller\stm32\uc1698u_160x160_F407\EWARM\F407_FSMC_2\Obj\u8g2_2410607877290784044.dir\u8x8_d_ssd1305.o
#        E:\Microcontroller\stm32\uc1698u_160x160_F407\EWARM\F407_FSMC_2\Obj\u8g2_2410607877290784044.dir\u8x8_d_ssd1306_128x32.o
#        E:\Microcontroller\stm32\uc1698u_160x160_F407\EWARM\F407_FSMC_2\Obj\u8g2_2410607877290784044.dir\u8x8_d_ssd1306_128x64_noname.o
#        E:\Microcontroller\stm32\uc1698u_160x160_F407\EWARM\F407_FSMC_2\Obj\u8g2_2410607877290784044.dir\u8x8_d_ssd1306_2040x16.o
#        E:\Microcontroller\stm32\uc1698u_160x160_F407\EWARM\F407_FSMC_2\Obj\u8g2_2410607877290784044.dir\u8x8_d_ssd1306_48x64.o
#        E:\Microcontroller\stm32\uc1698u_160x160_F407\EWARM\F407_FSMC_2\Obj\u8g2_2410607877290784044.dir\u8x8_d_ssd1306_64x32.o
#        E:\Microcontroller\stm32\uc1698u_160x160_F407\EWARM\F407_FSMC_2\Obj\u8g2_2410607877290784044.dir\u8x8_d_ssd1306_64x48.o
#        E:\Microcontroller\stm32\uc1698u_160x160_F407\EWARM\F407_FSMC_2\Obj\u8g2_2410607877290784044.dir\u8x8_d_ssd1306_72x40.o
#        E:\Microcontroller\stm32\uc1698u_160x160_F407\EWARM\F407_FSMC_2\Obj\u8g2_2410607877290784044.dir\u8x8_d_ssd1306_96x16.o
#        E:\Microcontroller\stm32\uc1698u_160x160_F407\EWARM\F407_FSMC_2\Obj\u8g2_2410607877290784044.dir\u8x8_d_ssd1306_96x40.o
#        E:\Microcontroller\stm32\uc1698u_160x160_F407\EWARM\F407_FSMC_2\Obj\u8g2_2410607877290784044.dir\u8x8_d_ssd1309.o
#        E:\Microcontroller\stm32\uc1698u_160x160_F407\EWARM\F407_FSMC_2\Obj\u8g2_2410607877290784044.dir\u8x8_d_ssd1312.o
#        E:\Microcontroller\stm32\uc1698u_160x160_F407\EWARM\F407_FSMC_2\Obj\u8g2_2410607877290784044.dir\u8x8_d_ssd1315_128x64_noname.o
#        E:\Microcontroller\stm32\uc1698u_160x160_F407\EWARM\F407_FSMC_2\Obj\u8g2_2410607877290784044.dir\u8x8_d_ssd1316.o
#        E:\Microcontroller\stm32\uc1698u_160x160_F407\EWARM\F407_FSMC_2\Obj\u8g2_2410607877290784044.dir\u8x8_d_ssd1317.o
#        E:\Microcontroller\stm32\uc1698u_160x160_F407\EWARM\F407_FSMC_2\Obj\u8g2_2410607877290784044.dir\u8x8_d_ssd1318.o
#        E:\Microcontroller\stm32\uc1698u_160x160_F407\EWARM\F407_FSMC_2\Obj\u8g2_2410607877290784044.dir\u8x8_d_ssd1320.o
#        E:\Microcontroller\stm32\uc1698u_160x160_F407\EWARM\F407_FSMC_2\Obj\u8g2_2410607877290784044.dir\u8x8_d_ssd1322.o
#        E:\Microcontroller\stm32\uc1698u_160x160_F407\EWARM\F407_FSMC_2\Obj\u8g2_2410607877290784044.dir\u8x8_d_ssd1325.o
#        E:\Microcontroller\stm32\uc1698u_160x160_F407\EWARM\F407_FSMC_2\Obj\u8g2_2410607877290784044.dir\u8x8_d_ssd1326.o
#        E:\Microcontroller\stm32\uc1698u_160x160_F407\EWARM\F407_FSMC_2\Obj\u8g2_2410607877290784044.dir\u8x8_d_ssd1327.o
#        E:\Microcontroller\stm32\uc1698u_160x160_F407\EWARM\F407_FSMC_2\Obj\u8g2_2410607877290784044.dir\u8x8_d_ssd1329.o
#        E:\Microcontroller\stm32\uc1698u_160x160_F407\EWARM\F407_FSMC_2\Obj\u8g2_2410607877290784044.dir\u8x8_d_ssd1362.o
#        E:\Microcontroller\stm32\uc1698u_160x160_F407\EWARM\F407_FSMC_2\Obj\u8g2_2410607877290784044.dir\u8x8_d_ssd1363.o
#        E:\Microcontroller\stm32\uc1698u_160x160_F407\EWARM\F407_FSMC_2\Obj\u8g2_2410607877290784044.dir\u8x8_d_ssd1606_172x72.o
#        E:\Microcontroller\stm32\uc1698u_160x160_F407\EWARM\F407_FSMC_2\Obj\u8g2_2410607877290784044.dir\u8x8_d_ssd1607_200x200.o
#        E:\Microcontroller\stm32\uc1698u_160x160_F407\EWARM\F407_FSMC_2\Obj\u8g2_2410607877290784044.dir\u8x8_d_st7302.o
#        E:\Microcontroller\stm32\uc1698u_160x160_F407\EWARM\F407_FSMC_2\Obj\u8g2_2410607877290784044.dir\u8x8_d_st7305.o
#        E:\Microcontroller\stm32\uc1698u_160x160_F407\EWARM\F407_FSMC_2\Obj\u8g2_2410607877290784044.dir\u8x8_d_st7511.o
#        E:\Microcontroller\stm32\uc1698u_160x160_F407\EWARM\F407_FSMC_2\Obj\u8g2_2410607877290784044.dir\u8x8_d_st75160.o
#        E:\Microcontroller\stm32\uc1698u_160x160_F407\EWARM\F407_FSMC_2\Obj\u8g2_2410607877290784044.dir\u8x8_d_st75161.o
#        E:\Microcontroller\stm32\uc1698u_160x160_F407\EWARM\F407_FSMC_2\Obj\u8g2_2410607877290784044.dir\u8x8_d_st75256.o
#        E:\Microcontroller\stm32\uc1698u_160x160_F407\EWARM\F407_FSMC_2\Obj\u8g2_2410607877290784044.dir\u8x8_d_st7528.o
#        E:\Microcontroller\stm32\uc1698u_160x160_F407\EWARM\F407_FSMC_2\Obj\u8g2_2410607877290784044.dir\u8x8_d_st75320.o
#        E:\Microcontroller\stm32\uc1698u_160x160_F407\EWARM\F407_FSMC_2\Obj\u8g2_2410607877290784044.dir\u8x8_d_st7539.o
#        E:\Microcontroller\stm32\uc1698u_160x160_F407\EWARM\F407_FSMC_2\Obj\u8g2_2410607877290784044.dir\u8x8_d_st7565.o
#        E:\Microcontroller\stm32\uc1698u_160x160_F407\EWARM\F407_FSMC_2\Obj\u8g2_2410607877290784044.dir\u8x8_d_st7567.o
#        E:\Microcontroller\stm32\uc1698u_160x160_F407\EWARM\F407_FSMC_2\Obj\u8g2_2410607877290784044.dir\u8x8_d_st7571.o
#        E:\Microcontroller\stm32\uc1698u_160x160_F407\EWARM\F407_FSMC_2\Obj\u8g2_2410607877290784044.dir\u8x8_d_st7586s_erc240160.o
#        E:\Microcontroller\stm32\uc1698u_160x160_F407\EWARM\F407_FSMC_2\Obj\u8g2_2410607877290784044.dir\u8x8_d_st7586s_jlx320160.o
#        E:\Microcontroller\stm32\uc1698u_160x160_F407\EWARM\F407_FSMC_2\Obj\u8g2_2410607877290784044.dir\u8x8_d_st7586s_jlx384160.o
#        E:\Microcontroller\stm32\uc1698u_160x160_F407\EWARM\F407_FSMC_2\Obj\u8g2_2410607877290784044.dir\u8x8_d_st7586s_md240128.o
#        E:\Microcontroller\stm32\uc1698u_160x160_F407\EWARM\F407_FSMC_2\Obj\u8g2_2410607877290784044.dir\u8x8_d_st7586s_s028hn118a.o
#        E:\Microcontroller\stm32\uc1698u_160x160_F407\EWARM\F407_FSMC_2\Obj\u8g2_2410607877290784044.dir\u8x8_d_st7586s_ymc240160.o
#        E:\Microcontroller\stm32\uc1698u_160x160_F407\EWARM\F407_FSMC_2\Obj\u8g2_2410607877290784044.dir\u8x8_d_st7588.o
#        E:\Microcontroller\stm32\uc1698u_160x160_F407\EWARM\F407_FSMC_2\Obj\u8g2_2410607877290784044.dir\u8x8_d_st7920.o
#        E:\Microcontroller\stm32\uc1698u_160x160_F407\EWARM\F407_FSMC_2\Obj\u8g2_2410607877290784044.dir\u8x8_d_stdio.o
#        E:\Microcontroller\stm32\uc1698u_160x160_F407\EWARM\F407_FSMC_2\Obj\u8g2_2410607877290784044.dir\u8x8_d_t6963.o
#        E:\Microcontroller\stm32\uc1698u_160x160_F407\EWARM\F407_FSMC_2\Obj\u8g2_2410607877290784044.dir\u8x8_d_uc1601.o
#        E:\Microcontroller\stm32\uc1698u_160x160_F407\EWARM\F407_FSMC_2\Obj\u8g2_2410607877290784044.dir\u8x8_d_uc1604.o
#        E:\Microcontroller\stm32\uc1698u_160x160_F407\EWARM\F407_FSMC_2\Obj\u8g2_2410607877290784044.dir\u8x8_d_uc1608.o
#        E:\Microcontroller\stm32\uc1698u_160x160_F407\EWARM\F407_FSMC_2\Obj\u8g2_2410607877290784044.dir\u8x8_d_uc1609.o
#        E:\Microcontroller\stm32\uc1698u_160x160_F407\EWARM\F407_FSMC_2\Obj\u8g2_2410607877290784044.dir\u8x8_d_uc1610.o
#        E:\Microcontroller\stm32\uc1698u_160x160_F407\EWARM\F407_FSMC_2\Obj\u8g2_2410607877290784044.dir\u8x8_d_uc1611.o
#        E:\Microcontroller\stm32\uc1698u_160x160_F407\EWARM\F407_FSMC_2\Obj\u8g2_2410607877290784044.dir\u8x8_d_uc1617.o
#        E:\Microcontroller\stm32\uc1698u_160x160_F407\EWARM\F407_FSMC_2\Obj\u8g2_2410607877290784044.dir\u8x8_d_uc1628.o
#        E:\Microcontroller\stm32\uc1698u_160x160_F407\EWARM\F407_FSMC_2\Obj\u8g2_2410607877290784044.dir\u8x8_d_uc1638.o
#        E:\Microcontroller\stm32\uc1698u_160x160_F407\EWARM\F407_FSMC_2\Obj\u8g2_2410607877290784044.dir\u8x8_d_uc1701_dogs102.o
#        E:\Microcontroller\stm32\uc1698u_160x160_F407\EWARM\F407_FSMC_2\Obj\u8g2_2410607877290784044.dir\u8x8_d_uc1701_mini12864.o
#        E:\Microcontroller\stm32\uc1698u_160x160_F407\EWARM\F407_FSMC_2\Obj\u8g2_2410607877290784044.dir\u8x8_debounce.o
#        E:\Microcontroller\stm32\uc1698u_160x160_F407\EWARM\F407_FSMC_2\Obj\u8g2_2410607877290784044.dir\u8x8_display.o
#        E:\Microcontroller\stm32\uc1698u_160x160_F407\EWARM\F407_FSMC_2\Obj\u8g2_2410607877290784044.dir\u8x8_fonts.o
#        E:\Microcontroller\stm32\uc1698u_160x160_F407\EWARM\F407_FSMC_2\Obj\u8g2_2410607877290784044.dir\u8x8_gpio.o
#        E:\Microcontroller\stm32\uc1698u_160x160_F407\EWARM\F407_FSMC_2\Obj\u8g2_2410607877290784044.dir\u8x8_input_value.o
#        E:\Microcontroller\stm32\uc1698u_160x160_F407\EWARM\F407_FSMC_2\Obj\u8g2_2410607877290784044.dir\u8x8_message.o
#        E:\Microcontroller\stm32\uc1698u_160x160_F407\EWARM\F407_FSMC_2\Obj\u8g2_2410607877290784044.dir\u8x8_selection_list.o
#        E:\Microcontroller\stm32\uc1698u_160x160_F407\EWARM\F407_FSMC_2\Obj\u8g2_2410607877290784044.dir\u8x8_setup.o
#        E:\Microcontroller\stm32\uc1698u_160x160_F407\EWARM\F407_FSMC_2\Obj\u8g2_2410607877290784044.dir\u8x8_string.o
#        E:\Microcontroller\stm32\uc1698u_160x160_F407\EWARM\F407_FSMC_2\Obj\u8g2_2410607877290784044.dir\u8x8_u16toa.o
#        E:\Microcontroller\stm32\uc1698u_160x160_F407\EWARM\F407_FSMC_2\Obj\u8g2_2410607877290784044.dir\u8x8_u8toa.o
#        E:\Microcontroller\stm32\uc1698u_160x160_F407\EWARM\F407_FSMC_2\Obj\uc1698u_4896478760023267370.dir\uc1698u.o
#        --no_out_extension -o
#        E:\Microcontroller\stm32\uc1698u_160x160_F407\EWARM\F407_FSMC_2\Exe\F407_FSMC_2.out
#        --redirect _Printf=_PrintfFullNoMb --redirect _Scanf=_ScanfFullNoMb
#        --map
#        E:\Microcontroller\stm32\uc1698u_160x160_F407\EWARM\F407_FSMC_2\List\F407_FSMC_2.map
#        --config
#        E:\Microcontroller\stm32\uc1698u_160x160_F407\EWARM/stm32f407xx_flash.icf
#        --semihosting --entry __iar_program_start --vfe --text_out locale
#        --cpu=Cortex-M4 --fpu=VFPv4_sp) --dependencies=n
#        E:\Microcontroller\stm32\uc1698u_160x160_F407\EWARM\F407_FSMC_2\Exe\F407_FSMC_2.out.iar_deps
#
###############################################################################

*******************************************************************************
*** RUNTIME MODEL ATTRIBUTES
***

CppFlavor       = *
__CPP_Runtime   = 1
__SystemLibrary = DLib
__dlib_version  = 6


*******************************************************************************
*** HEAP SELECTION
***

The basic heap was selected because no calls to memory allocation
functions were found in the application outside of system library
functions, there are calls to deallocation functions in the
application, and the application appears to be primarily
optimized for speed.


*******************************************************************************
*** PLACEMENT SUMMARY
***

"A0":  place at address 0x800'0000 { ro section .intvec };
"P1":  place in [from 0x800'0000 to 0x80f'ffff] { ro };
define block CSTACK with size = 1K, alignment = 8 { };
define block HEAP with size = 512, alignment = 8 { };
"P2":  place in [from 0x2000'0000 to 0x2001'ffff] {
          rw, block CSTACK, block HEAP };
initialize by copy { rw };

  Section            Kind         Address  Aligment    Size  Object
  -------            ----         -------  --------    ----  ------
"A0":                                                 0x188
  .intvec            ro code   0x800'0000         4   0x188  startup_stm32f407xx.o [3]
                             - 0x800'0188             0x188

"P1":                                                0x13bc
  .text              ro code   0x800'0188         4   0x6cc  main.o [2]
  .text              ro code   0x800'0854         4     0xc  stm32f4xx_hal.o [4]
  .text              ro code   0x800'0860         4    0x38  stm32f4xx_hal.o [4]
  .text              ro code   0x800'0898         4    0x84  gpio.o [2]
  .text              ro code   0x800'091c         4    0xf0  fsmc.o [2]
  .text              ro code   0x800'0a0c         4    0x50  crc.o [2]
  .text              ro code   0x800'0a5c         4   0x170  uc1698u.o [6]
  .text              ro code   0x800'0bcc         4    0x2c  stm32f4xx_hal.o [4]
  .text              ro code   0x800'0bf8         4    0x1e  sqrtf.o [8]
  .text              ro code   0x800'0c16         2    0x2a  copy_init3.o [9]
  .text              ro code   0x800'0c40         4    0x2c  fmaxf.o [8]
  .text              ro code   0x800'0c6c         4     0xc  stm32f4xx_ll_utils.o [4]
  .text              ro code   0x800'0c78         4    0x48  stm32f4xx_hal.o [4]
  .text              ro code   0x800'0cc0         4    0x9c  stm32f4xx_hal_cortex.o [4]
  .text              ro code   0x800'0d5c         4    0x38  stm32f4xx_hal_msp.o [2]
  .text              ro code   0x800'0d94         4    0x66  ABImemset.o [9]
  .text              ro code   0x800'0dfc         4   0x114  stm32f4xx_ll_gpio.o [4]
  .text              ro code   0x800'0f10         4    0x5a  stm32f4xx_hal_sram.o [4]
  .text              ro code   0x800'0f6c         4   0x1ec  stm32f4xx_hal_gpio.o [4]
  .text              ro code   0x800'1158         2    0x20  stm32f4xx_hal_crc.o [4]
  .text              ro code   0x800'1178         4    0xe4  stm32f4xx_ll_fsmc.o [4]
  .text              ro code   0x800'125c         2    0x38  zero_init3.o [9]
  .text              ro code   0x800'1294         4    0x2c  iarttio.o [10]
  .text              ro code   0x800'12c0         4     0x8  XShttio.o [7]
  .text              ro code   0x800'12c8         4    0x2a  data_init.o [9]
  .text              ro code   0x800'12f4         4    0x22  fpinit_M.o [8]
  .iar.init_table    const     0x800'1318         4    0x24  - Linker created -
  .text              ro code   0x800'133c         4    0x1e  cmain.o [9]
  .text              ro code   0x800'135a         2     0x4  low_level_init.o [7]
  .text              ro code   0x800'135e         2     0x4  exit.o [7]
  .text              ro code   0x800'1364         4     0xa  cexit.o [9]
  .text              ro code   0x800'1370         4    0x14  exit.o [10]
  .text              ro code   0x800'1384         4    0x1c  cstartup_M.o [9]
  Initializer bytes  const     0x800'13a0         4    0x1c  <for P2-1>
  .text              ro code   0x800'13bc         2    0x14  stm32f4xx_it.o [2]
  .text              ro code   0x800'13d0         4    0x10  stm32f4xx_hal.o [4]
  .text              ro code   0x800'13e0         4    0x10  startup_stm32f407xx.o [3]
  .text              ro code   0x800'13f0         4    0x10  system_stm32f4xx.o [1]
  .text              ro code   0x800'1400         2     0x4  startup_stm32f407xx.o [3]
  .text              ro code   0x800'1404         2     0x4  startup_stm32f407xx.o [3]
  .text              ro code   0x800'1408         2     0x4  startup_stm32f407xx.o [3]
  .text              ro code   0x800'140c         2     0x4  startup_stm32f407xx.o [3]
  .text              ro code   0x800'1410         2     0x4  startup_stm32f407xx.o [3]
  .text              ro code   0x800'1414         2     0x4  startup_stm32f407xx.o [3]
  .text              ro code   0x800'1418         2     0x4  startup_stm32f407xx.o [3]
  .text              ro code   0x800'141c         2     0x4  startup_stm32f407xx.o [3]
  .text              ro code   0x800'1420         2     0x4  startup_stm32f407xx.o [3]
  .text              ro code   0x800'1424         2     0x4  startup_stm32f407xx.o [3]
  .text              ro code   0x800'1428         2     0x4  startup_stm32f407xx.o [3]
  .text              ro code   0x800'142c         2     0x4  startup_stm32f407xx.o [3]
  .text              ro code   0x800'1430         2     0x4  startup_stm32f407xx.o [3]
  .text              ro code   0x800'1434         2     0x4  startup_stm32f407xx.o [3]
  .text              ro code   0x800'1438         2     0x4  startup_stm32f407xx.o [3]
  .text              ro code   0x800'143c         2     0x4  startup_stm32f407xx.o [3]
  .text              ro code   0x800'1440         2     0x4  startup_stm32f407xx.o [3]
  .text              ro code   0x800'1444         2     0x4  startup_stm32f407xx.o [3]
  .text              ro code   0x800'1448         2     0x4  startup_stm32f407xx.o [3]
  .text              ro code   0x800'144c         2     0x4  startup_stm32f407xx.o [3]
  .text              ro code   0x800'1450         2     0x4  startup_stm32f407xx.o [3]
  .text              ro code   0x800'1454         2     0x4  startup_stm32f407xx.o [3]
  .text              ro code   0x800'1458         2     0x4  startup_stm32f407xx.o [3]
  .text              ro code   0x800'145c         2     0x4  startup_stm32f407xx.o [3]
  .text              ro code   0x800'1460         2     0x4  startup_stm32f407xx.o [3]
  .text              ro code   0x800'1464         2     0x4  startup_stm32f407xx.o [3]
  .text              ro code   0x800'1468         2     0x4  startup_stm32f407xx.o [3]
  .text              ro code   0x800'146c         2     0x4  startup_stm32f407xx.o [3]
  .text              ro code   0x800'1470         2     0x4  startup_stm32f407xx.o [3]
  .text              ro code   0x800'1474         2     0x4  startup_stm32f407xx.o [3]
  .text              ro code   0x800'1478         2     0x4  startup_stm32f407xx.o [3]
  .text              ro code   0x800'147c         2     0x4  startup_stm32f407xx.o [3]
  .text              ro code   0x800'1480         2     0x4  startup_stm32f407xx.o [3]
  .text              ro code   0x800'1484         2     0x4  startup_stm32f407xx.o [3]
  .text              ro code   0x800'1488         2     0x4  startup_stm32f407xx.o [3]
  .text              ro code   0x800'148c         2     0x4  startup_stm32f407xx.o [3]
  .text              ro code   0x800'1490         2     0x4  startup_stm32f407xx.o [3]
  .text              ro code   0x800'1494         2     0x4  startup_stm32f407xx.o [3]
  .text              ro code   0x800'1498         2     0x4  startup_stm32f407xx.o [3]
  .text              ro code   0x800'149c         2     0x4  startup_stm32f407xx.o [3]
  .text              ro code   0x800'14a0         2     0x4  startup_stm32f407xx.o [3]
  .text              ro code   0x800'14a4         2     0x4  startup_stm32f407xx.o [3]
  .text              ro code   0x800'14a8         2     0x4  startup_stm32f407xx.o [3]
  .text              ro code   0x800'14ac         2     0x4  startup_stm32f407xx.o [3]
  .text              ro code   0x800'14b0         2     0x4  startup_stm32f407xx.o [3]
  .text              ro code   0x800'14b4         2     0x4  startup_stm32f407xx.o [3]
  .text              ro code   0x800'14b8         2     0x4  startup_stm32f407xx.o [3]
  .text              ro code   0x800'14bc         2     0x4  startup_stm32f407xx.o [3]
  .text              ro code   0x800'14c0         2     0x4  startup_stm32f407xx.o [3]
  .text              ro code   0x800'14c4         2     0x4  startup_stm32f407xx.o [3]
  .text              ro code   0x800'14c8         2     0x4  startup_stm32f407xx.o [3]
  .text              ro code   0x800'14cc         2     0x4  startup_stm32f407xx.o [3]
  .text              ro code   0x800'14d0         2     0x4  startup_stm32f407xx.o [3]
  .text              ro code   0x800'14d4         2     0x4  startup_stm32f407xx.o [3]
  .text              ro code   0x800'14d8         2     0x4  startup_stm32f407xx.o [3]
  .text              ro code   0x800'14dc         2     0x4  startup_stm32f407xx.o [3]
  .text              ro code   0x800'14e0         2     0x4  startup_stm32f407xx.o [3]
  .text              ro code   0x800'14e4         2     0x4  startup_stm32f407xx.o [3]
  .text              ro code   0x800'14e8         2     0x4  startup_stm32f407xx.o [3]
  .text              ro code   0x800'14ec         2     0x4  startup_stm32f407xx.o [3]
  .text              ro code   0x800'14f0         2     0x4  startup_stm32f407xx.o [3]
  .text              ro code   0x800'14f4         2     0x4  startup_stm32f407xx.o [3]
  .text              ro code   0x800'14f8         2     0x4  startup_stm32f407xx.o [3]
  .text              ro code   0x800'14fc         2     0x4  startup_stm32f407xx.o [3]
  .text              ro code   0x800'1500         2     0x4  startup_stm32f407xx.o [3]
  .text              ro code   0x800'1504         2     0x4  startup_stm32f407xx.o [3]
  .text              ro code   0x800'1508         2     0x4  startup_stm32f407xx.o [3]
  .text              ro code   0x800'150c         2     0x4  startup_stm32f407xx.o [3]
  .text              ro code   0x800'1510         2     0x4  startup_stm32f407xx.o [3]
  .text              ro code   0x800'1514         2     0x4  startup_stm32f407xx.o [3]
  .text              ro code   0x800'1518         2     0x4  startup_stm32f407xx.o [3]
  .text              ro code   0x800'151c         2     0x4  startup_stm32f407xx.o [3]
  .text              ro code   0x800'1520         2     0x4  startup_stm32f407xx.o [3]
  .text              ro code   0x800'1524         2     0x4  startup_stm32f407xx.o [3]
  .text              ro code   0x800'1528         2     0x4  startup_stm32f407xx.o [3]
  .text              ro code   0x800'152c         2     0x4  startup_stm32f407xx.o [3]
  .text              ro code   0x800'1530         2     0x4  startup_stm32f407xx.o [3]
  .text              ro code   0x800'1534         2     0x4  startup_stm32f407xx.o [3]
  .text              ro code   0x800'1538         2     0x4  startup_stm32f407xx.o [3]
  .text              ro code   0x800'153c         2     0x4  startup_stm32f407xx.o [3]
  .text              ro code   0x800'1540         2     0x4  startup_stm32f407xx.o [3]
  .rodata            const     0x800'1544               0x0  zero_init3.o [9]
  .rodata            const     0x800'1544               0x0  copy_init3.o [9]
                             - 0x800'1544            0x13bc

"P2", part 1 of 3:                                     0x1c
  P2-1                        0x2000'0000         4    0x19  <Init block>
    .data            inited   0x2000'0000         4     0xc  stm32f4xx_hal.o [4]
    .data            inited   0x2000'000c         4     0x4  system_stm32f4xx.o [1]
    .data            inited   0x2000'0010         4     0x8  XShttio.o [7]
    .data            inited   0x2000'0018               0x1  uc1698u.o [6]
                            - 0x2000'0019              0x19

"P2", part 2 of 3:                                    0x188
  .bss               zero     0x2000'001c         4   0x12c  main.o [2]
  .bss               zero     0x2000'0148         4    0x50  fsmc.o [2]
  .bss               zero     0x2000'0198         4     0x8  crc.o [2]
  .bss               zero     0x2000'01a0         4     0x4  fsmc.o [2]
                            - 0x2000'01a4             0x188

"P2", part 3 of 3:                                    0x400
  CSTACK                      0x2000'01a8         8   0x400  <Block>
    CSTACK           uninit   0x2000'01a8             0x400  <Block tail>
                            - 0x2000'05a8             0x400

Unused ranges:

         From           To      Size
         ----           --      ----
   0x800'1544   0x80f'ffff  0xf'eabc
  0x2000'01a4  0x2000'01a7       0x4
  0x2000'05a8  0x2001'ffff  0x1'fa58


*******************************************************************************
*** INIT TABLE
***

          Address      Size
          -------      ----
Zero (__iar_zero_init3)
    1 destination range, total size 0x188:
          0x2000'001c  0x188

Copy (__iar_copy_init3)
    1 source range, total size 0x1c (112% of destination):
           0x800'13a0   0x1c
    1 destination range, total size 0x19:
          0x2000'0000   0x19



*******************************************************************************
*** MODULE SUMMARY
***

    Module                  ro code  ro data  rw data
    ------                  -------  -------  -------
command line/config:
    -------------------------------------------------
    Total:

E:\Microcontroller\stm32\uc1698u_160x160_F407\EWARM\F407_FSMC_2\Obj\CMSIS_6603591812247902717.dir: [1]
    system_stm32f4xx.o           16        4        4
    -------------------------------------------------
    Total:                       16        4        4

E:\Microcontroller\stm32\uc1698u_160x160_F407\EWARM\F407_FSMC_2\Obj\Core_13247989168731456611.dir: [2]
    crc.o                        80                 8
    fsmc.o                      240                84
    gpio.o                      132
    main.o                    1'740               300
    stm32f4xx_hal_msp.o          56
    stm32f4xx_it.o               20
    -------------------------------------------------
    Total:                    2'268               392

E:\Microcontroller\stm32\uc1698u_160x160_F407\EWARM\F407_FSMC_2\Obj\EWARM_18443280873093131863.dir: [3]
    startup_stm32f407xx.o       732
    -------------------------------------------------
    Total:                      732

E:\Microcontroller\stm32\uc1698u_160x160_F407\EWARM\F407_FSMC_2\Obj\STM32F4xx_HAL_Driver_1244631019742807970.dir: [4]
    stm32f4xx_hal.o             200       12       12
    stm32f4xx_hal_cortex.o      156
    stm32f4xx_hal_crc.o          32
    stm32f4xx_hal_gpio.o        492
    stm32f4xx_hal_sram.o         90
    stm32f4xx_ll_fsmc.o         228
    stm32f4xx_ll_gpio.o         276
    stm32f4xx_ll_utils.o         12
    -------------------------------------------------
    Total:                    1'486       12       12

E:\Microcontroller\stm32\uc1698u_160x160_F407\EWARM\F407_FSMC_2\Obj\u8g2_2410607877290784044.dir: [5]
    -------------------------------------------------
    Total:

E:\Microcontroller\stm32\uc1698u_160x160_F407\EWARM\F407_FSMC_2\Obj\uc1698u_4896478760023267370.dir: [6]
    uc1698u.o                   368        1        1
    -------------------------------------------------
    Total:                      368        1        1

dl7M_tlf.a: [7]
    XShttio.o                     8        8        8
    exit.o                        4
    low_level_init.o              4
    -------------------------------------------------
    Total:                       16        8        8

m7M_tls.a: [8]
    fmaxf.o                      44
    fpinit_M.o                   34
    sqrtf.o                      30
    -------------------------------------------------
    Total:                      108

rt7M_tl.a: [9]
    ABImemset.o                 102
    cexit.o                      10
    cmain.o                      30
    copy_init3.o                 42
    cstartup_M.o                 28
    data_init.o                  42
    zero_init3.o                 56
    -------------------------------------------------
    Total:                      310

shb_l.a: [10]
    exit.o                       20
    iarttio.o                    44
    -------------------------------------------------
    Total:                       64

    Gaps                         10        2
    Linker created                        39    1'024
-----------------------------------------------------
    Grand Total:              5'378       66    1'441


*******************************************************************************
*** ENTRY LIST
***

Entry                       Address   Size  Type      Object
-----                       -------   ----  ----      ------
.iar.init_table$$Base    0x800'1318          --   Gb  - Linker created -
.iar.init_table$$Limit   0x800'133c          --   Gb  - Linker created -
?main                    0x800'133d         Code  ??  cmain.o [9]
ADC_IRQHandler           0x800'1449         Code  Wk  startup_stm32f407xx.o [3]
BusFault_Handler         0x800'13c3    0x2  Code  ??  stm32f4xx_it.o [2]
CAN1_RX0_IRQHandler      0x800'1451         Code  Wk  startup_stm32f407xx.o [3]
CAN1_RX1_IRQHandler      0x800'1455         Code  Wk  startup_stm32f407xx.o [3]
CAN1_SCE_IRQHandler      0x800'1459         Code  Wk  startup_stm32f407xx.o [3]
CAN1_TX_IRQHandler       0x800'144d         Code  Wk  startup_stm32f407xx.o [3]
CAN2_RX0_IRQHandler      0x800'1501         Code  Wk  startup_stm32f407xx.o [3]
CAN2_RX1_IRQHandler      0x800'1505         Code  Wk  startup_stm32f407xx.o [3]
CAN2_SCE_IRQHandler      0x800'1509         Code  Wk  startup_stm32f407xx.o [3]
CAN2_TX_IRQHandler       0x800'14fd         Code  Wk  startup_stm32f407xx.o [3]
CSTACK$$Base            0x2000'01a8          --   Gb  - Linker created -
CSTACK$$Limit           0x2000'05a8          --   ??  - Linker created -
Contrast_level          0x2000'0018    0x1  Data  ??  uc1698u.o [6]
DCMI_IRQHandler          0x800'1539         Code  Wk  startup_stm32f407xx.o [3]
DMA1_Stream0_IRQHandler
                         0x800'142d         Code  Wk  startup_stm32f407xx.o [3]
DMA1_Stream1_IRQHandler
                         0x800'1431         Code  Wk  startup_stm32f407xx.o [3]
DMA1_Stream2_IRQHandler
                         0x800'1435         Code  Wk  startup_stm32f407xx.o [3]
DMA1_Stream3_IRQHandler
                         0x800'1439         Code  Wk  startup_stm32f407xx.o [3]
DMA1_Stream4_IRQHandler
                         0x800'143d         Code  Wk  startup_stm32f407xx.o [3]
DMA1_Stream5_IRQHandler
                         0x800'1441         Code  Wk  startup_stm32f407xx.o [3]
DMA1_Stream6_IRQHandler
                         0x800'1445         Code  Wk  startup_stm32f407xx.o [3]
DMA1_Stream7_IRQHandler
                         0x800'14bd         Code  Wk  startup_stm32f407xx.o [3]
DMA2_Stream0_IRQHandler
                         0x800'14e1         Code  Wk  startup_stm32f407xx.o [3]
DMA2_Stream1_IRQHandler
                         0x800'14e5         Code  Wk  startup_stm32f407xx.o [3]
DMA2_Stream2_IRQHandler
                         0x800'14e9         Code  Wk  startup_stm32f407xx.o [3]
DMA2_Stream3_IRQHandler
                         0x800'14ed         Code  Wk  startup_stm32f407xx.o [3]
DMA2_Stream4_IRQHandler
                         0x800'14f1         Code  Wk  startup_stm32f407xx.o [3]
DMA2_Stream5_IRQHandler
                         0x800'1511         Code  Wk  startup_stm32f407xx.o [3]
DMA2_Stream6_IRQHandler
                         0x800'1515         Code  Wk  startup_stm32f407xx.o [3]
DMA2_Stream7_IRQHandler
                         0x800'1519         Code  Wk  startup_stm32f407xx.o [3]
DebugMon_Handler         0x800'13c9    0x2  Code  ??  stm32f4xx_it.o [2]
Display_DrawSquare::old_size
                        0x2000'0120   0x28  Data  Lc  main.o [2]
Display_DrawSquare::old_x
                        0x2000'00d0   0x28  Data  Lc  main.o [2]
Display_DrawSquare::old_y
                        0x2000'00f8   0x28  Data  Lc  main.o [2]
ETH_IRQHandler           0x800'14f5         Code  Wk  startup_stm32f407xx.o [3]
ETH_WKUP_IRQHandler      0x800'14f9         Code  Wk  startup_stm32f407xx.o [3]
EXTI0_IRQHandler         0x800'1419         Code  Wk  startup_stm32f407xx.o [3]
EXTI15_10_IRQHandler     0x800'14a1         Code  Wk  startup_stm32f407xx.o [3]
EXTI1_IRQHandler         0x800'141d         Code  Wk  startup_stm32f407xx.o [3]
EXTI2_IRQHandler         0x800'1421         Code  Wk  startup_stm32f407xx.o [3]
EXTI3_IRQHandler         0x800'1425         Code  Wk  startup_stm32f407xx.o [3]
EXTI4_IRQHandler         0x800'1429         Code  Wk  startup_stm32f407xx.o [3]
EXTI9_5_IRQHandler       0x800'145d         Code  Wk  startup_stm32f407xx.o [3]
Error_Handler            0x800'0851    0x4  Code  ??  main.o [2]
FLASH_IRQHandler         0x800'1411         Code  Wk  startup_stm32f407xx.o [3]
FPU_IRQHandler           0x800'1541         Code  Wk  startup_stm32f407xx.o [3]
FSMC_IRQHandler          0x800'14c1         Code  Wk  startup_stm32f407xx.o [3]
FSMC_Initialized        0x2000'01a0    0x4  Data  Lc  fsmc.o [2]
FSMC_NORSRAM_Extended_Timing_Init
                         0x800'1211   0x42  Code  ??  stm32f4xx_ll_fsmc.o [4]
FSMC_NORSRAM_Init        0x800'1179   0x62  Code  ??  stm32f4xx_ll_fsmc.o [4]
FSMC_NORSRAM_Timing_Init
                         0x800'11db   0x36  Code  ??  stm32f4xx_ll_fsmc.o [4]
HAL_CRC_Init             0x800'1159   0x20  Code  ??  stm32f4xx_hal_crc.o [4]
HAL_CRC_MspInit          0x800'0a2b   0x26  Code  ??  crc.o [2]
HAL_Delay                0x800'0bcd   0x2c  Code  Wk  stm32f4xx_hal.o [4]
HAL_GPIO_Init            0x800'0f6d  0x1be  Code  ??  stm32f4xx_hal_gpio.o [4]
HAL_GetTick              0x800'0855    0xc  Code  Wk  stm32f4xx_hal.o [4]
HAL_IncTick              0x800'13d1   0x10  Code  Wk  stm32f4xx_hal.o [4]
HAL_Init                 0x800'0861   0x34  Code  ??  stm32f4xx_hal.o [4]
HAL_InitTick             0x800'0c79   0x48  Code  Wk  stm32f4xx_hal.o [4]
HAL_MspInit              0x800'0d5d   0x38  Code  ??  stm32f4xx_hal_msp.o [2]
HAL_NVIC_SetPriority     0x800'0cd5   0x52  Code  ??  stm32f4xx_hal_cortex.o [4]
HAL_NVIC_SetPriorityGrouping
                         0x800'0cc1   0x14  Code  ??  stm32f4xx_hal_cortex.o [4]
HAL_SRAM_Init            0x800'0f11   0x5a  Code  ??  stm32f4xx_hal_sram.o [4]
HAL_SRAM_MspInit         0x800'0989   0x6e  Code  ??  fsmc.o [2]
HAL_SYSTICK_Config       0x800'0d29   0x22  Code  ??  stm32f4xx_hal_cortex.o [4]
HASH_RNG_IRQHandler      0x800'153d         Code  Wk  startup_stm32f407xx.o [3]
HardFault_Handler        0x800'13bf    0x2  Code  ??  stm32f4xx_it.o [2]
I2C1_ER_IRQHandler       0x800'1481         Code  Wk  startup_stm32f407xx.o [3]
I2C1_EV_IRQHandler       0x800'147d         Code  Wk  startup_stm32f407xx.o [3]
I2C2_ER_IRQHandler       0x800'1489         Code  Wk  startup_stm32f407xx.o [3]
I2C2_EV_IRQHandler       0x800'1485         Code  Wk  startup_stm32f407xx.o [3]
I2C3_ER_IRQHandler       0x800'1525         Code  Wk  startup_stm32f407xx.o [3]
I2C3_EV_IRQHandler       0x800'1521         Code  Wk  startup_stm32f407xx.o [3]
LL_GPIO_Init             0x800'0dfd  0x114  Code  ??  stm32f4xx_ll_gpio.o [4]
LL_SetSystemCoreClock    0x800'0c6d    0x6  Code  ??  stm32f4xx_ll_utils.o [4]
MX_CRC_Init              0x800'0a0d   0x1e  Code  ??  crc.o [2]
MX_FSMC_Init             0x800'091d   0x6c  Code  ??  fsmc.o [2]
MX_GPIO_Init             0x800'0899   0x84  Code  ??  gpio.o [2]
MemManage_Handler        0x800'13c1    0x2  Code  ??  stm32f4xx_it.o [2]
NMI_Handler              0x800'13bd    0x2  Code  ??  stm32f4xx_it.o [2]
OTG_FS_IRQHandler        0x800'150d         Code  Wk  startup_stm32f407xx.o [3]
OTG_FS_WKUP_IRQHandler   0x800'14a9         Code  Wk  startup_stm32f407xx.o [3]
OTG_HS_EP1_IN_IRQHandler
                         0x800'152d         Code  Wk  startup_stm32f407xx.o [3]
OTG_HS_EP1_OUT_IRQHandler
                         0x800'1529         Code  Wk  startup_stm32f407xx.o [3]
OTG_HS_IRQHandler        0x800'1535         Code  Wk  startup_stm32f407xx.o [3]
OTG_HS_WKUP_IRQHandler   0x800'1531         Code  Wk  startup_stm32f407xx.o [3]
PVD_IRQHandler           0x800'1405         Code  Wk  startup_stm32f407xx.o [3]
PendSV_Handler           0x800'13cb    0x2  Code  ??  stm32f4xx_it.o [2]
RCC_IRQHandler           0x800'1415         Code  Wk  startup_stm32f407xx.o [3]
RTC_Alarm_IRQHandler     0x800'14a5         Code  Wk  startup_stm32f407xx.o [3]
RTC_WKUP_IRQHandler      0x800'140d         Code  Wk  startup_stm32f407xx.o [3]
Region$$Table$$Base      0x800'1318          --   ??  - Linker created -
Region$$Table$$Limit     0x800'133c          --   ??  - Linker created -
Reset_Handler            0x800'13e1         Code  Wk  startup_stm32f407xx.o [3]
SDIO_IRQHandler          0x800'14c5         Code  Wk  startup_stm32f407xx.o [3]
SPI1_IRQHandler          0x800'148d         Code  Wk  startup_stm32f407xx.o [3]
SPI2_IRQHandler          0x800'1491         Code  Wk  startup_stm32f407xx.o [3]
SPI3_IRQHandler          0x800'14cd         Code  Wk  startup_stm32f407xx.o [3]
SVC_Handler              0x800'13c7    0x2  Code  ??  stm32f4xx_it.o [2]
Set_window               0x800'0b61   0x5a  Code  ??  uc1698u.o [6]
SysTick_Handler          0x800'13cd    0x4  Code  ??  stm32f4xx_it.o [2]
SystemClock_Config       0x800'0745   0xa4  Code  ??  main.o [2]
SystemCoreClock         0x2000'000c    0x4  Data  ??  system_stm32f4xx.o [1]
SystemInit               0x800'13f1    0xc  Code  ??  system_stm32f4xx.o [1]
TAMP_STAMP_IRQHandler    0x800'1409         Code  Wk  startup_stm32f407xx.o [3]
TIM1_BRK_TIM9_IRQHandler
                         0x800'1461         Code  Wk  startup_stm32f407xx.o [3]
TIM1_CC_IRQHandler       0x800'146d         Code  Wk  startup_stm32f407xx.o [3]
TIM1_TRG_COM_TIM11_IRQHandler
                         0x800'1469         Code  Wk  startup_stm32f407xx.o [3]
TIM1_UP_TIM10_IRQHandler
                         0x800'1465         Code  Wk  startup_stm32f407xx.o [3]
TIM2_IRQHandler          0x800'1471         Code  Wk  startup_stm32f407xx.o [3]
TIM3_IRQHandler          0x800'1475         Code  Wk  startup_stm32f407xx.o [3]
TIM4_IRQHandler          0x800'1479         Code  Wk  startup_stm32f407xx.o [3]
TIM5_IRQHandler          0x800'14c9         Code  Wk  startup_stm32f407xx.o [3]
TIM6_DAC_IRQHandler      0x800'14d9         Code  Wk  startup_stm32f407xx.o [3]
TIM7_IRQHandler          0x800'14dd         Code  Wk  startup_stm32f407xx.o [3]
TIM8_BRK_TIM12_IRQHandler
                         0x800'14ad         Code  Wk  startup_stm32f407xx.o [3]
TIM8_CC_IRQHandler       0x800'14b9         Code  Wk  startup_stm32f407xx.o [3]
TIM8_TRG_COM_TIM14_IRQHandler
                         0x800'14b5         Code  Wk  startup_stm32f407xx.o [3]
TIM8_UP_TIM13_IRQHandler
                         0x800'14b1         Code  Wk  startup_stm32f407xx.o [3]
UART4_IRQHandler         0x800'14d1         Code  Wk  startup_stm32f407xx.o [3]
UART5_IRQHandler         0x800'14d5         Code  Wk  startup_stm32f407xx.o [3]
USART1_IRQHandler        0x800'1495         Code  Wk  startup_stm32f407xx.o [3]
USART2_IRQHandler        0x800'1499         Code  Wk  startup_stm32f407xx.o [3]
USART3_IRQHandler        0x800'149d         Code  Wk  startup_stm32f407xx.o [3]
USART6_IRQHandler        0x800'151d         Code  Wk  startup_stm32f407xx.o [3]
UsageFault_Handler       0x800'13c5    0x2  Code  ??  stm32f4xx_it.o [2]
WWDG_IRQHandler          0x800'1401         Code  Wk  startup_stm32f407xx.o [3]
__aeabi_memset           0x800'0d95         Code  ??  ABImemset.o [9]
__cmain                  0x800'133d         Code  ??  cmain.o [9]
__exit                   0x800'1371   0x14  Code  ??  exit.o [10]
__iar_Memset             0x800'0d95         Code  ??  ABImemset.o [9]
__iar_Memset_word        0x800'0d9d         Code  ??  ABImemset.o [9]
__iar_close_ttio         0x800'1295   0x2c  Code  ??  iarttio.o [10]
__iar_copy_init3         0x800'0c17   0x2a  Code  ??  copy_init3.o [9]
__iar_data_init3         0x800'12c9   0x18  Code  ??  data_init.o [9]
__iar_fmax32             0x800'0c41         Code  ??  fmaxf.o [8]
__iar_init_vfp           0x800'12f5         Code  ??  fpinit_M.o [8]
__iar_lookup_ttioh       0x800'12c1    0x8  Code  ??  XShttio.o [7]
__iar_program_start      0x800'1385         Code  ??  cstartup_M.o [9]
__iar_sqrt32             0x800'0bf9         Code  ??  sqrtf.o [8]
__iar_ttio_handles      0x2000'0010    0x8  Data  Lc  XShttio.o [7]
__iar_zero_init3         0x800'125d   0x38  Code  ??  zero_init3.o [9]
__low_level_init         0x800'135b    0x4  Code  ??  low_level_init.o [7]
__vector_table           0x800'0000         Data  ??  startup_stm32f407xx.o [3]
_call_main               0x800'1349         Code  ??  cmain.o [9]
_exit                    0x800'1365         Code  ??  cexit.o [9]
exit                     0x800'135f    0x4  Code  ??  exit.o [7]
fmaxf                    0x800'0c41         Code  ??  fmaxf.o [8]
hcrc                    0x2000'0198    0x8  Data  ??  crc.o [2]
hsram1                  0x2000'0148   0x50  Data  ??  fsmc.o [2]
init                     0x800'0a6d   0xf4  Code  ??  uc1698u.o [6]
init_sprites             0x800'0191  0x150  Code  ??  main.o [2]
main                     0x800'02f1  0x44e  Code  ??  main.o [2]
millis                   0x800'0189    0x4  Code  Lc  main.o [2]
s                       0x2000'001c   0xb4  Data  ??  main.o [2]
sqrtf                    0x800'0bf9         Code  ??  sqrtf.o [8]
uwTick                  0x2000'0004    0x4  Data  ??  stm32f4xx_hal.o [4]
uwTickFreq              0x2000'0000    0x1  Data  ??  stm32f4xx_hal.o [4]
uwTickPrio              0x2000'0008    0x4  Data  ??  stm32f4xx_hal.o [4]
write_com                0x800'0a5d    0x8  Code  ??  uc1698u.o [6]
write_data               0x800'0a65    0x8  Code  ??  uc1698u.o [6]


[1] = E:\Microcontroller\stm32\uc1698u_160x160_F407\EWARM\F407_FSMC_2\Obj\CMSIS_6603591812247902717.dir
[2] = E:\Microcontroller\stm32\uc1698u_160x160_F407\EWARM\F407_FSMC_2\Obj\Core_13247989168731456611.dir
[3] = E:\Microcontroller\stm32\uc1698u_160x160_F407\EWARM\F407_FSMC_2\Obj\EWARM_18443280873093131863.dir
[4] = E:\Microcontroller\stm32\uc1698u_160x160_F407\EWARM\F407_FSMC_2\Obj\STM32F4xx_HAL_Driver_1244631019742807970.dir
[5] = E:\Microcontroller\stm32\uc1698u_160x160_F407\EWARM\F407_FSMC_2\Obj\u8g2_2410607877290784044.dir
[6] = E:\Microcontroller\stm32\uc1698u_160x160_F407\EWARM\F407_FSMC_2\Obj\uc1698u_4896478760023267370.dir
[7] = dl7M_tlf.a
[8] = m7M_tls.a
[9] = rt7M_tl.a
[10] = shb_l.a

  5'378 bytes of readonly  code memory
     66 bytes of readonly  data memory
  1'441 bytes of readwrite data memory

Errors: none
Warnings: none
