###############################################################################
#
# IAR ELF Linker V9.50.1.380/W64 for ARM                  16/Jan/2026  17:17:05
# Copyright 2007-2023 IAR Systems AB.
#
#    Output file  =
#        E:\Microcontroller\stm32\uc1698u_160x160_F407\EWARM\F407_FSMC_2\Exe\F407_FSMC_2.out
#    Map file     =
#        E:\Microcontroller\stm32\uc1698u_160x160_F407\EWARM\F407_FSMC_2\List\F407_FSMC_2.map
#    Command line =
#        -f
#        E:\Microcontroller\stm32\uc1698u_160x160_F407\EWARM\F407_FSMC_2\Exe\F407_FSMC_2.out.rsp
#        (E:\Microcontroller\stm32\uc1698u_160x160_F407\EWARM\F407_FSMC_2\Obj\Core_13247989168731456611.dir\crc.o
#        E:\Microcontroller\stm32\uc1698u_160x160_F407\EWARM\F407_FSMC_2\Obj\Core_13247989168731456611.dir\fsmc.o
#        E:\Microcontroller\stm32\uc1698u_160x160_F407\EWARM\F407_FSMC_2\Obj\Core_13247989168731456611.dir\gpio.o
#        E:\Microcontroller\stm32\uc1698u_160x160_F407\EWARM\F407_FSMC_2\Obj\Core_13247989168731456611.dir\main.o
#        E:\Microcontroller\stm32\uc1698u_160x160_F407\EWARM\F407_FSMC_2\Obj\u8g2_2410607877290784044.dir\mui.o
#        E:\Microcontroller\stm32\uc1698u_160x160_F407\EWARM\F407_FSMC_2\Obj\u8g2_2410607877290784044.dir\mui_u8g2.o
#        E:\Microcontroller\stm32\uc1698u_160x160_F407\EWARM\F407_FSMC_2\Obj\EWARM_18443280873093131863.dir\startup_stm32f407xx.o
#        E:\Microcontroller\stm32\uc1698u_160x160_F407\EWARM\F407_FSMC_2\Obj\STM32F4xx_HAL_Driver_1244631019742807970.dir\stm32f4xx_hal.o
#        E:\Microcontroller\stm32\uc1698u_160x160_F407\EWARM\F407_FSMC_2\Obj\STM32F4xx_HAL_Driver_1244631019742807970.dir\stm32f4xx_hal_cortex.o
#        E:\Microcontroller\stm32\uc1698u_160x160_F407\EWARM\F407_FSMC_2\Obj\STM32F4xx_HAL_Driver_1244631019742807970.dir\stm32f4xx_hal_crc.o
#        E:\Microcontroller\stm32\uc1698u_160x160_F407\EWARM\F407_FSMC_2\Obj\STM32F4xx_HAL_Driver_1244631019742807970.dir\stm32f4xx_hal_dma.o
#        E:\Microcontroller\stm32\uc1698u_160x160_F407\EWARM\F407_FSMC_2\Obj\STM32F4xx_HAL_Driver_1244631019742807970.dir\stm32f4xx_hal_dma_ex.o
#        E:\Microcontroller\stm32\uc1698u_160x160_F407\EWARM\F407_FSMC_2\Obj\STM32F4xx_HAL_Driver_1244631019742807970.dir\stm32f4xx_hal_exti.o
#        E:\Microcontroller\stm32\uc1698u_160x160_F407\EWARM\F407_FSMC_2\Obj\STM32F4xx_HAL_Driver_1244631019742807970.dir\stm32f4xx_hal_flash.o
#        E:\Microcontroller\stm32\uc1698u_160x160_F407\EWARM\F407_FSMC_2\Obj\STM32F4xx_HAL_Driver_1244631019742807970.dir\stm32f4xx_hal_flash_ex.o
#        E:\Microcontroller\stm32\uc1698u_160x160_F407\EWARM\F407_FSMC_2\Obj\STM32F4xx_HAL_Driver_1244631019742807970.dir\stm32f4xx_hal_flash_ramfunc.o
#        E:\Microcontroller\stm32\uc1698u_160x160_F407\EWARM\F407_FSMC_2\Obj\STM32F4xx_HAL_Driver_1244631019742807970.dir\stm32f4xx_hal_gpio.o
#        E:\Microcontroller\stm32\uc1698u_160x160_F407\EWARM\F407_FSMC_2\Obj\Core_13247989168731456611.dir\stm32f4xx_hal_msp.o
#        E:\Microcontroller\stm32\uc1698u_160x160_F407\EWARM\F407_FSMC_2\Obj\STM32F4xx_HAL_Driver_1244631019742807970.dir\stm32f4xx_hal_nand.o
#        E:\Microcontroller\stm32\uc1698u_160x160_F407\EWARM\F407_FSMC_2\Obj\STM32F4xx_HAL_Driver_1244631019742807970.dir\stm32f4xx_hal_nor.o
#        E:\Microcontroller\stm32\uc1698u_160x160_F407\EWARM\F407_FSMC_2\Obj\STM32F4xx_HAL_Driver_1244631019742807970.dir\stm32f4xx_hal_pccard.o
#        E:\Microcontroller\stm32\uc1698u_160x160_F407\EWARM\F407_FSMC_2\Obj\STM32F4xx_HAL_Driver_1244631019742807970.dir\stm32f4xx_hal_pwr.o
#        E:\Microcontroller\stm32\uc1698u_160x160_F407\EWARM\F407_FSMC_2\Obj\STM32F4xx_HAL_Driver_1244631019742807970.dir\stm32f4xx_hal_pwr_ex.o
#        E:\Microcontroller\stm32\uc1698u_160x160_F407\EWARM\F407_FSMC_2\Obj\STM32F4xx_HAL_Driver_1244631019742807970.dir\stm32f4xx_hal_rcc.o
#        E:\Microcontroller\stm32\uc1698u_160x160_F407\EWARM\F407_FSMC_2\Obj\STM32F4xx_HAL_Driver_1244631019742807970.dir\stm32f4xx_hal_rcc_ex.o
#        E:\Microcontroller\stm32\uc1698u_160x160_F407\EWARM\F407_FSMC_2\Obj\STM32F4xx_HAL_Driver_1244631019742807970.dir\stm32f4xx_hal_sram.o
#        E:\Microcontroller\stm32\uc1698u_160x160_F407\EWARM\F407_FSMC_2\Obj\Core_13247989168731456611.dir\stm32f4xx_it.o
#        E:\Microcontroller\stm32\uc1698u_160x160_F407\EWARM\F407_FSMC_2\Obj\STM32F4xx_HAL_Driver_1244631019742807970.dir\stm32f4xx_ll_exti.o
#        E:\Microcontroller\stm32\uc1698u_160x160_F407\EWARM\F407_FSMC_2\Obj\STM32F4xx_HAL_Driver_1244631019742807970.dir\stm32f4xx_ll_fsmc.o
#        E:\Microcontroller\stm32\uc1698u_160x160_F407\EWARM\F407_FSMC_2\Obj\STM32F4xx_HAL_Driver_1244631019742807970.dir\stm32f4xx_ll_gpio.o
#        E:\Microcontroller\stm32\uc1698u_160x160_F407\EWARM\F407_FSMC_2\Obj\STM32F4xx_HAL_Driver_1244631019742807970.dir\stm32f4xx_ll_rcc.o
#        E:\Microcontroller\stm32\uc1698u_160x160_F407\EWARM\F407_FSMC_2\Obj\STM32F4xx_HAL_Driver_1244631019742807970.dir\stm32f4xx_ll_utils.o
#        E:\Microcontroller\stm32\uc1698u_160x160_F407\EWARM\F407_FSMC_2\Obj\CMSIS_6603591812247902717.dir\system_stm32f4xx.o
#        E:\Microcontroller\stm32\uc1698u_160x160_F407\EWARM\F407_FSMC_2\Obj\u8g2_2410607877290784044.dir\u8g2_arc.o
#        E:\Microcontroller\stm32\uc1698u_160x160_F407\EWARM\F407_FSMC_2\Obj\u8g2_2410607877290784044.dir\u8g2_bitmap.o
#        E:\Microcontroller\stm32\uc1698u_160x160_F407\EWARM\F407_FSMC_2\Obj\u8g2_2410607877290784044.dir\u8g2_box.o
#        E:\Microcontroller\stm32\uc1698u_160x160_F407\EWARM\F407_FSMC_2\Obj\u8g2_2410607877290784044.dir\u8g2_buffer.o
#        E:\Microcontroller\stm32\uc1698u_160x160_F407\EWARM\F407_FSMC_2\Obj\u8g2_2410607877290784044.dir\u8g2_button.o
#        E:\Microcontroller\stm32\uc1698u_160x160_F407\EWARM\F407_FSMC_2\Obj\u8g2_2410607877290784044.dir\u8g2_circle.o
#        E:\Microcontroller\stm32\uc1698u_160x160_F407\EWARM\F407_FSMC_2\Obj\u8g2_2410607877290784044.dir\u8g2_cleardisplay.o
#        E:\Microcontroller\stm32\uc1698u_160x160_F407\EWARM\F407_FSMC_2\Obj\u8g2_2410607877290784044.dir\u8g2_d_memory.o
#        E:\Microcontroller\stm32\uc1698u_160x160_F407\EWARM\F407_FSMC_2\Obj\u8g2_2410607877290784044.dir\u8g2_d_setup.o
#        E:\Microcontroller\stm32\uc1698u_160x160_F407\EWARM\F407_FSMC_2\Obj\u8g2_2410607877290784044.dir\u8g2_font.o
#        E:\Microcontroller\stm32\uc1698u_160x160_F407\EWARM\F407_FSMC_2\Obj\u8g2_2410607877290784044.dir\u8g2_fonts.o
#        E:\Microcontroller\stm32\uc1698u_160x160_F407\EWARM\F407_FSMC_2\Obj\u8g2_2410607877290784044.dir\u8g2_hvline.o
#        E:\Microcontroller\stm32\uc1698u_160x160_F407\EWARM\F407_FSMC_2\Obj\u8g2_2410607877290784044.dir\u8g2_input_value.o
#        E:\Microcontroller\stm32\uc1698u_160x160_F407\EWARM\F407_FSMC_2\Obj\u8g2_2410607877290784044.dir\u8g2_intersection.o
#        E:\Microcontroller\stm32\uc1698u_160x160_F407\EWARM\F407_FSMC_2\Obj\u8g2_2410607877290784044.dir\u8g2_kerning.o
#        E:\Microcontroller\stm32\uc1698u_160x160_F407\EWARM\F407_FSMC_2\Obj\u8g2_2410607877290784044.dir\u8g2_line.o
#        E:\Microcontroller\stm32\uc1698u_160x160_F407\EWARM\F407_FSMC_2\Obj\u8g2_2410607877290784044.dir\u8g2_ll_hvline.o
#        E:\Microcontroller\stm32\uc1698u_160x160_F407\EWARM\F407_FSMC_2\Obj\u8g2_2410607877290784044.dir\u8g2_message.o
#        E:\Microcontroller\stm32\uc1698u_160x160_F407\EWARM\F407_FSMC_2\Obj\u8g2_2410607877290784044.dir\u8g2_polygon.o
#        E:\Microcontroller\stm32\uc1698u_160x160_F407\EWARM\F407_FSMC_2\Obj\u8g2_2410607877290784044.dir\u8g2_selection_list.o
#        E:\Microcontroller\stm32\uc1698u_160x160_F407\EWARM\F407_FSMC_2\Obj\u8g2_2410607877290784044.dir\u8g2_setup.o
#        E:\Microcontroller\stm32\uc1698u_160x160_F407\EWARM\F407_FSMC_2\Obj\u8g2_2410607877290784044.dir\u8g_arm.o
#        E:\Microcontroller\stm32\uc1698u_160x160_F407\EWARM\F407_FSMC_2\Obj\u8g2_2410607877290784044.dir\u8log.o
#        E:\Microcontroller\stm32\uc1698u_160x160_F407\EWARM\F407_FSMC_2\Obj\u8g2_2410607877290784044.dir\u8log_u8g2.o
#        E:\Microcontroller\stm32\uc1698u_160x160_F407\EWARM\F407_FSMC_2\Obj\u8g2_2410607877290784044.dir\u8log_u8x8.o
#        E:\Microcontroller\stm32\uc1698u_160x160_F407\EWARM\F407_FSMC_2\Obj\u8g2_2410607877290784044.dir\u8x8_8x8.o
#        E:\Microcontroller\stm32\uc1698u_160x160_F407\EWARM\F407_FSMC_2\Obj\u8g2_2410607877290784044.dir\u8x8_byte.o
#        E:\Microcontroller\stm32\uc1698u_160x160_F407\EWARM\F407_FSMC_2\Obj\u8g2_2410607877290784044.dir\u8x8_cad.o
#        E:\Microcontroller\stm32\uc1698u_160x160_F407\EWARM\F407_FSMC_2\Obj\u8g2_2410607877290784044.dir\u8x8_capture.o
#        E:\Microcontroller\stm32\uc1698u_160x160_F407\EWARM\F407_FSMC_2\Obj\u8g2_2410607877290784044.dir\u8x8_d_a2printer.o
#        E:\Microcontroller\stm32\uc1698u_160x160_F407\EWARM\F407_FSMC_2\Obj\u8g2_2410607877290784044.dir\u8x8_d_ch1120.o
#        E:\Microcontroller\stm32\uc1698u_160x160_F407\EWARM\F407_FSMC_2\Obj\u8g2_2410607877290784044.dir\u8x8_d_gp1247ai.o
#        E:\Microcontroller\stm32\uc1698u_160x160_F407\EWARM\F407_FSMC_2\Obj\u8g2_2410607877290784044.dir\u8x8_d_gp1287ai.o
#        E:\Microcontroller\stm32\uc1698u_160x160_F407\EWARM\F407_FSMC_2\Obj\u8g2_2410607877290784044.dir\u8x8_d_gp1294ai.o
#        E:\Microcontroller\stm32\uc1698u_160x160_F407\EWARM\F407_FSMC_2\Obj\u8g2_2410607877290784044.dir\u8x8_d_gu800.o
#        E:\Microcontroller\stm32\uc1698u_160x160_F407\EWARM\F407_FSMC_2\Obj\u8g2_2410607877290784044.dir\u8x8_d_hd44102.o
#        E:\Microcontroller\stm32\uc1698u_160x160_F407\EWARM\F407_FSMC_2\Obj\u8g2_2410607877290784044.dir\u8x8_d_il3820_296x128.o
#        E:\Microcontroller\stm32\uc1698u_160x160_F407\EWARM\F407_FSMC_2\Obj\u8g2_2410607877290784044.dir\u8x8_d_ist3020.o
#        E:\Microcontroller\stm32\uc1698u_160x160_F407\EWARM\F407_FSMC_2\Obj\u8g2_2410607877290784044.dir\u8x8_d_ist3088.o
#        E:\Microcontroller\stm32\uc1698u_160x160_F407\EWARM\F407_FSMC_2\Obj\u8g2_2410607877290784044.dir\u8x8_d_ist7920.o
#        E:\Microcontroller\stm32\uc1698u_160x160_F407\EWARM\F407_FSMC_2\Obj\u8g2_2410607877290784044.dir\u8x8_d_ks0108.o
#        E:\Microcontroller\stm32\uc1698u_160x160_F407\EWARM\F407_FSMC_2\Obj\u8g2_2410607877290784044.dir\u8x8_d_lc7981.o
#        E:\Microcontroller\stm32\uc1698u_160x160_F407\EWARM\F407_FSMC_2\Obj\u8g2_2410607877290784044.dir\u8x8_d_ld7032_60x32.o
#        E:\Microcontroller\stm32\uc1698u_160x160_F407\EWARM\F407_FSMC_2\Obj\u8g2_2410607877290784044.dir\u8x8_d_ls013b7dh03.o
#        E:\Microcontroller\stm32\uc1698u_160x160_F407\EWARM\F407_FSMC_2\Obj\u8g2_2410607877290784044.dir\u8x8_d_max7219.o
#        E:\Microcontroller\stm32\uc1698u_160x160_F407\EWARM\F407_FSMC_2\Obj\u8g2_2410607877290784044.dir\u8x8_d_pcd8544_84x48.o
#        E:\Microcontroller\stm32\uc1698u_160x160_F407\EWARM\F407_FSMC_2\Obj\u8g2_2410607877290784044.dir\u8x8_d_pcf8812.o
#        E:\Microcontroller\stm32\uc1698u_160x160_F407\EWARM\F407_FSMC_2\Obj\u8g2_2410607877290784044.dir\u8x8_d_pcf8814_hx1230.o
#        E:\Microcontroller\stm32\uc1698u_160x160_F407\EWARM\F407_FSMC_2\Obj\u8g2_2410607877290784044.dir\u8x8_d_s1d15300.o
#        E:\Microcontroller\stm32\uc1698u_160x160_F407\EWARM\F407_FSMC_2\Obj\u8g2_2410607877290784044.dir\u8x8_d_s1d15721.o
#        E:\Microcontroller\stm32\uc1698u_160x160_F407\EWARM\F407_FSMC_2\Obj\u8g2_2410607877290784044.dir\u8x8_d_s1d15e06.o
#        E:\Microcontroller\stm32\uc1698u_160x160_F407\EWARM\F407_FSMC_2\Obj\u8g2_2410607877290784044.dir\u8x8_d_sbn1661.o
#        E:\Microcontroller\stm32\uc1698u_160x160_F407\EWARM\F407_FSMC_2\Obj\u8g2_2410607877290784044.dir\u8x8_d_sed1330.o
#        E:\Microcontroller\stm32\uc1698u_160x160_F407\EWARM\F407_FSMC_2\Obj\u8g2_2410607877290784044.dir\u8x8_d_sh1106_64x32.o
#        E:\Microcontroller\stm32\uc1698u_160x160_F407\EWARM\F407_FSMC_2\Obj\u8g2_2410607877290784044.dir\u8x8_d_sh1106_72x40.o
#        E:\Microcontroller\stm32\uc1698u_160x160_F407\EWARM\F407_FSMC_2\Obj\u8g2_2410607877290784044.dir\u8x8_d_sh1107.o
#        E:\Microcontroller\stm32\uc1698u_160x160_F407\EWARM\F407_FSMC_2\Obj\u8g2_2410607877290784044.dir\u8x8_d_sh1108.o
#        E:\Microcontroller\stm32\uc1698u_160x160_F407\EWARM\F407_FSMC_2\Obj\u8g2_2410607877290784044.dir\u8x8_d_sh1122.o
#        E:\Microcontroller\stm32\uc1698u_160x160_F407\EWARM\F407_FSMC_2\Obj\u8g2_2410607877290784044.dir\u8x8_d_ssd1305.o
#        E:\Microcontroller\stm32\uc1698u_160x160_F407\EWARM\F407_FSMC_2\Obj\u8g2_2410607877290784044.dir\u8x8_d_ssd1306_128x32.o
#        E:\Microcontroller\stm32\uc1698u_160x160_F407\EWARM\F407_FSMC_2\Obj\u8g2_2410607877290784044.dir\u8x8_d_ssd1306_128x64_noname.o
#        E:\Microcontroller\stm32\uc1698u_160x160_F407\EWARM\F407_FSMC_2\Obj\u8g2_2410607877290784044.dir\u8x8_d_ssd1306_2040x16.o
#        E:\Microcontroller\stm32\uc1698u_160x160_F407\EWARM\F407_FSMC_2\Obj\u8g2_2410607877290784044.dir\u8x8_d_ssd1306_48x64.o
#        E:\Microcontroller\stm32\uc1698u_160x160_F407\EWARM\F407_FSMC_2\Obj\u8g2_2410607877290784044.dir\u8x8_d_ssd1306_64x32.o
#        E:\Microcontroller\stm32\uc1698u_160x160_F407\EWARM\F407_FSMC_2\Obj\u8g2_2410607877290784044.dir\u8x8_d_ssd1306_64x48.o
#        E:\Microcontroller\stm32\uc1698u_160x160_F407\EWARM\F407_FSMC_2\Obj\u8g2_2410607877290784044.dir\u8x8_d_ssd1306_72x40.o
#        E:\Microcontroller\stm32\uc1698u_160x160_F407\EWARM\F407_FSMC_2\Obj\u8g2_2410607877290784044.dir\u8x8_d_ssd1306_96x16.o
#        E:\Microcontroller\stm32\uc1698u_160x160_F407\EWARM\F407_FSMC_2\Obj\u8g2_2410607877290784044.dir\u8x8_d_ssd1306_96x40.o
#        E:\Microcontroller\stm32\uc1698u_160x160_F407\EWARM\F407_FSMC_2\Obj\u8g2_2410607877290784044.dir\u8x8_d_ssd1309.o
#        E:\Microcontroller\stm32\uc1698u_160x160_F407\EWARM\F407_FSMC_2\Obj\u8g2_2410607877290784044.dir\u8x8_d_ssd1312.o
#        E:\Microcontroller\stm32\uc1698u_160x160_F407\EWARM\F407_FSMC_2\Obj\u8g2_2410607877290784044.dir\u8x8_d_ssd1315_128x64_noname.o
#        E:\Microcontroller\stm32\uc1698u_160x160_F407\EWARM\F407_FSMC_2\Obj\u8g2_2410607877290784044.dir\u8x8_d_ssd1316.o
#        E:\Microcontroller\stm32\uc1698u_160x160_F407\EWARM\F407_FSMC_2\Obj\u8g2_2410607877290784044.dir\u8x8_d_ssd1317.o
#        E:\Microcontroller\stm32\uc1698u_160x160_F407\EWARM\F407_FSMC_2\Obj\u8g2_2410607877290784044.dir\u8x8_d_ssd1318.o
#        E:\Microcontroller\stm32\uc1698u_160x160_F407\EWARM\F407_FSMC_2\Obj\u8g2_2410607877290784044.dir\u8x8_d_ssd1320.o
#        E:\Microcontroller\stm32\uc1698u_160x160_F407\EWARM\F407_FSMC_2\Obj\u8g2_2410607877290784044.dir\u8x8_d_ssd1322.o
#        E:\Microcontroller\stm32\uc1698u_160x160_F407\EWARM\F407_FSMC_2\Obj\u8g2_2410607877290784044.dir\u8x8_d_ssd1325.o
#        E:\Microcontroller\stm32\uc1698u_160x160_F407\EWARM\F407_FSMC_2\Obj\u8g2_2410607877290784044.dir\u8x8_d_ssd1326.o
#        E:\Microcontroller\stm32\uc1698u_160x160_F407\EWARM\F407_FSMC_2\Obj\u8g2_2410607877290784044.dir\u8x8_d_ssd1327.o
#        E:\Microcontroller\stm32\uc1698u_160x160_F407\EWARM\F407_FSMC_2\Obj\u8g2_2410607877290784044.dir\u8x8_d_ssd1329.o
#        E:\Microcontroller\stm32\uc1698u_160x160_F407\EWARM\F407_FSMC_2\Obj\u8g2_2410607877290784044.dir\u8x8_d_ssd1362.o
#        E:\Microcontroller\stm32\uc1698u_160x160_F407\EWARM\F407_FSMC_2\Obj\u8g2_2410607877290784044.dir\u8x8_d_ssd1363.o
#        E:\Microcontroller\stm32\uc1698u_160x160_F407\EWARM\F407_FSMC_2\Obj\u8g2_2410607877290784044.dir\u8x8_d_ssd1606_172x72.o
#        E:\Microcontroller\stm32\uc1698u_160x160_F407\EWARM\F407_FSMC_2\Obj\u8g2_2410607877290784044.dir\u8x8_d_ssd1607_200x200.o
#        E:\Microcontroller\stm32\uc1698u_160x160_F407\EWARM\F407_FSMC_2\Obj\u8g2_2410607877290784044.dir\u8x8_d_st7302.o
#        E:\Microcontroller\stm32\uc1698u_160x160_F407\EWARM\F407_FSMC_2\Obj\u8g2_2410607877290784044.dir\u8x8_d_st7305.o
#        E:\Microcontroller\stm32\uc1698u_160x160_F407\EWARM\F407_FSMC_2\Obj\u8g2_2410607877290784044.dir\u8x8_d_st7511.o
#        E:\Microcontroller\stm32\uc1698u_160x160_F407\EWARM\F407_FSMC_2\Obj\u8g2_2410607877290784044.dir\u8x8_d_st75160.o
#        E:\Microcontroller\stm32\uc1698u_160x160_F407\EWARM\F407_FSMC_2\Obj\u8g2_2410607877290784044.dir\u8x8_d_st75161.o
#        E:\Microcontroller\stm32\uc1698u_160x160_F407\EWARM\F407_FSMC_2\Obj\u8g2_2410607877290784044.dir\u8x8_d_st75256.o
#        E:\Microcontroller\stm32\uc1698u_160x160_F407\EWARM\F407_FSMC_2\Obj\u8g2_2410607877290784044.dir\u8x8_d_st7528.o
#        E:\Microcontroller\stm32\uc1698u_160x160_F407\EWARM\F407_FSMC_2\Obj\u8g2_2410607877290784044.dir\u8x8_d_st75320.o
#        E:\Microcontroller\stm32\uc1698u_160x160_F407\EWARM\F407_FSMC_2\Obj\u8g2_2410607877290784044.dir\u8x8_d_st7539.o
#        E:\Microcontroller\stm32\uc1698u_160x160_F407\EWARM\F407_FSMC_2\Obj\u8g2_2410607877290784044.dir\u8x8_d_st7565.o
#        E:\Microcontroller\stm32\uc1698u_160x160_F407\EWARM\F407_FSMC_2\Obj\u8g2_2410607877290784044.dir\u8x8_d_st7567.o
#        E:\Microcontroller\stm32\uc1698u_160x160_F407\EWARM\F407_FSMC_2\Obj\u8g2_2410607877290784044.dir\u8x8_d_st7571.o
#        E:\Microcontroller\stm32\uc1698u_160x160_F407\EWARM\F407_FSMC_2\Obj\u8g2_2410607877290784044.dir\u8x8_d_st7586s_erc240160.o
#        E:\Microcontroller\stm32\uc1698u_160x160_F407\EWARM\F407_FSMC_2\Obj\u8g2_2410607877290784044.dir\u8x8_d_st7586s_jlx320160.o
#        E:\Microcontroller\stm32\uc1698u_160x160_F407\EWARM\F407_FSMC_2\Obj\u8g2_2410607877290784044.dir\u8x8_d_st7586s_jlx384160.o
#        E:\Microcontroller\stm32\uc1698u_160x160_F407\EWARM\F407_FSMC_2\Obj\u8g2_2410607877290784044.dir\u8x8_d_st7586s_md240128.o
#        E:\Microcontroller\stm32\uc1698u_160x160_F407\EWARM\F407_FSMC_2\Obj\u8g2_2410607877290784044.dir\u8x8_d_st7586s_s028hn118a.o
#        E:\Microcontroller\stm32\uc1698u_160x160_F407\EWARM\F407_FSMC_2\Obj\u8g2_2410607877290784044.dir\u8x8_d_st7586s_ymc240160.o
#        E:\Microcontroller\stm32\uc1698u_160x160_F407\EWARM\F407_FSMC_2\Obj\u8g2_2410607877290784044.dir\u8x8_d_st7588.o
#        E:\Microcontroller\stm32\uc1698u_160x160_F407\EWARM\F407_FSMC_2\Obj\u8g2_2410607877290784044.dir\u8x8_d_st7920.o
#        E:\Microcontroller\stm32\uc1698u_160x160_F407\EWARM\F407_FSMC_2\Obj\u8g2_2410607877290784044.dir\u8x8_d_stdio.o
#        E:\Microcontroller\stm32\uc1698u_160x160_F407\EWARM\F407_FSMC_2\Obj\u8g2_2410607877290784044.dir\u8x8_d_t6963.o
#        E:\Microcontroller\stm32\uc1698u_160x160_F407\EWARM\F407_FSMC_2\Obj\u8g2_2410607877290784044.dir\u8x8_d_uc1601.o
#        E:\Microcontroller\stm32\uc1698u_160x160_F407\EWARM\F407_FSMC_2\Obj\u8g2_2410607877290784044.dir\u8x8_d_uc1604.o
#        E:\Microcontroller\stm32\uc1698u_160x160_F407\EWARM\F407_FSMC_2\Obj\u8g2_2410607877290784044.dir\u8x8_d_uc1608.o
#        E:\Microcontroller\stm32\uc1698u_160x160_F407\EWARM\F407_FSMC_2\Obj\u8g2_2410607877290784044.dir\u8x8_d_uc1609.o
#        E:\Microcontroller\stm32\uc1698u_160x160_F407\EWARM\F407_FSMC_2\Obj\u8g2_2410607877290784044.dir\u8x8_d_uc1610.o
#        E:\Microcontroller\stm32\uc1698u_160x160_F407\EWARM\F407_FSMC_2\Obj\u8g2_2410607877290784044.dir\u8x8_d_uc1611.o
#        E:\Microcontroller\stm32\uc1698u_160x160_F407\EWARM\F407_FSMC_2\Obj\u8g2_2410607877290784044.dir\u8x8_d_uc1617.o
#        E:\Microcontroller\stm32\uc1698u_160x160_F407\EWARM\F407_FSMC_2\Obj\u8g2_2410607877290784044.dir\u8x8_d_uc1628.o
#        E:\Microcontroller\stm32\uc1698u_160x160_F407\EWARM\F407_FSMC_2\Obj\u8g2_2410607877290784044.dir\u8x8_d_uc1638.o
#        E:\Microcontroller\stm32\uc1698u_160x160_F407\EWARM\F407_FSMC_2\Obj\u8g2_2410607877290784044.dir\u8x8_d_uc1698.o
#        E:\Microcontroller\stm32\uc1698u_160x160_F407\EWARM\F407_FSMC_2\Obj\u8g2_2410607877290784044.dir\u8x8_d_uc1701_dogs102.o
#        E:\Microcontroller\stm32\uc1698u_160x160_F407\EWARM\F407_FSMC_2\Obj\u8g2_2410607877290784044.dir\u8x8_d_uc1701_mini12864.o
#        E:\Microcontroller\stm32\uc1698u_160x160_F407\EWARM\F407_FSMC_2\Obj\u8g2_2410607877290784044.dir\u8x8_debounce.o
#        E:\Microcontroller\stm32\uc1698u_160x160_F407\EWARM\F407_FSMC_2\Obj\u8g2_2410607877290784044.dir\u8x8_display.o
#        E:\Microcontroller\stm32\uc1698u_160x160_F407\EWARM\F407_FSMC_2\Obj\u8g2_2410607877290784044.dir\u8x8_fonts.o
#        E:\Microcontroller\stm32\uc1698u_160x160_F407\EWARM\F407_FSMC_2\Obj\u8g2_2410607877290784044.dir\u8x8_gpio.o
#        E:\Microcontroller\stm32\uc1698u_160x160_F407\EWARM\F407_FSMC_2\Obj\u8g2_2410607877290784044.dir\u8x8_input_value.o
#        E:\Microcontroller\stm32\uc1698u_160x160_F407\EWARM\F407_FSMC_2\Obj\u8g2_2410607877290784044.dir\u8x8_message.o
#        E:\Microcontroller\stm32\uc1698u_160x160_F407\EWARM\F407_FSMC_2\Obj\u8g2_2410607877290784044.dir\u8x8_selection_list.o
#        E:\Microcontroller\stm32\uc1698u_160x160_F407\EWARM\F407_FSMC_2\Obj\u8g2_2410607877290784044.dir\u8x8_setup.o
#        E:\Microcontroller\stm32\uc1698u_160x160_F407\EWARM\F407_FSMC_2\Obj\u8g2_2410607877290784044.dir\u8x8_string.o
#        E:\Microcontroller\stm32\uc1698u_160x160_F407\EWARM\F407_FSMC_2\Obj\u8g2_2410607877290784044.dir\u8x8_u16toa.o
#        E:\Microcontroller\stm32\uc1698u_160x160_F407\EWARM\F407_FSMC_2\Obj\u8g2_2410607877290784044.dir\u8x8_u8toa.o
#        --no_out_extension -o
#        E:\Microcontroller\stm32\uc1698u_160x160_F407\EWARM\F407_FSMC_2\Exe\F407_FSMC_2.out
#        --redirect _Printf=_PrintfFullNoMb --redirect _Scanf=_ScanfFullNoMb
#        --map
#        E:\Microcontroller\stm32\uc1698u_160x160_F407\EWARM\F407_FSMC_2\List\F407_FSMC_2.map
#        --config
#        E:\Microcontroller\stm32\uc1698u_160x160_F407\EWARM/stm32f407xx_flash.icf
#        --semihosting --entry __iar_program_start --vfe --text_out locale
#        --cpu=Cortex-M4 --fpu=VFPv4_sp) --dependencies=n
#        E:\Microcontroller\stm32\uc1698u_160x160_F407\EWARM\F407_FSMC_2\Exe\F407_FSMC_2.out.iar_deps
#
###############################################################################

*******************************************************************************
*** RUNTIME MODEL ATTRIBUTES
***

CppFlavor       = *
__CPP_Runtime   = 1
__SystemLibrary = DLib
__dlib_version  = 6


*******************************************************************************
*** HEAP SELECTION
***

The basic heap was selected because no calls to memory allocation
functions were found in the application outside of system library
functions, there are calls to deallocation functions in the
application, and the application appears to be primarily
optimized for speed.


*******************************************************************************
*** PLACEMENT SUMMARY
***

"A0":  place at address 0x800'0000 { ro section .intvec };
"P1":  place in [from 0x800'0000 to 0x80f'ffff] { ro };
define block CSTACK with size = 1K, alignment = 8 { };
define block HEAP with size = 512, alignment = 8 { };
"P2":  place in [from 0x2000'0000 to 0x2001'ffff] {
          rw, block CSTACK, block HEAP };
initialize by copy { rw };

No sections matched the following patterns:

  section .ccmram  in "P3"


  Section            Kind         Address  Aligment    Size  Object
  -------            ----         -------  --------    ----  ------
"A0":                                                 0x188
  .intvec            ro code   0x800'0000         4   0x188  startup_stm32f407xx.o [3]
                             - 0x800'0188             0x188

"P1":                                                0x3258
  .rodata            const     0x800'0188         4   0xe34  u8g2_fonts.o [5]
  .text              ro code   0x800'0fbc         4   0x6fc  main.o [2]
  .text              ro code   0x800'16b8         4    0x38  stm32f4xx_hal.o [4]
  .text              ro code   0x800'16f0         4    0x84  gpio.o [2]
  .text              ro code   0x800'1774         4    0xf0  fsmc.o [2]
  .text              ro code   0x800'1864         4    0x50  crc.o [2]
  .text              ro code   0x800'18b4         4    0x40  u8g2_d_setup.o [5]
  .text              ro code   0x800'18f4         4    0xe4  u8x8_display.o [5]
  .text              ro code   0x800'19d8         2    0x1e  u8g2_cleardisplay.o [5]
  .text              ro code   0x800'19f6         2    0x7e  lz77_init_single.o [8]
  .text              ro code   0x800'1a74         4    0xf4  u8g2_font.o [5]
  .text              ro code   0x800'1b68         2    0xc6  u8g2_hvline.o [5]
  .text              ro code   0x800'1c30         4    0xec  u8g2_buffer.o [5]
  .text              ro code   0x800'1d1c         4   0x166  u8g2_circle.o [5]
  .text              ro code   0x800'1e84         4    0x2c  stm32f4xx_hal.o [4]
  .text              ro code   0x800'1eb0         4    0x1e  sqrtf.o [7]
  .text              ro code   0x800'1ed0         4    0x38  roundf.o [7]
  .text              ro code   0x800'1f08         4     0xc  stm32f4xx_ll_utils.o [4]
  .text              ro code   0x800'1f14         4    0x48  stm32f4xx_hal.o [4]
  .text              ro code   0x800'1f5c         4    0x9c  stm32f4xx_hal_cortex.o [4]
  .text              ro code   0x800'1ff8         4    0x38  stm32f4xx_hal_msp.o [2]
  .text              ro code   0x800'2030         4    0x66  ABImemset.o [8]
  .text              ro code   0x800'2098         4   0x114  stm32f4xx_ll_gpio.o [4]
  .text              ro code   0x800'21ac         4    0x5a  stm32f4xx_hal_sram.o [4]
  .text              ro code   0x800'2208         4   0x1ec  stm32f4xx_hal_gpio.o [4]
  .text              ro code   0x800'23f4         2    0x20  stm32f4xx_hal_crc.o [4]
  .text              ro code   0x800'2414         4    0x58  u8x8_setup.o [5]
  .text              ro code   0x800'246c         4    0x10  u8g2_d_memory.o [5]
  .text              ro code   0x800'247c         4   0x152  u8g2_setup.o [5]
  .text              ro code   0x800'25ce         2     0xa  u8x8_gpio.o [5]
  .text              ro code   0x800'25d8         4     0x6  ABImemclr.o [8]
  .text              ro code   0x800'25de         2    0x52  u8g2_intersection.o [5]
  .text              ro code   0x800'2630         4     0xc  stm32f4xx_hal.o [4]
  .text              ro code   0x800'263c         4    0xe4  stm32f4xx_ll_fsmc.o [4]
  .rodata            const     0x800'2720         4   0x400  u8x8_d_uc1698.o [5]
  .text              ro code   0x800'2b20         4   0x210  u8x8_d_uc1698.o [5]
  .text              ro code   0x800'2d30         4   0x10c  u8x8_cad.o [5]
  .text              ro code   0x800'2e3c         4    0x20  u8x8_byte.o [5]
  .text              ro code   0x800'2e5c         4    0xf4  u8g_arm.o [5]
  .text              ro code   0x800'2f50         4    0x80  u8g2_ll_hvline.o [5]
  .rodata            const     0x800'2fd0         4    0x54  u8x8_d_uc1698.o [5]
  .text              ro code   0x800'3024         2    0x38  zero_init3.o [8]
  .text              ro code   0x800'305c         4    0x2c  iarttio.o [9]
  .text              ro code   0x800'3088         4     0x8  XShttio.o [6]
  .text              ro code   0x800'3090         4    0x2a  data_init.o [8]
  .text              ro code   0x800'30bc         4    0x22  fpinit_M.o [7]
  .iar.init_table    const     0x800'30e0         4    0x20  - Linker created -
  .text              ro code   0x800'3100         4    0x1e  cmain.o [8]
  .text              ro code   0x800'311e         2     0x4  low_level_init.o [6]
  .text              ro code   0x800'3122         2     0x4  exit.o [6]
  .text              ro code   0x800'3128         4     0xa  cexit.o [8]
  .text              ro code   0x800'3134         4    0x14  exit.o [9]
  .text              ro code   0x800'3148         4    0x1c  cstartup_M.o [8]
  .text              ro code   0x800'3164         2    0x14  stm32f4xx_it.o [2]
  .text              ro code   0x800'3178         4    0x10  stm32f4xx_hal.o [4]
  .text              ro code   0x800'3188         4    0x10  startup_stm32f407xx.o [3]
  .text              ro code   0x800'3198         4    0x10  system_stm32f4xx.o [1]
  .rodata            const     0x800'31a8         4     0xc  u8g2_setup.o [5]
  .text              ro code   0x800'31b4         2     0x4  startup_stm32f407xx.o [3]
  .text              ro code   0x800'31b8         2     0x4  startup_stm32f407xx.o [3]
  .text              ro code   0x800'31bc         2     0x4  startup_stm32f407xx.o [3]
  .text              ro code   0x800'31c0         2     0x4  startup_stm32f407xx.o [3]
  .text              ro code   0x800'31c4         2     0x4  startup_stm32f407xx.o [3]
  .text              ro code   0x800'31c8         2     0x4  startup_stm32f407xx.o [3]
  .text              ro code   0x800'31cc         2     0x4  startup_stm32f407xx.o [3]
  .text              ro code   0x800'31d0         2     0x4  startup_stm32f407xx.o [3]
  .text              ro code   0x800'31d4         2     0x4  startup_stm32f407xx.o [3]
  .text              ro code   0x800'31d8         2     0x4  startup_stm32f407xx.o [3]
  .text              ro code   0x800'31dc         2     0x4  startup_stm32f407xx.o [3]
  .text              ro code   0x800'31e0         2     0x4  startup_stm32f407xx.o [3]
  .text              ro code   0x800'31e4         2     0x4  startup_stm32f407xx.o [3]
  .text              ro code   0x800'31e8         2     0x4  startup_stm32f407xx.o [3]
  .text              ro code   0x800'31ec         2     0x4  startup_stm32f407xx.o [3]
  .text              ro code   0x800'31f0         2     0x4  startup_stm32f407xx.o [3]
  .text              ro code   0x800'31f4         2     0x4  startup_stm32f407xx.o [3]
  .text              ro code   0x800'31f8         2     0x4  startup_stm32f407xx.o [3]
  .text              ro code   0x800'31fc         2     0x4  startup_stm32f407xx.o [3]
  .text              ro code   0x800'3200         2     0x4  startup_stm32f407xx.o [3]
  .text              ro code   0x800'3204         2     0x4  startup_stm32f407xx.o [3]
  .text              ro code   0x800'3208         2     0x4  startup_stm32f407xx.o [3]
  .text              ro code   0x800'320c         2     0x4  startup_stm32f407xx.o [3]
  .text              ro code   0x800'3210         2     0x4  startup_stm32f407xx.o [3]
  .text              ro code   0x800'3214         2     0x4  startup_stm32f407xx.o [3]
  .text              ro code   0x800'3218         2     0x4  startup_stm32f407xx.o [3]
  .text              ro code   0x800'321c         2     0x4  startup_stm32f407xx.o [3]
  .text              ro code   0x800'3220         2     0x4  startup_stm32f407xx.o [3]
  .text              ro code   0x800'3224         2     0x4  startup_stm32f407xx.o [3]
  .text              ro code   0x800'3228         2     0x4  startup_stm32f407xx.o [3]
  .text              ro code   0x800'322c         2     0x4  startup_stm32f407xx.o [3]
  .text              ro code   0x800'3230         2     0x4  startup_stm32f407xx.o [3]
  .text              ro code   0x800'3234         2     0x4  startup_stm32f407xx.o [3]
  .text              ro code   0x800'3238         2     0x4  startup_stm32f407xx.o [3]
  .text              ro code   0x800'323c         2     0x4  startup_stm32f407xx.o [3]
  .text              ro code   0x800'3240         2     0x4  startup_stm32f407xx.o [3]
  .text              ro code   0x800'3244         2     0x4  startup_stm32f407xx.o [3]
  .text              ro code   0x800'3248         2     0x4  startup_stm32f407xx.o [3]
  .text              ro code   0x800'324c         2     0x4  startup_stm32f407xx.o [3]
  .text              ro code   0x800'3250         2     0x4  startup_stm32f407xx.o [3]
  .text              ro code   0x800'3254         2     0x4  startup_stm32f407xx.o [3]
  .text              ro code   0x800'3258         2     0x4  startup_stm32f407xx.o [3]
  .text              ro code   0x800'325c         2     0x4  startup_stm32f407xx.o [3]
  .text              ro code   0x800'3260         2     0x4  startup_stm32f407xx.o [3]
  .text              ro code   0x800'3264         2     0x4  startup_stm32f407xx.o [3]
  .text              ro code   0x800'3268         2     0x4  startup_stm32f407xx.o [3]
  .text              ro code   0x800'326c         2     0x4  startup_stm32f407xx.o [3]
  .text              ro code   0x800'3270         2     0x4  startup_stm32f407xx.o [3]
  .text              ro code   0x800'3274         2     0x4  startup_stm32f407xx.o [3]
  .text              ro code   0x800'3278         2     0x4  startup_stm32f407xx.o [3]
  .text              ro code   0x800'327c         2     0x4  startup_stm32f407xx.o [3]
  .text              ro code   0x800'3280         2     0x4  startup_stm32f407xx.o [3]
  .text              ro code   0x800'3284         2     0x4  startup_stm32f407xx.o [3]
  .text              ro code   0x800'3288         2     0x4  startup_stm32f407xx.o [3]
  .text              ro code   0x800'328c         2     0x4  startup_stm32f407xx.o [3]
  .text              ro code   0x800'3290         2     0x4  startup_stm32f407xx.o [3]
  .text              ro code   0x800'3294         2     0x4  startup_stm32f407xx.o [3]
  .text              ro code   0x800'3298         2     0x4  startup_stm32f407xx.o [3]
  .text              ro code   0x800'329c         2     0x4  startup_stm32f407xx.o [3]
  .text              ro code   0x800'32a0         2     0x4  startup_stm32f407xx.o [3]
  .text              ro code   0x800'32a4         2     0x4  startup_stm32f407xx.o [3]
  .text              ro code   0x800'32a8         2     0x4  startup_stm32f407xx.o [3]
  .text              ro code   0x800'32ac         2     0x4  startup_stm32f407xx.o [3]
  .text              ro code   0x800'32b0         2     0x4  startup_stm32f407xx.o [3]
  .text              ro code   0x800'32b4         2     0x4  startup_stm32f407xx.o [3]
  .text              ro code   0x800'32b8         2     0x4  startup_stm32f407xx.o [3]
  .text              ro code   0x800'32bc         2     0x4  startup_stm32f407xx.o [3]
  .text              ro code   0x800'32c0         2     0x4  startup_stm32f407xx.o [3]
  .text              ro code   0x800'32c4         2     0x4  startup_stm32f407xx.o [3]
  .text              ro code   0x800'32c8         2     0x4  startup_stm32f407xx.o [3]
  .text              ro code   0x800'32cc         2     0x4  startup_stm32f407xx.o [3]
  .text              ro code   0x800'32d0         2     0x4  startup_stm32f407xx.o [3]
  .text              ro code   0x800'32d4         2     0x4  startup_stm32f407xx.o [3]
  .text              ro code   0x800'32d8         2     0x4  startup_stm32f407xx.o [3]
  .text              ro code   0x800'32dc         2     0x4  startup_stm32f407xx.o [3]
  .text              ro code   0x800'32e0         2     0x4  startup_stm32f407xx.o [3]
  .text              ro code   0x800'32e4         2     0x4  startup_stm32f407xx.o [3]
  .text              ro code   0x800'32e8         2     0x4  startup_stm32f407xx.o [3]
  .text              ro code   0x800'32ec         2     0x4  startup_stm32f407xx.o [3]
  .text              ro code   0x800'32f0         2     0x4  startup_stm32f407xx.o [3]
  .text              ro code   0x800'32f4         2     0x4  startup_stm32f407xx.o [3]
  .rodata            const     0x800'32f8               0x0  zero_init3.o [8]
  .rodata            const     0x800'32f8               0x0  lz77_init_single.o [8]
  Initializer bytes  const     0x800'32f8              0xe8  <for P2-1>
                             - 0x800'33e0            0x3258

"P2", part 1 of 3:                                   0x4a9c
  P2-1                        0x2000'0000            0x4a9c  <Init block>
    .data            inited   0x2000'0000         4  0x4a84  main.o [2]
    .data            inited   0x2000'4a84         4     0xc  stm32f4xx_hal.o [4]
    .data            inited   0x2000'4a90         4     0x4  system_stm32f4xx.o [1]
    .data            inited   0x2000'4a94         4     0x8  XShttio.o [6]
                            - 0x2000'4a9c            0x4a9c

"P2", part 2 of 3:                                    0xce0
  .bss               zero     0x2000'4a9c         4   0xc80  u8g2_d_memory.o [5]
  .bss               zero     0x2000'571c         4    0x50  fsmc.o [2]
  .bss               zero     0x2000'576c         4     0x8  crc.o [2]
  .bss               zero     0x2000'5774         4     0x4  fsmc.o [2]
  .bss               zero     0x2000'5778         4     0x4  u8g_arm.o [5]
                            - 0x2000'577c             0xce0

"P2", part 3 of 3:                                    0x400
  CSTACK                      0x2000'5780         8   0x400  <Block>
    CSTACK           uninit   0x2000'5780             0x400  <Block tail>
                            - 0x2000'5b80             0x400

Unused ranges:

         From           To      Size
         ----           --      ----
   0x800'33e0   0x80f'ffff  0xf'cc20
  0x2000'577c  0x2000'577f       0x4
  0x2000'5b80  0x2001'ffff  0x1'a480


*******************************************************************************
*** INIT TABLE
***

          Address      Size
          -------      ----
Zero (__iar_zero_init3)
    1 destination range, total size 0xce0:
          0x2000'4a9c   0xce0

Copy/lz77 (__iar_lz77_init_single3)
    1 source range, total size 0xe8 (1% of destination):
           0x800'32f8    0xe8
    1 destination range, total size 0x4a9c:
          0x2000'0000  0x4a9c



*******************************************************************************
*** MODULE SUMMARY
***

    Module                  ro code  ro data  rw data
    ------                  -------  -------  -------
command line/config:
    -------------------------------------------------
    Total:

E:\Microcontroller\stm32\uc1698u_160x160_F407\EWARM\F407_FSMC_2\Obj\CMSIS_6603591812247902717.dir: [1]
    system_stm32f4xx.o           16                 4
    -------------------------------------------------
    Total:                       16                 4

E:\Microcontroller\stm32\uc1698u_160x160_F407\EWARM\F407_FSMC_2\Obj\Core_13247989168731456611.dir: [2]
    crc.o                        80                 8
    fsmc.o                      240                84
    gpio.o                      132
    main.o                    1'788      231   19'076
    stm32f4xx_hal_msp.o          56
    stm32f4xx_it.o               20
    -------------------------------------------------
    Total:                    2'316      231   19'168

E:\Microcontroller\stm32\uc1698u_160x160_F407\EWARM\F407_FSMC_2\Obj\EWARM_18443280873093131863.dir: [3]
    startup_stm32f407xx.o       732
    -------------------------------------------------
    Total:                      732

E:\Microcontroller\stm32\uc1698u_160x160_F407\EWARM\F407_FSMC_2\Obj\STM32F4xx_HAL_Driver_1244631019742807970.dir: [4]
    stm32f4xx_hal.o             200                12
    stm32f4xx_hal_cortex.o      156
    stm32f4xx_hal_crc.o          32
    stm32f4xx_hal_gpio.o        492
    stm32f4xx_hal_sram.o         90
    stm32f4xx_ll_fsmc.o         228
    stm32f4xx_ll_gpio.o         276
    stm32f4xx_ll_utils.o         12
    -------------------------------------------------
    Total:                    1'486                12

E:\Microcontroller\stm32\uc1698u_160x160_F407\EWARM\F407_FSMC_2\Obj\u8g2_2410607877290784044.dir: [5]
    u8g2_buffer.o               236
    u8g2_circle.o               358
    u8g2_cleardisplay.o          30
    u8g2_d_memory.o              16             3'200
    u8g2_d_setup.o               64
    u8g2_font.o                 244
    u8g2_fonts.o                       3'636
    u8g2_hvline.o               198
    u8g2_intersection.o          82
    u8g2_ll_hvline.o            128
    u8g2_setup.o                338       12
    u8g_arm.o                   244                 4
    u8x8_byte.o                  32
    u8x8_cad.o                  268
    u8x8_d_uc1698.o             528    1'108
    u8x8_display.o              228
    u8x8_gpio.o                  10
    u8x8_setup.o                 88
    -------------------------------------------------
    Total:                    3'092    4'756    3'204

dl7M_tlf.a: [6]
    XShttio.o                     8        1        8
    exit.o                        4
    low_level_init.o              4
    -------------------------------------------------
    Total:                       16        1        8

m7M_tls.a: [7]
    fpinit_M.o                   34
    roundf.o                     56
    sqrtf.o                      30
    -------------------------------------------------
    Total:                      120

rt7M_tl.a: [8]
    ABImemclr.o                   6
    ABImemset.o                 102
    cexit.o                      10
    cmain.o                      30
    cstartup_M.o                 28
    data_init.o                  42
    lz77_init_single.o          126
    zero_init3.o                 56
    -------------------------------------------------
    Total:                      400

shb_l.a: [9]
    exit.o                       20
    iarttio.o                    44
    -------------------------------------------------
    Total:                       64

    Gaps                         16        2
    Linker created                        32    1'024
-----------------------------------------------------
    Grand Total:              8'258    5'022   23'420


*******************************************************************************
*** ENTRY LIST
***

Entry                       Address    Size  Type      Object
-----                       -------    ----  ----      ------
.iar.init_table$$Base    0x800'30e0           --   Gb  - Linker created -
.iar.init_table$$Limit   0x800'3100           --   Gb  - Linker created -
?main                    0x800'3101          Code  ??  cmain.o [8]
ADC_IRQHandler           0x800'31fd          Code  Wk  startup_stm32f407xx.o [3]
BusFault_Handler         0x800'316b     0x2  Code  ??  stm32f4xx_it.o [2]
CAN1_RX0_IRQHandler      0x800'3205          Code  Wk  startup_stm32f407xx.o [3]
CAN1_RX1_IRQHandler      0x800'3209          Code  Wk  startup_stm32f407xx.o [3]
CAN1_SCE_IRQHandler      0x800'320d          Code  Wk  startup_stm32f407xx.o [3]
CAN1_TX_IRQHandler       0x800'3201          Code  Wk  startup_stm32f407xx.o [3]
CAN2_RX0_IRQHandler      0x800'32b5          Code  Wk  startup_stm32f407xx.o [3]
CAN2_RX1_IRQHandler      0x800'32b9          Code  Wk  startup_stm32f407xx.o [3]
CAN2_SCE_IRQHandler      0x800'32bd          Code  Wk  startup_stm32f407xx.o [3]
CAN2_TX_IRQHandler       0x800'32b1          Code  Wk  startup_stm32f407xx.o [3]
CSTACK$$Base            0x2000'5780           --   Gb  - Linker created -
CSTACK$$Limit           0x2000'5b80           --   ??  - Linker created -
DCMI_IRQHandler          0x800'32ed          Code  Wk  startup_stm32f407xx.o [3]
DMA1_Stream0_IRQHandler
                         0x800'31e1          Code  Wk  startup_stm32f407xx.o [3]
DMA1_Stream1_IRQHandler
                         0x800'31e5          Code  Wk  startup_stm32f407xx.o [3]
DMA1_Stream2_IRQHandler
                         0x800'31e9          Code  Wk  startup_stm32f407xx.o [3]
DMA1_Stream3_IRQHandler
                         0x800'31ed          Code  Wk  startup_stm32f407xx.o [3]
DMA1_Stream4_IRQHandler
                         0x800'31f1          Code  Wk  startup_stm32f407xx.o [3]
DMA1_Stream5_IRQHandler
                         0x800'31f5          Code  Wk  startup_stm32f407xx.o [3]
DMA1_Stream6_IRQHandler
                         0x800'31f9          Code  Wk  startup_stm32f407xx.o [3]
DMA1_Stream7_IRQHandler
                         0x800'3271          Code  Wk  startup_stm32f407xx.o [3]
DMA2_Stream0_IRQHandler
                         0x800'3295          Code  Wk  startup_stm32f407xx.o [3]
DMA2_Stream1_IRQHandler
                         0x800'3299          Code  Wk  startup_stm32f407xx.o [3]
DMA2_Stream2_IRQHandler
                         0x800'329d          Code  Wk  startup_stm32f407xx.o [3]
DMA2_Stream3_IRQHandler
                         0x800'32a1          Code  Wk  startup_stm32f407xx.o [3]
DMA2_Stream4_IRQHandler
                         0x800'32a5          Code  Wk  startup_stm32f407xx.o [3]
DMA2_Stream5_IRQHandler
                         0x800'32c5          Code  Wk  startup_stm32f407xx.o [3]
DMA2_Stream6_IRQHandler
                         0x800'32c9          Code  Wk  startup_stm32f407xx.o [3]
DMA2_Stream7_IRQHandler
                         0x800'32cd          Code  Wk  startup_stm32f407xx.o [3]
DebugMon_Handler         0x800'3171     0x2  Code  ??  stm32f4xx_it.o [2]
ETH_IRQHandler           0x800'32a9          Code  Wk  startup_stm32f407xx.o [3]
ETH_WKUP_IRQHandler      0x800'32ad          Code  Wk  startup_stm32f407xx.o [3]
EXTI0_IRQHandler         0x800'31cd          Code  Wk  startup_stm32f407xx.o [3]
EXTI15_10_IRQHandler     0x800'3255          Code  Wk  startup_stm32f407xx.o [3]
EXTI1_IRQHandler         0x800'31d1          Code  Wk  startup_stm32f407xx.o [3]
EXTI2_IRQHandler         0x800'31d5          Code  Wk  startup_stm32f407xx.o [3]
EXTI3_IRQHandler         0x800'31d9          Code  Wk  startup_stm32f407xx.o [3]
EXTI4_IRQHandler         0x800'31dd          Code  Wk  startup_stm32f407xx.o [3]
EXTI9_5_IRQHandler       0x800'3211          Code  Wk  startup_stm32f407xx.o [3]
Error_Handler            0x800'16b5     0x4  Code  ??  main.o [2]
FLASH_IRQHandler         0x800'31c5          Code  Wk  startup_stm32f407xx.o [3]
FPU_IRQHandler           0x800'32f5          Code  Wk  startup_stm32f407xx.o [3]
FSMC_IRQHandler          0x800'3275          Code  Wk  startup_stm32f407xx.o [3]
FSMC_Initialized        0x2000'5774     0x4  Data  Lc  fsmc.o [2]
FSMC_NORSRAM_Extended_Timing_Init
                         0x800'26d5    0x42  Code  ??  stm32f4xx_ll_fsmc.o [4]
FSMC_NORSRAM_Init        0x800'263d    0x62  Code  ??  stm32f4xx_ll_fsmc.o [4]
FSMC_NORSRAM_Timing_Init
                         0x800'269f    0x36  Code  ??  stm32f4xx_ll_fsmc.o [4]
FSMC_PTR                0x2000'5778     0x4  Data  ??  u8g_arm.o [5]
HAL_CRC_Init             0x800'23f5    0x20  Code  ??  stm32f4xx_hal_crc.o [4]
HAL_CRC_MspInit          0x800'1883    0x26  Code  ??  crc.o [2]
HAL_Delay                0x800'1e85    0x2c  Code  Wk  stm32f4xx_hal.o [4]
HAL_GPIO_Init            0x800'2209   0x1be  Code  ??  stm32f4xx_hal_gpio.o [4]
HAL_GetTick              0x800'2631     0xc  Code  Wk  stm32f4xx_hal.o [4]
HAL_IncTick              0x800'3179    0x10  Code  Wk  stm32f4xx_hal.o [4]
HAL_Init                 0x800'16b9    0x34  Code  ??  stm32f4xx_hal.o [4]
HAL_InitTick             0x800'1f15    0x48  Code  Wk  stm32f4xx_hal.o [4]
HAL_MspInit              0x800'1ff9    0x38  Code  ??  stm32f4xx_hal_msp.o [2]
HAL_NVIC_SetPriority     0x800'1f71    0x52  Code  ??  stm32f4xx_hal_cortex.o [4]
HAL_NVIC_SetPriorityGrouping
                         0x800'1f5d    0x14  Code  ??  stm32f4xx_hal_cortex.o [4]
HAL_SRAM_Init            0x800'21ad    0x5a  Code  ??  stm32f4xx_hal_sram.o [4]
HAL_SRAM_MspInit         0x800'17e1    0x6e  Code  ??  fsmc.o [2]
HAL_SYSTICK_Config       0x800'1fc5    0x22  Code  ??  stm32f4xx_hal_cortex.o [4]
HASH_RNG_IRQHandler      0x800'32f1          Code  Wk  startup_stm32f407xx.o [3]
HardFault_Handler        0x800'3167     0x2  Code  ??  stm32f4xx_it.o [2]
I2C1_ER_IRQHandler       0x800'3235          Code  Wk  startup_stm32f407xx.o [3]
I2C1_EV_IRQHandler       0x800'3231          Code  Wk  startup_stm32f407xx.o [3]
I2C2_ER_IRQHandler       0x800'323d          Code  Wk  startup_stm32f407xx.o [3]
I2C2_EV_IRQHandler       0x800'3239          Code  Wk  startup_stm32f407xx.o [3]
I2C3_ER_IRQHandler       0x800'32d9          Code  Wk  startup_stm32f407xx.o [3]
I2C3_EV_IRQHandler       0x800'32d5          Code  Wk  startup_stm32f407xx.o [3]
LL_GPIO_Init             0x800'2099   0x114  Code  ??  stm32f4xx_ll_gpio.o [4]
LL_SetSystemCoreClock    0x800'1f09     0x6  Code  ??  stm32f4xx_ll_utils.o [4]
MX_CRC_Init              0x800'1865    0x1e  Code  ??  crc.o [2]
MX_FSMC_Init             0x800'1775    0x6c  Code  ??  fsmc.o [2]
MX_GPIO_Init             0x800'16f1    0x84  Code  ??  gpio.o [2]
MemManage_Handler        0x800'3169     0x2  Code  ??  stm32f4xx_it.o [2]
NMI_Handler              0x800'3165     0x2  Code  ??  stm32f4xx_it.o [2]
OTG_FS_IRQHandler        0x800'32c1          Code  Wk  startup_stm32f407xx.o [3]
OTG_FS_WKUP_IRQHandler   0x800'325d          Code  Wk  startup_stm32f407xx.o [3]
OTG_HS_EP1_IN_IRQHandler
                         0x800'32e1          Code  Wk  startup_stm32f407xx.o [3]
OTG_HS_EP1_OUT_IRQHandler
                         0x800'32dd          Code  Wk  startup_stm32f407xx.o [3]
OTG_HS_IRQHandler        0x800'32e9          Code  Wk  startup_stm32f407xx.o [3]
OTG_HS_WKUP_IRQHandler   0x800'32e5          Code  Wk  startup_stm32f407xx.o [3]
PVD_IRQHandler           0x800'31b9          Code  Wk  startup_stm32f407xx.o [3]
PendSV_Handler           0x800'3173     0x2  Code  ??  stm32f4xx_it.o [2]
RCC_IRQHandler           0x800'31c9          Code  Wk  startup_stm32f407xx.o [3]
RTC_Alarm_IRQHandler     0x800'3259          Code  Wk  startup_stm32f407xx.o [3]
RTC_WKUP_IRQHandler      0x800'31c1          Code  Wk  startup_stm32f407xx.o [3]
Region$$Table$$Base      0x800'30e0           --   ??  - Linker created -
Region$$Table$$Limit     0x800'3100           --   ??  - Linker created -
Reset_Handler            0x800'3189          Code  Wk  startup_stm32f407xx.o [3]
SDIO_IRQHandler          0x800'3279          Code  Wk  startup_stm32f407xx.o [3]
SPI1_IRQHandler          0x800'3241          Code  Wk  startup_stm32f407xx.o [3]
SPI2_IRQHandler          0x800'3245          Code  Wk  startup_stm32f407xx.o [3]
SPI3_IRQHandler          0x800'3281          Code  Wk  startup_stm32f407xx.o [3]
SVC_Handler              0x800'316f     0x2  Code  ??  stm32f4xx_it.o [2]
SysTick_Handler          0x800'3175     0x4  Code  ??  stm32f4xx_it.o [2]
SystemClock_Config       0x800'15dd    0xa4  Code  ??  main.o [2]
SystemCoreClock         0x2000'4a90     0x4  Data  ??  system_stm32f4xx.o [1]
SystemInit               0x800'3199     0xc  Code  ??  system_stm32f4xx.o [1]
TAMP_STAMP_IRQHandler    0x800'31bd          Code  Wk  startup_stm32f407xx.o [3]
TIM1_BRK_TIM9_IRQHandler
                         0x800'3215          Code  Wk  startup_stm32f407xx.o [3]
TIM1_CC_IRQHandler       0x800'3221          Code  Wk  startup_stm32f407xx.o [3]
TIM1_TRG_COM_TIM11_IRQHandler
                         0x800'321d          Code  Wk  startup_stm32f407xx.o [3]
TIM1_UP_TIM10_IRQHandler
                         0x800'3219          Code  Wk  startup_stm32f407xx.o [3]
TIM2_IRQHandler          0x800'3225          Code  Wk  startup_stm32f407xx.o [3]
TIM3_IRQHandler          0x800'3229          Code  Wk  startup_stm32f407xx.o [3]
TIM4_IRQHandler          0x800'322d          Code  Wk  startup_stm32f407xx.o [3]
TIM5_IRQHandler          0x800'327d          Code  Wk  startup_stm32f407xx.o [3]
TIM6_DAC_IRQHandler      0x800'328d          Code  Wk  startup_stm32f407xx.o [3]
TIM7_IRQHandler          0x800'3291          Code  Wk  startup_stm32f407xx.o [3]
TIM8_BRK_TIM12_IRQHandler
                         0x800'3261          Code  Wk  startup_stm32f407xx.o [3]
TIM8_CC_IRQHandler       0x800'326d          Code  Wk  startup_stm32f407xx.o [3]
TIM8_TRG_COM_TIM14_IRQHandler
                         0x800'3269          Code  Wk  startup_stm32f407xx.o [3]
TIM8_UP_TIM13_IRQHandler
                         0x800'3265          Code  Wk  startup_stm32f407xx.o [3]
UART4_IRQHandler         0x800'3285          Code  Wk  startup_stm32f407xx.o [3]
UART5_IRQHandler         0x800'3289          Code  Wk  startup_stm32f407xx.o [3]
USART1_IRQHandler        0x800'3249          Code  Wk  startup_stm32f407xx.o [3]
USART2_IRQHandler        0x800'324d          Code  Wk  startup_stm32f407xx.o [3]
USART3_IRQHandler        0x800'3251          Code  Wk  startup_stm32f407xx.o [3]
USART6_IRQHandler        0x800'32d1          Code  Wk  startup_stm32f407xx.o [3]
UsageFault_Handler       0x800'316d     0x2  Code  ??  stm32f4xx_it.o [2]
WWDG_IRQHandler          0x800'31b5          Code  Wk  startup_stm32f407xx.o [3]
__aeabi_memclr           0x800'25d9          Code  ??  ABImemclr.o [8]
__aeabi_memset           0x800'2031          Code  ??  ABImemset.o [8]
__cmain                  0x800'3101          Code  ??  cmain.o [8]
__exit                   0x800'3135    0x14  Code  ??  exit.o [9]
__iar_Memset             0x800'2031          Code  ??  ABImemset.o [8]
__iar_Memset_word        0x800'2039          Code  ??  ABImemset.o [8]
__iar_close_ttio         0x800'305d    0x2c  Code  ??  iarttio.o [9]
__iar_data_init3         0x800'3091    0x18  Code  ??  data_init.o [8]
__iar_init_vfp           0x800'30bd          Code  ??  fpinit_M.o [7]
__iar_lookup_ttioh       0x800'3089     0x8  Code  ??  XShttio.o [6]
__iar_lz77_init_single3
                         0x800'19f7    0x7e  Code  ??  lz77_init_single.o [8]
__iar_program_start      0x800'3149          Code  ??  cstartup_M.o [8]
__iar_round32            0x800'1ee1          Code  ??  roundf.o [7]
__iar_sqrt32             0x800'1eb1          Code  ??  sqrtf.o [7]
__iar_ttio_handles      0x2000'4a94     0x8  Data  Lc  XShttio.o [6]
__iar_vfp___iar_round32
                         0x800'1ed1          Code  ??  roundf.o [7]
__iar_vfp_roundf         0x800'1ed1          Code  ??  roundf.o [7]
__iar_zero_init3         0x800'3025    0x38  Code  ??  zero_init3.o [8]
__low_level_init         0x800'311f     0x4  Code  ??  low_level_init.o [6]
__vector_table           0x800'0000          Data  ??  startup_stm32f407xx.o [3]
_call_main               0x800'310d          Code  ??  cmain.o [8]
_exit                    0x800'3129          Code  ??  cexit.o [8]
exit                     0x800'3123     0x4  Code  ??  exit.o [6]
grid                    0x2000'0964  0x408c  Data  Lc  main.o [2]
hcrc                    0x2000'576c     0x8  Data  ??  crc.o [2]
hsram1                  0x2000'571c    0x50  Data  ??  fsmc.o [2]
init_sprites             0x800'0fbd    0xac  Code  ??  main.o [2]
lut_u32                  0x800'2720   0x400  Data  Lc  u8x8_d_uc1698.o [5]
main                     0x800'1071   0x566  Code  ??  main.o [2]
rng_state               0x2000'0960     0x4  Data  Lc  main.o [2]
roundf                   0x800'1ee1          Code  ??  roundf.o [7]
s                       0x2000'0000   0x960  Data  Lc  main.o [2]
sqrtf                    0x800'1eb1          Code  ??  sqrtf.o [7]
u8g2                    0x2000'49f0    0x94  Data  ??  main.o [2]
u8g2_ClearBuffer         0x800'1c31    0x14  Code  ??  u8g2_buffer.o [5]
u8g2_ClearDisplay        0x800'19d9    0x1e  Code  ??  u8g2_cleardisplay.o [5]
u8g2_DrawDisc            0x800'1ddd    0xa6  Code  ??  u8g2_circle.o [5]
u8g2_DrawVLine           0x800'1bc3    0x5e  Code  ??  u8g2_hvline.o [5]
u8g2_FirstPage           0x800'1cbf    0x1a  Code  ??  u8g2_buffer.o [5]
u8g2_IsIntersection      0x800'25df    0x52  Code  ??  u8g2_intersection.o [5]
u8g2_NextPage            0x800'1cd9    0x44  Code  ??  u8g2_buffer.o [5]
u8g2_SendBuffer          0x800'1c93    0x12  Code  ??  u8g2_buffer.o [5]
u8g2_SetBufferCurrTileRow
                         0x800'1ca5    0x1a  Code  ??  u8g2_buffer.o [5]
u8g2_SetDrawColor        0x800'1c21     0xe  Code  ??  u8g2_hvline.o [5]
u8g2_SetFont             0x800'1b45    0x1e  Code  ??  u8g2_font.o [5]
u8g2_SetFontPosBaseline
                         0x800'1b3f     0x6  Code  ??  u8g2_font.o [5]
u8g2_SetMaxClipWindow    0x800'247d    0x1c  Code  ??  u8g2_setup.o [5]
u8g2_SetupBuffer         0x800'2499    0x4c  Code  ??  u8g2_setup.o [5]
u8g2_Setup_uc1698u_cg160160
                         0x800'18b5    0x32  Code  ??  u8g2_d_setup.o [5]
u8g2_UpdateRefHeight     0x800'1ae9    0x52  Code  ??  u8g2_font.o [5]
u8g2_apply_clip_window   0x800'2529    0x72  Code  Lc  u8g2_setup.o [5]
u8g2_cb_r0               0x800'31a8     0xc  Data  ??  u8g2_setup.o [5]
u8g2_clip_intersection2
                         0x800'1b69    0x42  Code  Lc  u8g2_hvline.o [5]
u8g2_draw_disc_section   0x800'1d1d    0xbe  Code  Lc  u8g2_circle.o [5]
u8g2_draw_hv_line_2dir   0x800'1bab    0x18  Code  ??  u8g2_hvline.o [5]
u8g2_draw_l90_r0         0x800'25bd    0x12  Code  ??  u8g2_setup.o [5]
u8g2_font_calc_vref_font
                         0x800'1b3b     0x4  Code  ??  u8g2_font.o [5]
u8g2_font_logisoso18_tf
                         0x800'0188   0xe34  Data  ??  u8g2_fonts.o [5]
u8g2_ll_hvline_horizontal_right_lsb
                         0x800'2f51    0x80  Code  ??  u8g2_ll_hvline.o [5]
u8g2_m_20_20_f           0x800'246d     0xa  Code  ??  u8g2_d_memory.o [5]
u8g2_m_20_20_f::buf     0x2000'4a9c   0xc80  Data  Lc  u8g2_d_memory.o [5]
u8g2_read_font_info      0x800'1a75    0x74  Code  ??  u8g2_font.o [5]
u8g2_send_buffer         0x800'1c45    0x4e  Code  Lc  u8g2_buffer.o [5]
u8g2_update_dimension_common
                         0x800'24e5    0x44  Code  Lc  u8g2_setup.o [5]
u8g2_update_dimension_r0
                         0x800'259b     0x2  Code  ??  u8g2_setup.o [5]
u8g2_update_page_win_r0
                         0x800'259d    0x20  Code  ??  u8g2_setup.o [5]
u8x8_DrawTile            0x800'1963    0x22  Code  ??  u8x8_display.o [5]
u8x8_InitDisplay         0x800'1993     0xe  Code  ??  u8x8_display.o [5]
u8x8_RefreshDisplay      0x800'19cb     0xe  Code  ??  u8x8_display.o [5]
u8x8_SetContrast         0x800'19bd     0xe  Code  ??  u8x8_display.o [5]
u8x8_SetFlipMode         0x800'19af     0xe  Code  ??  u8x8_display.o [5]
u8x8_SetPowerSave        0x800'19a1     0xe  Code  ??  u8x8_display.o [5]
u8x8_Setup               0x800'2445    0x26  Code  ??  u8x8_setup.o [5]
u8x8_SetupDefaults       0x800'2419    0x26  Code  ??  u8x8_setup.o [5]
u8x8_SetupMemory         0x800'1985     0xe  Code  ??  u8x8_display.o [5]
u8x8_byte_SendByte       0x800'2e4b    0x12  Code  ??  u8x8_byte.o [5]
u8x8_byte_SetDC          0x800'2e3d     0xe  Code  ??  u8x8_byte.o [5]
u8x8_byte_hw_fsmc        0x800'2edb    0x6a  Code  ??  u8g_arm.o [5]
u8x8_cad_001             0x800'2de9    0x52  Code  ??  u8x8_cad.o [5]
u8x8_cad_EndTransfer     0x800'2d69     0xe  Code  ??  u8x8_cad.o [5]
u8x8_cad_SendArg         0x800'2d3f     0xe  Code  ??  u8x8_cad.o [5]
u8x8_cad_SendCmd         0x800'2d31     0xe  Code  ??  u8x8_cad.o [5]
u8x8_cad_SendData        0x800'2d4d     0xe  Code  ??  u8x8_cad.o [5]
u8x8_cad_SendSequence    0x800'2d79    0x70  Code  ??  u8x8_cad.o [5]
u8x8_cad_StartTransfer   0x800'2d5b     0xe  Code  ??  u8x8_cad.o [5]
u8x8_d_helper_display_init
                         0x800'18ff    0x64  Code  ??  u8x8_display.o [5]
u8x8_d_helper_display_setup_memory
                         0x800'18f5     0xa  Code  ??  u8x8_display.o [5]
u8x8_d_uc1698u_cg160160
                         0x800'2c7d    0x6e  Code  ??  u8x8_d_uc1698.o [5]
u8x8_d_uc1698u_cg160160_init_seq
                         0x800'2fd0    0x54  Data  Lc  u8x8_d_uc1698.o [5]
u8x8_d_uc1698u_common    0x800'2b21   0x15c  Code  ??  u8x8_d_uc1698.o [5]
u8x8_d_uc1698u_flip0_seq
                         0x800'2d08     0x8  Data  Lc  u8x8_d_uc1698.o [5]
u8x8_d_uc1698u_flip1_seq
                         0x800'2d10     0x8  Data  Lc  u8x8_d_uc1698.o [5]
u8x8_d_uc1698u_powersave0_seq
                         0x800'2cf8     0x8  Data  Lc  u8x8_d_uc1698.o [5]
u8x8_d_uc1698u_powersave1_seq
                         0x800'2d00     0x8  Data  Lc  u8x8_d_uc1698.o [5]
u8x8_dummy_cb            0x800'2415     0x4  Code  ??  u8x8_setup.o [5]
u8x8_gpio_and_delay_template
                         0x800'2e5d    0x7e  Code  ??  u8g_arm.o [5]
u8x8_gpio_call           0x800'25cf     0xa  Code  ??  u8x8_gpio.o [5]
u8x8_uc1698u_cg160160_display_info
                         0x800'2d18    0x18  Data  Lc  u8x8_d_uc1698.o [5]
uwTick                  0x2000'4a88     0x4  Data  ??  stm32f4xx_hal.o [4]
uwTickFreq              0x2000'4a84     0x1  Data  ??  stm32f4xx_hal.o [4]
uwTickPrio              0x2000'4a8c     0x4  Data  ??  stm32f4xx_hal.o [4]


[1] = E:\Microcontroller\stm32\uc1698u_160x160_F407\EWARM\F407_FSMC_2\Obj\CMSIS_6603591812247902717.dir
[2] = E:\Microcontroller\stm32\uc1698u_160x160_F407\EWARM\F407_FSMC_2\Obj\Core_13247989168731456611.dir
[3] = E:\Microcontroller\stm32\uc1698u_160x160_F407\EWARM\F407_FSMC_2\Obj\EWARM_18443280873093131863.dir
[4] = E:\Microcontroller\stm32\uc1698u_160x160_F407\EWARM\F407_FSMC_2\Obj\STM32F4xx_HAL_Driver_1244631019742807970.dir
[5] = E:\Microcontroller\stm32\uc1698u_160x160_F407\EWARM\F407_FSMC_2\Obj\u8g2_2410607877290784044.dir
[6] = dl7M_tlf.a
[7] = m7M_tls.a
[8] = rt7M_tl.a
[9] = shb_l.a

   8'258 bytes of readonly  code memory
   5'022 bytes of readonly  data memory
  23'420 bytes of readwrite data memory

Errors: none
Warnings: none
