###############################################################################
#
# IAR ELF Linker V9.50.1.380/W64 for ARM                  16/Jan/2026  14:31:26
# Copyright 2007-2023 IAR Systems AB.
#
#    Output file  =
#        E:\Microcontroller\stm32\uc1698u_160x160_F407\EWARM\F407_FSMC_2\Exe\F407_FSMC_2.out
#    Map file     =
#        E:\Microcontroller\stm32\uc1698u_160x160_F407\EWARM\F407_FSMC_2\List\F407_FSMC_2.map
#    Command line =
#        -f
#        E:\Microcontroller\stm32\uc1698u_160x160_F407\EWARM\F407_FSMC_2\Exe\F407_FSMC_2.out.rsp
#        (E:\Microcontroller\stm32\uc1698u_160x160_F407\EWARM\F407_FSMC_2\Obj\Core_13247989168731456611.dir\crc.o
#        E:\Microcontroller\stm32\uc1698u_160x160_F407\EWARM\F407_FSMC_2\Obj\Core_13247989168731456611.dir\fsmc.o
#        E:\Microcontroller\stm32\uc1698u_160x160_F407\EWARM\F407_FSMC_2\Obj\Core_13247989168731456611.dir\gpio.o
#        E:\Microcontroller\stm32\uc1698u_160x160_F407\EWARM\F407_FSMC_2\Obj\Core_13247989168731456611.dir\main.o
#        E:\Microcontroller\stm32\uc1698u_160x160_F407\EWARM\F407_FSMC_2\Obj\u8g2_2410607877290784044.dir\mui.o
#        E:\Microcontroller\stm32\uc1698u_160x160_F407\EWARM\F407_FSMC_2\Obj\u8g2_2410607877290784044.dir\mui_u8g2.o
#        E:\Microcontroller\stm32\uc1698u_160x160_F407\EWARM\F407_FSMC_2\Obj\EWARM_18443280873093131863.dir\startup_stm32f407xx.o
#        E:\Microcontroller\stm32\uc1698u_160x160_F407\EWARM\F407_FSMC_2\Obj\STM32F4xx_HAL_Driver_1244631019742807970.dir\stm32f4xx_hal.o
#        E:\Microcontroller\stm32\uc1698u_160x160_F407\EWARM\F407_FSMC_2\Obj\STM32F4xx_HAL_Driver_1244631019742807970.dir\stm32f4xx_hal_cortex.o
#        E:\Microcontroller\stm32\uc1698u_160x160_F407\EWARM\F407_FSMC_2\Obj\STM32F4xx_HAL_Driver_1244631019742807970.dir\stm32f4xx_hal_crc.o
#        E:\Microcontroller\stm32\uc1698u_160x160_F407\EWARM\F407_FSMC_2\Obj\STM32F4xx_HAL_Driver_1244631019742807970.dir\stm32f4xx_hal_dma.o
#        E:\Microcontroller\stm32\uc1698u_160x160_F407\EWARM\F407_FSMC_2\Obj\STM32F4xx_HAL_Driver_1244631019742807970.dir\stm32f4xx_hal_dma_ex.o
#        E:\Microcontroller\stm32\uc1698u_160x160_F407\EWARM\F407_FSMC_2\Obj\STM32F4xx_HAL_Driver_1244631019742807970.dir\stm32f4xx_hal_exti.o
#        E:\Microcontroller\stm32\uc1698u_160x160_F407\EWARM\F407_FSMC_2\Obj\STM32F4xx_HAL_Driver_1244631019742807970.dir\stm32f4xx_hal_flash.o
#        E:\Microcontroller\stm32\uc1698u_160x160_F407\EWARM\F407_FSMC_2\Obj\STM32F4xx_HAL_Driver_1244631019742807970.dir\stm32f4xx_hal_flash_ex.o
#        E:\Microcontroller\stm32\uc1698u_160x160_F407\EWARM\F407_FSMC_2\Obj\STM32F4xx_HAL_Driver_1244631019742807970.dir\stm32f4xx_hal_flash_ramfunc.o
#        E:\Microcontroller\stm32\uc1698u_160x160_F407\EWARM\F407_FSMC_2\Obj\STM32F4xx_HAL_Driver_1244631019742807970.dir\stm32f4xx_hal_gpio.o
#        E:\Microcontroller\stm32\uc1698u_160x160_F407\EWARM\F407_FSMC_2\Obj\Core_13247989168731456611.dir\stm32f4xx_hal_msp.o
#        E:\Microcontroller\stm32\uc1698u_160x160_F407\EWARM\F407_FSMC_2\Obj\STM32F4xx_HAL_Driver_1244631019742807970.dir\stm32f4xx_hal_nand.o
#        E:\Microcontroller\stm32\uc1698u_160x160_F407\EWARM\F407_FSMC_2\Obj\STM32F4xx_HAL_Driver_1244631019742807970.dir\stm32f4xx_hal_nor.o
#        E:\Microcontroller\stm32\uc1698u_160x160_F407\EWARM\F407_FSMC_2\Obj\STM32F4xx_HAL_Driver_1244631019742807970.dir\stm32f4xx_hal_pccard.o
#        E:\Microcontroller\stm32\uc1698u_160x160_F407\EWARM\F407_FSMC_2\Obj\STM32F4xx_HAL_Driver_1244631019742807970.dir\stm32f4xx_hal_pwr.o
#        E:\Microcontroller\stm32\uc1698u_160x160_F407\EWARM\F407_FSMC_2\Obj\STM32F4xx_HAL_Driver_1244631019742807970.dir\stm32f4xx_hal_pwr_ex.o
#        E:\Microcontroller\stm32\uc1698u_160x160_F407\EWARM\F407_FSMC_2\Obj\STM32F4xx_HAL_Driver_1244631019742807970.dir\stm32f4xx_hal_rcc.o
#        E:\Microcontroller\stm32\uc1698u_160x160_F407\EWARM\F407_FSMC_2\Obj\STM32F4xx_HAL_Driver_1244631019742807970.dir\stm32f4xx_hal_rcc_ex.o
#        E:\Microcontroller\stm32\uc1698u_160x160_F407\EWARM\F407_FSMC_2\Obj\STM32F4xx_HAL_Driver_1244631019742807970.dir\stm32f4xx_hal_sram.o
#        E:\Microcontroller\stm32\uc1698u_160x160_F407\EWARM\F407_FSMC_2\Obj\Core_13247989168731456611.dir\stm32f4xx_it.o
#        E:\Microcontroller\stm32\uc1698u_160x160_F407\EWARM\F407_FSMC_2\Obj\STM32F4xx_HAL_Driver_1244631019742807970.dir\stm32f4xx_ll_exti.o
#        E:\Microcontroller\stm32\uc1698u_160x160_F407\EWARM\F407_FSMC_2\Obj\STM32F4xx_HAL_Driver_1244631019742807970.dir\stm32f4xx_ll_fsmc.o
#        E:\Microcontroller\stm32\uc1698u_160x160_F407\EWARM\F407_FSMC_2\Obj\STM32F4xx_HAL_Driver_1244631019742807970.dir\stm32f4xx_ll_gpio.o
#        E:\Microcontroller\stm32\uc1698u_160x160_F407\EWARM\F407_FSMC_2\Obj\STM32F4xx_HAL_Driver_1244631019742807970.dir\stm32f4xx_ll_rcc.o
#        E:\Microcontroller\stm32\uc1698u_160x160_F407\EWARM\F407_FSMC_2\Obj\STM32F4xx_HAL_Driver_1244631019742807970.dir\stm32f4xx_ll_utils.o
#        E:\Microcontroller\stm32\uc1698u_160x160_F407\EWARM\F407_FSMC_2\Obj\CMSIS_6603591812247902717.dir\system_stm32f4xx.o
#        E:\Microcontroller\stm32\uc1698u_160x160_F407\EWARM\F407_FSMC_2\Obj\u8g2_2410607877290784044.dir\u8g2_arc.o
#        E:\Microcontroller\stm32\uc1698u_160x160_F407\EWARM\F407_FSMC_2\Obj\u8g2_2410607877290784044.dir\u8g2_bitmap.o
#        E:\Microcontroller\stm32\uc1698u_160x160_F407\EWARM\F407_FSMC_2\Obj\u8g2_2410607877290784044.dir\u8g2_box.o
#        E:\Microcontroller\stm32\uc1698u_160x160_F407\EWARM\F407_FSMC_2\Obj\u8g2_2410607877290784044.dir\u8g2_buffer.o
#        E:\Microcontroller\stm32\uc1698u_160x160_F407\EWARM\F407_FSMC_2\Obj\u8g2_2410607877290784044.dir\u8g2_button.o
#        E:\Microcontroller\stm32\uc1698u_160x160_F407\EWARM\F407_FSMC_2\Obj\u8g2_2410607877290784044.dir\u8g2_circle.o
#        E:\Microcontroller\stm32\uc1698u_160x160_F407\EWARM\F407_FSMC_2\Obj\u8g2_2410607877290784044.dir\u8g2_cleardisplay.o
#        E:\Microcontroller\stm32\uc1698u_160x160_F407\EWARM\F407_FSMC_2\Obj\u8g2_2410607877290784044.dir\u8g2_d_memory.o
#        E:\Microcontroller\stm32\uc1698u_160x160_F407\EWARM\F407_FSMC_2\Obj\u8g2_2410607877290784044.dir\u8g2_d_setup.o
#        E:\Microcontroller\stm32\uc1698u_160x160_F407\EWARM\F407_FSMC_2\Obj\u8g2_2410607877290784044.dir\u8g2_font.o
#        E:\Microcontroller\stm32\uc1698u_160x160_F407\EWARM\F407_FSMC_2\Obj\u8g2_2410607877290784044.dir\u8g2_fonts.o
#        E:\Microcontroller\stm32\uc1698u_160x160_F407\EWARM\F407_FSMC_2\Obj\u8g2_2410607877290784044.dir\u8g2_hvline.o
#        E:\Microcontroller\stm32\uc1698u_160x160_F407\EWARM\F407_FSMC_2\Obj\u8g2_2410607877290784044.dir\u8g2_input_value.o
#        E:\Microcontroller\stm32\uc1698u_160x160_F407\EWARM\F407_FSMC_2\Obj\u8g2_2410607877290784044.dir\u8g2_intersection.o
#        E:\Microcontroller\stm32\uc1698u_160x160_F407\EWARM\F407_FSMC_2\Obj\u8g2_2410607877290784044.dir\u8g2_kerning.o
#        E:\Microcontroller\stm32\uc1698u_160x160_F407\EWARM\F407_FSMC_2\Obj\u8g2_2410607877290784044.dir\u8g2_line.o
#        E:\Microcontroller\stm32\uc1698u_160x160_F407\EWARM\F407_FSMC_2\Obj\u8g2_2410607877290784044.dir\u8g2_ll_hvline.o
#        E:\Microcontroller\stm32\uc1698u_160x160_F407\EWARM\F407_FSMC_2\Obj\u8g2_2410607877290784044.dir\u8g2_message.o
#        E:\Microcontroller\stm32\uc1698u_160x160_F407\EWARM\F407_FSMC_2\Obj\u8g2_2410607877290784044.dir\u8g2_polygon.o
#        E:\Microcontroller\stm32\uc1698u_160x160_F407\EWARM\F407_FSMC_2\Obj\u8g2_2410607877290784044.dir\u8g2_selection_list.o
#        E:\Microcontroller\stm32\uc1698u_160x160_F407\EWARM\F407_FSMC_2\Obj\u8g2_2410607877290784044.dir\u8g2_setup.o
#        E:\Microcontroller\stm32\uc1698u_160x160_F407\EWARM\F407_FSMC_2\Obj\u8g2_2410607877290784044.dir\u8g_arm.o
#        E:\Microcontroller\stm32\uc1698u_160x160_F407\EWARM\F407_FSMC_2\Obj\u8g2_2410607877290784044.dir\u8log.o
#        E:\Microcontroller\stm32\uc1698u_160x160_F407\EWARM\F407_FSMC_2\Obj\u8g2_2410607877290784044.dir\u8log_u8g2.o
#        E:\Microcontroller\stm32\uc1698u_160x160_F407\EWARM\F407_FSMC_2\Obj\u8g2_2410607877290784044.dir\u8log_u8x8.o
#        E:\Microcontroller\stm32\uc1698u_160x160_F407\EWARM\F407_FSMC_2\Obj\u8g2_2410607877290784044.dir\u8x8_8x8.o
#        E:\Microcontroller\stm32\uc1698u_160x160_F407\EWARM\F407_FSMC_2\Obj\u8g2_2410607877290784044.dir\u8x8_byte.o
#        E:\Microcontroller\stm32\uc1698u_160x160_F407\EWARM\F407_FSMC_2\Obj\u8g2_2410607877290784044.dir\u8x8_cad.o
#        E:\Microcontroller\stm32\uc1698u_160x160_F407\EWARM\F407_FSMC_2\Obj\u8g2_2410607877290784044.dir\u8x8_capture.o
#        E:\Microcontroller\stm32\uc1698u_160x160_F407\EWARM\F407_FSMC_2\Obj\u8g2_2410607877290784044.dir\u8x8_d_a2printer.o
#        E:\Microcontroller\stm32\uc1698u_160x160_F407\EWARM\F407_FSMC_2\Obj\u8g2_2410607877290784044.dir\u8x8_d_ch1120.o
#        E:\Microcontroller\stm32\uc1698u_160x160_F407\EWARM\F407_FSMC_2\Obj\u8g2_2410607877290784044.dir\u8x8_d_gp1247ai.o
#        E:\Microcontroller\stm32\uc1698u_160x160_F407\EWARM\F407_FSMC_2\Obj\u8g2_2410607877290784044.dir\u8x8_d_gp1287ai.o
#        E:\Microcontroller\stm32\uc1698u_160x160_F407\EWARM\F407_FSMC_2\Obj\u8g2_2410607877290784044.dir\u8x8_d_gp1294ai.o
#        E:\Microcontroller\stm32\uc1698u_160x160_F407\EWARM\F407_FSMC_2\Obj\u8g2_2410607877290784044.dir\u8x8_d_gu800.o
#        E:\Microcontroller\stm32\uc1698u_160x160_F407\EWARM\F407_FSMC_2\Obj\u8g2_2410607877290784044.dir\u8x8_d_hd44102.o
#        E:\Microcontroller\stm32\uc1698u_160x160_F407\EWARM\F407_FSMC_2\Obj\u8g2_2410607877290784044.dir\u8x8_d_il3820_296x128.o
#        E:\Microcontroller\stm32\uc1698u_160x160_F407\EWARM\F407_FSMC_2\Obj\u8g2_2410607877290784044.dir\u8x8_d_ist3020.o
#        E:\Microcontroller\stm32\uc1698u_160x160_F407\EWARM\F407_FSMC_2\Obj\u8g2_2410607877290784044.dir\u8x8_d_ist3088.o
#        E:\Microcontroller\stm32\uc1698u_160x160_F407\EWARM\F407_FSMC_2\Obj\u8g2_2410607877290784044.dir\u8x8_d_ist7920.o
#        E:\Microcontroller\stm32\uc1698u_160x160_F407\EWARM\F407_FSMC_2\Obj\u8g2_2410607877290784044.dir\u8x8_d_ks0108.o
#        E:\Microcontroller\stm32\uc1698u_160x160_F407\EWARM\F407_FSMC_2\Obj\u8g2_2410607877290784044.dir\u8x8_d_lc7981.o
#        E:\Microcontroller\stm32\uc1698u_160x160_F407\EWARM\F407_FSMC_2\Obj\u8g2_2410607877290784044.dir\u8x8_d_ld7032_60x32.o
#        E:\Microcontroller\stm32\uc1698u_160x160_F407\EWARM\F407_FSMC_2\Obj\u8g2_2410607877290784044.dir\u8x8_d_ls013b7dh03.o
#        E:\Microcontroller\stm32\uc1698u_160x160_F407\EWARM\F407_FSMC_2\Obj\u8g2_2410607877290784044.dir\u8x8_d_max7219.o
#        E:\Microcontroller\stm32\uc1698u_160x160_F407\EWARM\F407_FSMC_2\Obj\u8g2_2410607877290784044.dir\u8x8_d_pcd8544_84x48.o
#        E:\Microcontroller\stm32\uc1698u_160x160_F407\EWARM\F407_FSMC_2\Obj\u8g2_2410607877290784044.dir\u8x8_d_pcf8812.o
#        E:\Microcontroller\stm32\uc1698u_160x160_F407\EWARM\F407_FSMC_2\Obj\u8g2_2410607877290784044.dir\u8x8_d_pcf8814_hx1230.o
#        E:\Microcontroller\stm32\uc1698u_160x160_F407\EWARM\F407_FSMC_2\Obj\u8g2_2410607877290784044.dir\u8x8_d_s1d15300.o
#        E:\Microcontroller\stm32\uc1698u_160x160_F407\EWARM\F407_FSMC_2\Obj\u8g2_2410607877290784044.dir\u8x8_d_s1d15721.o
#        E:\Microcontroller\stm32\uc1698u_160x160_F407\EWARM\F407_FSMC_2\Obj\u8g2_2410607877290784044.dir\u8x8_d_s1d15e06.o
#        E:\Microcontroller\stm32\uc1698u_160x160_F407\EWARM\F407_FSMC_2\Obj\u8g2_2410607877290784044.dir\u8x8_d_sbn1661.o
#        E:\Microcontroller\stm32\uc1698u_160x160_F407\EWARM\F407_FSMC_2\Obj\u8g2_2410607877290784044.dir\u8x8_d_sed1330.o
#        E:\Microcontroller\stm32\uc1698u_160x160_F407\EWARM\F407_FSMC_2\Obj\u8g2_2410607877290784044.dir\u8x8_d_sh1106_64x32.o
#        E:\Microcontroller\stm32\uc1698u_160x160_F407\EWARM\F407_FSMC_2\Obj\u8g2_2410607877290784044.dir\u8x8_d_sh1106_72x40.o
#        E:\Microcontroller\stm32\uc1698u_160x160_F407\EWARM\F407_FSMC_2\Obj\u8g2_2410607877290784044.dir\u8x8_d_sh1107.o
#        E:\Microcontroller\stm32\uc1698u_160x160_F407\EWARM\F407_FSMC_2\Obj\u8g2_2410607877290784044.dir\u8x8_d_sh1108.o
#        E:\Microcontroller\stm32\uc1698u_160x160_F407\EWARM\F407_FSMC_2\Obj\u8g2_2410607877290784044.dir\u8x8_d_sh1122.o
#        E:\Microcontroller\stm32\uc1698u_160x160_F407\EWARM\F407_FSMC_2\Obj\u8g2_2410607877290784044.dir\u8x8_d_ssd1305.o
#        E:\Microcontroller\stm32\uc1698u_160x160_F407\EWARM\F407_FSMC_2\Obj\u8g2_2410607877290784044.dir\u8x8_d_ssd1306_128x32.o
#        E:\Microcontroller\stm32\uc1698u_160x160_F407\EWARM\F407_FSMC_2\Obj\u8g2_2410607877290784044.dir\u8x8_d_ssd1306_128x64_noname.o
#        E:\Microcontroller\stm32\uc1698u_160x160_F407\EWARM\F407_FSMC_2\Obj\u8g2_2410607877290784044.dir\u8x8_d_ssd1306_2040x16.o
#        E:\Microcontroller\stm32\uc1698u_160x160_F407\EWARM\F407_FSMC_2\Obj\u8g2_2410607877290784044.dir\u8x8_d_ssd1306_48x64.o
#        E:\Microcontroller\stm32\uc1698u_160x160_F407\EWARM\F407_FSMC_2\Obj\u8g2_2410607877290784044.dir\u8x8_d_ssd1306_64x32.o
#        E:\Microcontroller\stm32\uc1698u_160x160_F407\EWARM\F407_FSMC_2\Obj\u8g2_2410607877290784044.dir\u8x8_d_ssd1306_64x48.o
#        E:\Microcontroller\stm32\uc1698u_160x160_F407\EWARM\F407_FSMC_2\Obj\u8g2_2410607877290784044.dir\u8x8_d_ssd1306_72x40.o
#        E:\Microcontroller\stm32\uc1698u_160x160_F407\EWARM\F407_FSMC_2\Obj\u8g2_2410607877290784044.dir\u8x8_d_ssd1306_96x16.o
#        E:\Microcontroller\stm32\uc1698u_160x160_F407\EWARM\F407_FSMC_2\Obj\u8g2_2410607877290784044.dir\u8x8_d_ssd1306_96x40.o
#        E:\Microcontroller\stm32\uc1698u_160x160_F407\EWARM\F407_FSMC_2\Obj\u8g2_2410607877290784044.dir\u8x8_d_ssd1309.o
#        E:\Microcontroller\stm32\uc1698u_160x160_F407\EWARM\F407_FSMC_2\Obj\u8g2_2410607877290784044.dir\u8x8_d_ssd1312.o
#        E:\Microcontroller\stm32\uc1698u_160x160_F407\EWARM\F407_FSMC_2\Obj\u8g2_2410607877290784044.dir\u8x8_d_ssd1315_128x64_noname.o
#        E:\Microcontroller\stm32\uc1698u_160x160_F407\EWARM\F407_FSMC_2\Obj\u8g2_2410607877290784044.dir\u8x8_d_ssd1316.o
#        E:\Microcontroller\stm32\uc1698u_160x160_F407\EWARM\F407_FSMC_2\Obj\u8g2_2410607877290784044.dir\u8x8_d_ssd1317.o
#        E:\Microcontroller\stm32\uc1698u_160x160_F407\EWARM\F407_FSMC_2\Obj\u8g2_2410607877290784044.dir\u8x8_d_ssd1318.o
#        E:\Microcontroller\stm32\uc1698u_160x160_F407\EWARM\F407_FSMC_2\Obj\u8g2_2410607877290784044.dir\u8x8_d_ssd1320.o
#        E:\Microcontroller\stm32\uc1698u_160x160_F407\EWARM\F407_FSMC_2\Obj\u8g2_2410607877290784044.dir\u8x8_d_ssd1322.o
#        E:\Microcontroller\stm32\uc1698u_160x160_F407\EWARM\F407_FSMC_2\Obj\u8g2_2410607877290784044.dir\u8x8_d_ssd1325.o
#        E:\Microcontroller\stm32\uc1698u_160x160_F407\EWARM\F407_FSMC_2\Obj\u8g2_2410607877290784044.dir\u8x8_d_ssd1326.o
#        E:\Microcontroller\stm32\uc1698u_160x160_F407\EWARM\F407_FSMC_2\Obj\u8g2_2410607877290784044.dir\u8x8_d_ssd1327.o
#        E:\Microcontroller\stm32\uc1698u_160x160_F407\EWARM\F407_FSMC_2\Obj\u8g2_2410607877290784044.dir\u8x8_d_ssd1329.o
#        E:\Microcontroller\stm32\uc1698u_160x160_F407\EWARM\F407_FSMC_2\Obj\u8g2_2410607877290784044.dir\u8x8_d_ssd1362.o
#        E:\Microcontroller\stm32\uc1698u_160x160_F407\EWARM\F407_FSMC_2\Obj\u8g2_2410607877290784044.dir\u8x8_d_ssd1363.o
#        E:\Microcontroller\stm32\uc1698u_160x160_F407\EWARM\F407_FSMC_2\Obj\u8g2_2410607877290784044.dir\u8x8_d_ssd1606_172x72.o
#        E:\Microcontroller\stm32\uc1698u_160x160_F407\EWARM\F407_FSMC_2\Obj\u8g2_2410607877290784044.dir\u8x8_d_ssd1607_200x200.o
#        E:\Microcontroller\stm32\uc1698u_160x160_F407\EWARM\F407_FSMC_2\Obj\u8g2_2410607877290784044.dir\u8x8_d_st7302.o
#        E:\Microcontroller\stm32\uc1698u_160x160_F407\EWARM\F407_FSMC_2\Obj\u8g2_2410607877290784044.dir\u8x8_d_st7305.o
#        E:\Microcontroller\stm32\uc1698u_160x160_F407\EWARM\F407_FSMC_2\Obj\u8g2_2410607877290784044.dir\u8x8_d_st7511.o
#        E:\Microcontroller\stm32\uc1698u_160x160_F407\EWARM\F407_FSMC_2\Obj\u8g2_2410607877290784044.dir\u8x8_d_st75160.o
#        E:\Microcontroller\stm32\uc1698u_160x160_F407\EWARM\F407_FSMC_2\Obj\u8g2_2410607877290784044.dir\u8x8_d_st75161.o
#        E:\Microcontroller\stm32\uc1698u_160x160_F407\EWARM\F407_FSMC_2\Obj\u8g2_2410607877290784044.dir\u8x8_d_st75256.o
#        E:\Microcontroller\stm32\uc1698u_160x160_F407\EWARM\F407_FSMC_2\Obj\u8g2_2410607877290784044.dir\u8x8_d_st7528.o
#        E:\Microcontroller\stm32\uc1698u_160x160_F407\EWARM\F407_FSMC_2\Obj\u8g2_2410607877290784044.dir\u8x8_d_st75320.o
#        E:\Microcontroller\stm32\uc1698u_160x160_F407\EWARM\F407_FSMC_2\Obj\u8g2_2410607877290784044.dir\u8x8_d_st7539.o
#        E:\Microcontroller\stm32\uc1698u_160x160_F407\EWARM\F407_FSMC_2\Obj\u8g2_2410607877290784044.dir\u8x8_d_st7565.o
#        E:\Microcontroller\stm32\uc1698u_160x160_F407\EWARM\F407_FSMC_2\Obj\u8g2_2410607877290784044.dir\u8x8_d_st7567.o
#        E:\Microcontroller\stm32\uc1698u_160x160_F407\EWARM\F407_FSMC_2\Obj\u8g2_2410607877290784044.dir\u8x8_d_st7571.o
#        E:\Microcontroller\stm32\uc1698u_160x160_F407\EWARM\F407_FSMC_2\Obj\u8g2_2410607877290784044.dir\u8x8_d_st7586s_erc240160.o
#        E:\Microcontroller\stm32\uc1698u_160x160_F407\EWARM\F407_FSMC_2\Obj\u8g2_2410607877290784044.dir\u8x8_d_st7586s_jlx320160.o
#        E:\Microcontroller\stm32\uc1698u_160x160_F407\EWARM\F407_FSMC_2\Obj\u8g2_2410607877290784044.dir\u8x8_d_st7586s_jlx384160.o
#        E:\Microcontroller\stm32\uc1698u_160x160_F407\EWARM\F407_FSMC_2\Obj\u8g2_2410607877290784044.dir\u8x8_d_st7586s_md240128.o
#        E:\Microcontroller\stm32\uc1698u_160x160_F407\EWARM\F407_FSMC_2\Obj\u8g2_2410607877290784044.dir\u8x8_d_st7586s_s028hn118a.o
#        E:\Microcontroller\stm32\uc1698u_160x160_F407\EWARM\F407_FSMC_2\Obj\u8g2_2410607877290784044.dir\u8x8_d_st7586s_ymc240160.o
#        E:\Microcontroller\stm32\uc1698u_160x160_F407\EWARM\F407_FSMC_2\Obj\u8g2_2410607877290784044.dir\u8x8_d_st7588.o
#        E:\Microcontroller\stm32\uc1698u_160x160_F407\EWARM\F407_FSMC_2\Obj\u8g2_2410607877290784044.dir\u8x8_d_st7920.o
#        E:\Microcontroller\stm32\uc1698u_160x160_F407\EWARM\F407_FSMC_2\Obj\u8g2_2410607877290784044.dir\u8x8_d_stdio.o
#        E:\Microcontroller\stm32\uc1698u_160x160_F407\EWARM\F407_FSMC_2\Obj\u8g2_2410607877290784044.dir\u8x8_d_t6963.o
#        E:\Microcontroller\stm32\uc1698u_160x160_F407\EWARM\F407_FSMC_2\Obj\u8g2_2410607877290784044.dir\u8x8_d_uc1601.o
#        E:\Microcontroller\stm32\uc1698u_160x160_F407\EWARM\F407_FSMC_2\Obj\u8g2_2410607877290784044.dir\u8x8_d_uc1604.o
#        E:\Microcontroller\stm32\uc1698u_160x160_F407\EWARM\F407_FSMC_2\Obj\u8g2_2410607877290784044.dir\u8x8_d_uc1608.o
#        E:\Microcontroller\stm32\uc1698u_160x160_F407\EWARM\F407_FSMC_2\Obj\u8g2_2410607877290784044.dir\u8x8_d_uc1609.o
#        E:\Microcontroller\stm32\uc1698u_160x160_F407\EWARM\F407_FSMC_2\Obj\u8g2_2410607877290784044.dir\u8x8_d_uc1610.o
#        E:\Microcontroller\stm32\uc1698u_160x160_F407\EWARM\F407_FSMC_2\Obj\u8g2_2410607877290784044.dir\u8x8_d_uc1611.o
#        E:\Microcontroller\stm32\uc1698u_160x160_F407\EWARM\F407_FSMC_2\Obj\u8g2_2410607877290784044.dir\u8x8_d_uc1617.o
#        E:\Microcontroller\stm32\uc1698u_160x160_F407\EWARM\F407_FSMC_2\Obj\u8g2_2410607877290784044.dir\u8x8_d_uc1628.o
#        E:\Microcontroller\stm32\uc1698u_160x160_F407\EWARM\F407_FSMC_2\Obj\u8g2_2410607877290784044.dir\u8x8_d_uc1638.o
#        E:\Microcontroller\stm32\uc1698u_160x160_F407\EWARM\F407_FSMC_2\Obj\u8g2_2410607877290784044.dir\u8x8_d_uc1698.o
#        E:\Microcontroller\stm32\uc1698u_160x160_F407\EWARM\F407_FSMC_2\Obj\u8g2_2410607877290784044.dir\u8x8_d_uc1701_dogs102.o
#        E:\Microcontroller\stm32\uc1698u_160x160_F407\EWARM\F407_FSMC_2\Obj\u8g2_2410607877290784044.dir\u8x8_d_uc1701_mini12864.o
#        E:\Microcontroller\stm32\uc1698u_160x160_F407\EWARM\F407_FSMC_2\Obj\u8g2_2410607877290784044.dir\u8x8_debounce.o
#        E:\Microcontroller\stm32\uc1698u_160x160_F407\EWARM\F407_FSMC_2\Obj\u8g2_2410607877290784044.dir\u8x8_display.o
#        E:\Microcontroller\stm32\uc1698u_160x160_F407\EWARM\F407_FSMC_2\Obj\u8g2_2410607877290784044.dir\u8x8_fonts.o
#        E:\Microcontroller\stm32\uc1698u_160x160_F407\EWARM\F407_FSMC_2\Obj\u8g2_2410607877290784044.dir\u8x8_gpio.o
#        E:\Microcontroller\stm32\uc1698u_160x160_F407\EWARM\F407_FSMC_2\Obj\u8g2_2410607877290784044.dir\u8x8_input_value.o
#        E:\Microcontroller\stm32\uc1698u_160x160_F407\EWARM\F407_FSMC_2\Obj\u8g2_2410607877290784044.dir\u8x8_message.o
#        E:\Microcontroller\stm32\uc1698u_160x160_F407\EWARM\F407_FSMC_2\Obj\u8g2_2410607877290784044.dir\u8x8_selection_list.o
#        E:\Microcontroller\stm32\uc1698u_160x160_F407\EWARM\F407_FSMC_2\Obj\u8g2_2410607877290784044.dir\u8x8_setup.o
#        E:\Microcontroller\stm32\uc1698u_160x160_F407\EWARM\F407_FSMC_2\Obj\u8g2_2410607877290784044.dir\u8x8_string.o
#        E:\Microcontroller\stm32\uc1698u_160x160_F407\EWARM\F407_FSMC_2\Obj\u8g2_2410607877290784044.dir\u8x8_u16toa.o
#        E:\Microcontroller\stm32\uc1698u_160x160_F407\EWARM\F407_FSMC_2\Obj\u8g2_2410607877290784044.dir\u8x8_u8toa.o
#        --no_out_extension -o
#        E:\Microcontroller\stm32\uc1698u_160x160_F407\EWARM\F407_FSMC_2\Exe\F407_FSMC_2.out
#        --redirect _Printf=_PrintfFullNoMb --redirect _Scanf=_ScanfFullNoMb
#        --map
#        E:\Microcontroller\stm32\uc1698u_160x160_F407\EWARM\F407_FSMC_2\List\F407_FSMC_2.map
#        --config
#        E:\Microcontroller\stm32\uc1698u_160x160_F407\EWARM/stm32f407xx_flash.icf
#        --semihosting --entry __iar_program_start --vfe --text_out locale
#        --cpu=Cortex-M4 --fpu=VFPv4_sp) --dependencies=n
#        E:\Microcontroller\stm32\uc1698u_160x160_F407\EWARM\F407_FSMC_2\Exe\F407_FSMC_2.out.iar_deps
#
###############################################################################

*******************************************************************************
*** RUNTIME MODEL ATTRIBUTES
***

CppFlavor       = *
__CPP_Runtime   = 1
__SystemLibrary = DLib
__dlib_version  = 6


*******************************************************************************
*** HEAP SELECTION
***

The basic heap was selected because no calls to memory allocation
functions were found in the application outside of system library
functions, there are calls to deallocation functions in the
application, and the application appears to be primarily
optimized for speed.


*******************************************************************************
*** PLACEMENT SUMMARY
***

"A0":  place at address 0x800'0000 { ro section .intvec };
"P1":  place in [from 0x800'0000 to 0x80f'ffff] { ro };
define block CSTACK with size = 1K, alignment = 8 { };
define block HEAP with size = 512, alignment = 8 { };
"P2":  place in [from 0x2000'0000 to 0x2001'ffff] {
          rw, block CSTACK, block HEAP };
initialize by copy { rw };

No sections matched the following patterns:

  section .ccmram  in "P3"


  Section            Kind         Address  Aligment      Size  Object
  -------            ----         -------  --------      ----  ------
"A0":                                                   0x188
  .intvec            ro code   0x800'0000         4     0x188  startup_stm32f407xx.o [3]
                             - 0x800'0188               0x188

"P1":                                                  0x3284
  .rodata            const     0x800'0188         4     0xe34  u8g2_fonts.o [5]
  .text              ro code   0x800'0fbc         4     0x7a0  main.o [2]
  .text              ro code   0x800'175c         4      0x38  stm32f4xx_hal.o [4]
  .text              ro code   0x800'1794         4      0x84  gpio.o [2]
  .text              ro code   0x800'1818         4      0xf0  fsmc.o [2]
  .text              ro code   0x800'1908         4      0x50  crc.o [2]
  .text              ro code   0x800'1958         4      0x40  u8g2_d_setup.o [5]
  .text              ro code   0x800'1998         4      0xe4  u8x8_display.o [5]
  .text              ro code   0x800'1a7c         2      0x1e  u8g2_cleardisplay.o [5]
  .text              ro code   0x800'1a9a         2      0x2a  copy_init3.o [8]
  .text              ro code   0x800'1ac4         4      0xfc  u8g2_font.o [5]
  .text              ro code   0x800'1bc0         2     0x10a  u8g2_hvline.o [5]
  .text              ro code   0x800'1ccc         4      0xec  u8g2_buffer.o [5]
  .text              ro code   0x800'1db8         4     0x14e  u8g2_bitmap.o [5]
  .text              ro code   0x800'1f08         4      0x2c  stm32f4xx_hal.o [4]
  .text              ro code   0x800'1f34         2      0x42  u8g2_box.o [5]
  .text              ro code   0x800'1f78         4      0x1e  sqrtf.o [7]
  .text              ro code   0x800'1f98         4       0xc  stm32f4xx_ll_utils.o [4]
  .text              ro code   0x800'1fa4         4      0x48  stm32f4xx_hal.o [4]
  .text              ro code   0x800'1fec         4      0x9c  stm32f4xx_hal_cortex.o [4]
  .text              ro code   0x800'2088         4      0x38  stm32f4xx_hal_msp.o [2]
  .text              ro code   0x800'20c0         4      0x66  ABImemset.o [8]
  .text              ro code   0x800'2128         4     0x114  stm32f4xx_ll_gpio.o [4]
  .text              ro code   0x800'223c         4      0x5a  stm32f4xx_hal_sram.o [4]
  .text              ro code   0x800'2298         4     0x1ec  stm32f4xx_hal_gpio.o [4]
  .text              ro code   0x800'2484         2      0x20  stm32f4xx_hal_crc.o [4]
  .text              ro code   0x800'24a4         4      0x58  u8x8_setup.o [5]
  .text              ro code   0x800'24fc         4      0x10  u8g2_d_memory.o [5]
  .text              ro code   0x800'250c         4     0x192  u8g2_setup.o [5]
  .text              ro code   0x800'269e         2       0xa  u8x8_gpio.o [5]
  .text              ro code   0x800'26a8         4       0x6  ABImemclr.o [8]
  .text              ro code   0x800'26ae         2      0x52  u8g2_intersection.o [5]
  .text              ro code   0x800'2700         4       0xc  stm32f4xx_hal.o [4]
  .text              ro code   0x800'270c         4      0xe4  stm32f4xx_ll_fsmc.o [4]
  .rodata            const     0x800'27f0         4     0x400  main.o [2]
  .text              ro code   0x800'2bf0         4     0x234  u8x8_d_uc1698.o [5]
  .text              ro code   0x800'2e24         4     0x10c  u8x8_cad.o [5]
  .text              ro code   0x800'2f30         4      0x20  u8x8_byte.o [5]
  .text              ro code   0x800'2f50         4      0xf4  u8g_arm.o [5]
  .text              ro code   0x800'3044         4      0x80  u8g2_ll_hvline.o [5]
  .rodata            const     0x800'30c4         4      0x54  u8x8_d_uc1698.o [5]
  .text              ro code   0x800'3118         2      0x38  zero_init3.o [8]
  .text              ro code   0x800'3150         4      0x2c  iarttio.o [9]
  .text              ro code   0x800'317c         4       0x8  XShttio.o [6]
  .text              ro code   0x800'3184         4      0x2a  data_init.o [8]
  .text              ro code   0x800'31b0         4      0x22  fpinit_M.o [7]
  .iar.init_table    const     0x800'31d4         4      0x24  - Linker created -
  .text              ro code   0x800'31f8         4      0x1e  cmain.o [8]
  .text              ro code   0x800'3216         2       0x4  low_level_init.o [6]
  .text              ro code   0x800'321a         2       0x4  exit.o [6]
  .text              ro code   0x800'3220         4       0xa  cexit.o [8]
  .text              ro code   0x800'322c         4      0x14  exit.o [9]
  .text              ro code   0x800'3240         4      0x1c  cstartup_M.o [8]
  Initializer bytes  const     0x800'325c         4      0x1c  <for P2-1>
  .text              ro code   0x800'3278         2      0x14  stm32f4xx_it.o [2]
  .text              ro code   0x800'328c         4      0x10  stm32f4xx_hal.o [4]
  .text              ro code   0x800'329c         4      0x10  startup_stm32f407xx.o [3]
  .text              ro code   0x800'32ac         4      0x10  system_stm32f4xx.o [1]
  .rodata            const     0x800'32bc         4       0xc  u8g2_setup.o [5]
  .text              ro code   0x800'32c8         2       0x4  startup_stm32f407xx.o [3]
  .text              ro code   0x800'32cc         2       0x4  startup_stm32f407xx.o [3]
  .text              ro code   0x800'32d0         2       0x4  startup_stm32f407xx.o [3]
  .text              ro code   0x800'32d4         2       0x4  startup_stm32f407xx.o [3]
  .text              ro code   0x800'32d8         2       0x4  startup_stm32f407xx.o [3]
  .text              ro code   0x800'32dc         2       0x4  startup_stm32f407xx.o [3]
  .text              ro code   0x800'32e0         2       0x4  startup_stm32f407xx.o [3]
  .text              ro code   0x800'32e4         2       0x4  startup_stm32f407xx.o [3]
  .text              ro code   0x800'32e8         2       0x4  startup_stm32f407xx.o [3]
  .text              ro code   0x800'32ec         2       0x4  startup_stm32f407xx.o [3]
  .text              ro code   0x800'32f0         2       0x4  startup_stm32f407xx.o [3]
  .text              ro code   0x800'32f4         2       0x4  startup_stm32f407xx.o [3]
  .text              ro code   0x800'32f8         2       0x4  startup_stm32f407xx.o [3]
  .text              ro code   0x800'32fc         2       0x4  startup_stm32f407xx.o [3]
  .text              ro code   0x800'3300         2       0x4  startup_stm32f407xx.o [3]
  .text              ro code   0x800'3304         2       0x4  startup_stm32f407xx.o [3]
  .text              ro code   0x800'3308         2       0x4  startup_stm32f407xx.o [3]
  .text              ro code   0x800'330c         2       0x4  startup_stm32f407xx.o [3]
  .text              ro code   0x800'3310         2       0x4  startup_stm32f407xx.o [3]
  .text              ro code   0x800'3314         2       0x4  startup_stm32f407xx.o [3]
  .text              ro code   0x800'3318         2       0x4  startup_stm32f407xx.o [3]
  .text              ro code   0x800'331c         2       0x4  startup_stm32f407xx.o [3]
  .text              ro code   0x800'3320         2       0x4  startup_stm32f407xx.o [3]
  .text              ro code   0x800'3324         2       0x4  startup_stm32f407xx.o [3]
  .text              ro code   0x800'3328         2       0x4  startup_stm32f407xx.o [3]
  .text              ro code   0x800'332c         2       0x4  startup_stm32f407xx.o [3]
  .text              ro code   0x800'3330         2       0x4  startup_stm32f407xx.o [3]
  .text              ro code   0x800'3334         2       0x4  startup_stm32f407xx.o [3]
  .text              ro code   0x800'3338         2       0x4  startup_stm32f407xx.o [3]
  .text              ro code   0x800'333c         2       0x4  startup_stm32f407xx.o [3]
  .text              ro code   0x800'3340         2       0x4  startup_stm32f407xx.o [3]
  .text              ro code   0x800'3344         2       0x4  startup_stm32f407xx.o [3]
  .text              ro code   0x800'3348         2       0x4  startup_stm32f407xx.o [3]
  .text              ro code   0x800'334c         2       0x4  startup_stm32f407xx.o [3]
  .text              ro code   0x800'3350         2       0x4  startup_stm32f407xx.o [3]
  .text              ro code   0x800'3354         2       0x4  startup_stm32f407xx.o [3]
  .text              ro code   0x800'3358         2       0x4  startup_stm32f407xx.o [3]
  .text              ro code   0x800'335c         2       0x4  startup_stm32f407xx.o [3]
  .text              ro code   0x800'3360         2       0x4  startup_stm32f407xx.o [3]
  .text              ro code   0x800'3364         2       0x4  startup_stm32f407xx.o [3]
  .text              ro code   0x800'3368         2       0x4  startup_stm32f407xx.o [3]
  .text              ro code   0x800'336c         2       0x4  startup_stm32f407xx.o [3]
  .text              ro code   0x800'3370         2       0x4  startup_stm32f407xx.o [3]
  .text              ro code   0x800'3374         2       0x4  startup_stm32f407xx.o [3]
  .text              ro code   0x800'3378         2       0x4  startup_stm32f407xx.o [3]
  .text              ro code   0x800'337c         2       0x4  startup_stm32f407xx.o [3]
  .text              ro code   0x800'3380         2       0x4  startup_stm32f407xx.o [3]
  .text              ro code   0x800'3384         2       0x4  startup_stm32f407xx.o [3]
  .text              ro code   0x800'3388         2       0x4  startup_stm32f407xx.o [3]
  .text              ro code   0x800'338c         2       0x4  startup_stm32f407xx.o [3]
  .text              ro code   0x800'3390         2       0x4  startup_stm32f407xx.o [3]
  .text              ro code   0x800'3394         2       0x4  startup_stm32f407xx.o [3]
  .text              ro code   0x800'3398         2       0x4  startup_stm32f407xx.o [3]
  .text              ro code   0x800'339c         2       0x4  startup_stm32f407xx.o [3]
  .text              ro code   0x800'33a0         2       0x4  startup_stm32f407xx.o [3]
  .text              ro code   0x800'33a4         2       0x4  startup_stm32f407xx.o [3]
  .text              ro code   0x800'33a8         2       0x4  startup_stm32f407xx.o [3]
  .text              ro code   0x800'33ac         2       0x4  startup_stm32f407xx.o [3]
  .text              ro code   0x800'33b0         2       0x4  startup_stm32f407xx.o [3]
  .text              ro code   0x800'33b4         2       0x4  startup_stm32f407xx.o [3]
  .text              ro code   0x800'33b8         2       0x4  startup_stm32f407xx.o [3]
  .text              ro code   0x800'33bc         2       0x4  startup_stm32f407xx.o [3]
  .text              ro code   0x800'33c0         2       0x4  startup_stm32f407xx.o [3]
  .text              ro code   0x800'33c4         2       0x4  startup_stm32f407xx.o [3]
  .text              ro code   0x800'33c8         2       0x4  startup_stm32f407xx.o [3]
  .text              ro code   0x800'33cc         2       0x4  startup_stm32f407xx.o [3]
  .text              ro code   0x800'33d0         2       0x4  startup_stm32f407xx.o [3]
  .text              ro code   0x800'33d4         2       0x4  startup_stm32f407xx.o [3]
  .text              ro code   0x800'33d8         2       0x4  startup_stm32f407xx.o [3]
  .text              ro code   0x800'33dc         2       0x4  startup_stm32f407xx.o [3]
  .text              ro code   0x800'33e0         2       0x4  startup_stm32f407xx.o [3]
  .text              ro code   0x800'33e4         2       0x4  startup_stm32f407xx.o [3]
  .text              ro code   0x800'33e8         2       0x4  startup_stm32f407xx.o [3]
  .text              ro code   0x800'33ec         2       0x4  startup_stm32f407xx.o [3]
  .text              ro code   0x800'33f0         2       0x4  startup_stm32f407xx.o [3]
  .text              ro code   0x800'33f4         2       0x4  startup_stm32f407xx.o [3]
  .text              ro code   0x800'33f8         2       0x4  startup_stm32f407xx.o [3]
  .text              ro code   0x800'33fc         2       0x4  startup_stm32f407xx.o [3]
  .text              ro code   0x800'3400         2       0x4  startup_stm32f407xx.o [3]
  .text              ro code   0x800'3404         2       0x4  startup_stm32f407xx.o [3]
  .text              ro code   0x800'3408         2       0x4  startup_stm32f407xx.o [3]
  .rodata            const     0x800'340c                 0x0  zero_init3.o [8]
  .rodata            const     0x800'340c                 0x0  copy_init3.o [8]
                             - 0x800'340c              0x3284

"P2", part 1 of 3:                                       0x1c
  P2-1                        0x2000'0000         4      0x1c  <Init block>
    .data            inited   0x2000'0000         4       0x4  main.o [2]
    .data            inited   0x2000'0004         4       0xc  stm32f4xx_hal.o [4]
    .data            inited   0x2000'0010         4       0x4  system_stm32f4xx.o [1]
    .data            inited   0x2000'0014         4       0x8  XShttio.o [6]
                            - 0x2000'001c                0x1c

"P2", part 2 of 3:                                   0x1'41e0
  .bss               zero     0x2000'001c         4    0xe64c  main.o [2]
  .bss               zero     0x2000'e668         4    0x4eb4  main.o [2]
  .bss               zero     0x2001'351c         4     0xc80  u8g2_d_memory.o [5]
  .bss               zero     0x2001'419c         4      0x50  fsmc.o [2]
  .bss               zero     0x2001'41ec         4       0x8  crc.o [2]
  .bss               zero     0x2001'41f4         4       0x4  fsmc.o [2]
  .bss               zero     0x2001'41f8         4       0x4  u8g_arm.o [5]
                            - 0x2001'41fc            0x1'41e0

"P2", part 3 of 3:                                      0x400
  CSTACK                      0x2001'4200         8     0x400  <Block>
    CSTACK           uninit   0x2001'4200               0x400  <Block tail>
                            - 0x2001'4600               0x400

Unused ranges:

         From           To      Size
         ----           --      ----
   0x800'340c   0x80f'ffff  0xf'cbf4
  0x2001'41fc  0x2001'41ff       0x4
  0x2001'4600  0x2001'ffff    0xba00


*******************************************************************************
*** INIT TABLE
***

          Address      Size
          -------      ----
Zero (__iar_zero_init3)
    1 destination range, total size 0x1'41e0:
          0x2000'001c  0x1'41e0

Copy (__iar_copy_init3)
    1 source range, total size 0x1c:
           0x800'325c      0x1c
    1 destination range, total size 0x1c:
          0x2000'0000      0x1c



*******************************************************************************
*** MODULE SUMMARY
***

    Module                  ro code  ro data  rw data
    ------                  -------  -------  -------
command line/config:
    -------------------------------------------------
    Total:

E:\Microcontroller\stm32\uc1698u_160x160_F407\EWARM\F407_FSMC_2\Obj\CMSIS_6603591812247902717.dir: [1]
    system_stm32f4xx.o           16        4        4
    -------------------------------------------------
    Total:                       16        4        4

E:\Microcontroller\stm32\uc1698u_160x160_F407\EWARM\F407_FSMC_2\Obj\Core_13247989168731456611.dir: [2]
    crc.o                        80                 8
    fsmc.o                      240                84
    gpio.o                      132
    main.o                    1'952    1'028   79'108
    stm32f4xx_hal_msp.o          56
    stm32f4xx_it.o               20
    -------------------------------------------------
    Total:                    2'480    1'028   79'200

E:\Microcontroller\stm32\uc1698u_160x160_F407\EWARM\F407_FSMC_2\Obj\EWARM_18443280873093131863.dir: [3]
    startup_stm32f407xx.o       732
    -------------------------------------------------
    Total:                      732

E:\Microcontroller\stm32\uc1698u_160x160_F407\EWARM\F407_FSMC_2\Obj\STM32F4xx_HAL_Driver_1244631019742807970.dir: [4]
    stm32f4xx_hal.o             200       12       12
    stm32f4xx_hal_cortex.o      156
    stm32f4xx_hal_crc.o          32
    stm32f4xx_hal_gpio.o        492
    stm32f4xx_hal_sram.o         90
    stm32f4xx_ll_fsmc.o         228
    stm32f4xx_ll_gpio.o         276
    stm32f4xx_ll_utils.o         12
    -------------------------------------------------
    Total:                    1'486       12       12

E:\Microcontroller\stm32\uc1698u_160x160_F407\EWARM\F407_FSMC_2\Obj\u8g2_2410607877290784044.dir: [5]
    u8g2_bitmap.o               334
    u8g2_box.o                   66
    u8g2_buffer.o               236
    u8g2_cleardisplay.o          30
    u8g2_d_memory.o              16             3'200
    u8g2_d_setup.o               64
    u8g2_font.o                 252
    u8g2_fonts.o                       3'636
    u8g2_hvline.o               266
    u8g2_intersection.o          82
    u8g2_ll_hvline.o            128
    u8g2_setup.o                402       12
    u8g_arm.o                   244                 4
    u8x8_byte.o                  32
    u8x8_cad.o                  268
    u8x8_d_uc1698.o             564       84
    u8x8_display.o              228
    u8x8_gpio.o                  10
    u8x8_setup.o                 88
    -------------------------------------------------
    Total:                    3'310    3'732    3'204

dl7M_tlf.a: [6]
    XShttio.o                     8        8        8
    exit.o                        4
    low_level_init.o              4
    -------------------------------------------------
    Total:                       16        8        8

m7M_tls.a: [7]
    fpinit_M.o                   34
    sqrtf.o                      30
    -------------------------------------------------
    Total:                       64

rt7M_tl.a: [8]
    ABImemclr.o                   6
    ABImemset.o                 102
    cexit.o                      10
    cmain.o                      30
    copy_init3.o                 42
    cstartup_M.o                 28
    data_init.o                  42
    zero_init3.o                 56
    -------------------------------------------------
    Total:                      316

shb_l.a: [9]
    exit.o                       20
    iarttio.o                    44
    -------------------------------------------------
    Total:                       64

    Gaps                         18        2
    Linker created                        36    1'024
-----------------------------------------------------
    Grand Total:              8'502    4'822   83'452


*******************************************************************************
*** ENTRY LIST
***

Entry                       Address    Size  Type      Object
-----                       -------    ----  ----      ------
.iar.init_table$$Base    0x800'31d4           --   Gb  - Linker created -
.iar.init_table$$Limit   0x800'31f8           --   Gb  - Linker created -
?main                    0x800'31f9          Code  ??  cmain.o [8]
ADC_IRQHandler           0x800'3311          Code  Wk  startup_stm32f407xx.o [3]
BusFault_Handler         0x800'327f     0x2  Code  ??  stm32f4xx_it.o [2]
CAN1_RX0_IRQHandler      0x800'3319          Code  Wk  startup_stm32f407xx.o [3]
CAN1_RX1_IRQHandler      0x800'331d          Code  Wk  startup_stm32f407xx.o [3]
CAN1_SCE_IRQHandler      0x800'3321          Code  Wk  startup_stm32f407xx.o [3]
CAN1_TX_IRQHandler       0x800'3315          Code  Wk  startup_stm32f407xx.o [3]
CAN2_RX0_IRQHandler      0x800'33c9          Code  Wk  startup_stm32f407xx.o [3]
CAN2_RX1_IRQHandler      0x800'33cd          Code  Wk  startup_stm32f407xx.o [3]
CAN2_SCE_IRQHandler      0x800'33d1          Code  Wk  startup_stm32f407xx.o [3]
CAN2_TX_IRQHandler       0x800'33c5          Code  Wk  startup_stm32f407xx.o [3]
CSTACK$$Base            0x2001'4200           --   Gb  - Linker created -
CSTACK$$Limit           0x2001'4600           --   ??  - Linker created -
DCMI_IRQHandler          0x800'3401          Code  Wk  startup_stm32f407xx.o [3]
DMA1_Stream0_IRQHandler
                         0x800'32f5          Code  Wk  startup_stm32f407xx.o [3]
DMA1_Stream1_IRQHandler
                         0x800'32f9          Code  Wk  startup_stm32f407xx.o [3]
DMA1_Stream2_IRQHandler
                         0x800'32fd          Code  Wk  startup_stm32f407xx.o [3]
DMA1_Stream3_IRQHandler
                         0x800'3301          Code  Wk  startup_stm32f407xx.o [3]
DMA1_Stream4_IRQHandler
                         0x800'3305          Code  Wk  startup_stm32f407xx.o [3]
DMA1_Stream5_IRQHandler
                         0x800'3309          Code  Wk  startup_stm32f407xx.o [3]
DMA1_Stream6_IRQHandler
                         0x800'330d          Code  Wk  startup_stm32f407xx.o [3]
DMA1_Stream7_IRQHandler
                         0x800'3385          Code  Wk  startup_stm32f407xx.o [3]
DMA2_Stream0_IRQHandler
                         0x800'33a9          Code  Wk  startup_stm32f407xx.o [3]
DMA2_Stream1_IRQHandler
                         0x800'33ad          Code  Wk  startup_stm32f407xx.o [3]
DMA2_Stream2_IRQHandler
                         0x800'33b1          Code  Wk  startup_stm32f407xx.o [3]
DMA2_Stream3_IRQHandler
                         0x800'33b5          Code  Wk  startup_stm32f407xx.o [3]
DMA2_Stream4_IRQHandler
                         0x800'33b9          Code  Wk  startup_stm32f407xx.o [3]
DMA2_Stream5_IRQHandler
                         0x800'33d9          Code  Wk  startup_stm32f407xx.o [3]
DMA2_Stream6_IRQHandler
                         0x800'33dd          Code  Wk  startup_stm32f407xx.o [3]
DMA2_Stream7_IRQHandler
                         0x800'33e1          Code  Wk  startup_stm32f407xx.o [3]
DebugMon_Handler         0x800'3285     0x2  Code  ??  stm32f4xx_it.o [2]
ETH_IRQHandler           0x800'33bd          Code  Wk  startup_stm32f407xx.o [3]
ETH_WKUP_IRQHandler      0x800'33c1          Code  Wk  startup_stm32f407xx.o [3]
EXTI0_IRQHandler         0x800'32e1          Code  Wk  startup_stm32f407xx.o [3]
EXTI15_10_IRQHandler     0x800'3369          Code  Wk  startup_stm32f407xx.o [3]
EXTI1_IRQHandler         0x800'32e5          Code  Wk  startup_stm32f407xx.o [3]
EXTI2_IRQHandler         0x800'32e9          Code  Wk  startup_stm32f407xx.o [3]
EXTI3_IRQHandler         0x800'32ed          Code  Wk  startup_stm32f407xx.o [3]
EXTI4_IRQHandler         0x800'32f1          Code  Wk  startup_stm32f407xx.o [3]
EXTI9_5_IRQHandler       0x800'3325          Code  Wk  startup_stm32f407xx.o [3]
Error_Handler            0x800'1759     0x4  Code  ??  main.o [2]
FLASH_IRQHandler         0x800'32d9          Code  Wk  startup_stm32f407xx.o [3]
FPU_IRQHandler           0x800'3409          Code  Wk  startup_stm32f407xx.o [3]
FSMC_IRQHandler          0x800'3389          Code  Wk  startup_stm32f407xx.o [3]
FSMC_Initialized        0x2001'41f4     0x4  Data  Lc  fsmc.o [2]
FSMC_NORSRAM_Extended_Timing_Init
                         0x800'27a5    0x42  Code  ??  stm32f4xx_ll_fsmc.o [4]
FSMC_NORSRAM_Init        0x800'270d    0x62  Code  ??  stm32f4xx_ll_fsmc.o [4]
FSMC_NORSRAM_Timing_Init
                         0x800'276f    0x36  Code  ??  stm32f4xx_ll_fsmc.o [4]
FSMC_PTR                0x2001'41f8     0x4  Data  ??  u8g_arm.o [5]
HAL_CRC_Init             0x800'2485    0x20  Code  ??  stm32f4xx_hal_crc.o [4]
HAL_CRC_MspInit          0x800'1927    0x26  Code  ??  crc.o [2]
HAL_Delay                0x800'1f09    0x2c  Code  Wk  stm32f4xx_hal.o [4]
HAL_GPIO_Init            0x800'2299   0x1be  Code  ??  stm32f4xx_hal_gpio.o [4]
HAL_GetTick              0x800'2701     0xc  Code  Wk  stm32f4xx_hal.o [4]
HAL_IncTick              0x800'328d    0x10  Code  Wk  stm32f4xx_hal.o [4]
HAL_Init                 0x800'175d    0x34  Code  ??  stm32f4xx_hal.o [4]
HAL_InitTick             0x800'1fa5    0x48  Code  Wk  stm32f4xx_hal.o [4]
HAL_MspInit              0x800'2089    0x38  Code  ??  stm32f4xx_hal_msp.o [2]
HAL_NVIC_SetPriority     0x800'2001    0x52  Code  ??  stm32f4xx_hal_cortex.o [4]
HAL_NVIC_SetPriorityGrouping
                         0x800'1fed    0x14  Code  ??  stm32f4xx_hal_cortex.o [4]
HAL_SRAM_Init            0x800'223d    0x5a  Code  ??  stm32f4xx_hal_sram.o [4]
HAL_SRAM_MspInit         0x800'1885    0x6e  Code  ??  fsmc.o [2]
HAL_SYSTICK_Config       0x800'2055    0x22  Code  ??  stm32f4xx_hal_cortex.o [4]
HASH_RNG_IRQHandler      0x800'3405          Code  Wk  startup_stm32f407xx.o [3]
HardFault_Handler        0x800'327b     0x2  Code  ??  stm32f4xx_it.o [2]
I2C1_ER_IRQHandler       0x800'3349          Code  Wk  startup_stm32f407xx.o [3]
I2C1_EV_IRQHandler       0x800'3345          Code  Wk  startup_stm32f407xx.o [3]
I2C2_ER_IRQHandler       0x800'3351          Code  Wk  startup_stm32f407xx.o [3]
I2C2_EV_IRQHandler       0x800'334d          Code  Wk  startup_stm32f407xx.o [3]
I2C3_ER_IRQHandler       0x800'33ed          Code  Wk  startup_stm32f407xx.o [3]
I2C3_EV_IRQHandler       0x800'33e9          Code  Wk  startup_stm32f407xx.o [3]
LL_GPIO_Init             0x800'2129   0x114  Code  ??  stm32f4xx_ll_gpio.o [4]
LL_SetSystemCoreClock    0x800'1f99     0x6  Code  ??  stm32f4xx_ll_utils.o [4]
MX_CRC_Init              0x800'1909    0x1e  Code  ??  crc.o [2]
MX_FSMC_Init             0x800'1819    0x6c  Code  ??  fsmc.o [2]
MX_GPIO_Init             0x800'1795    0x84  Code  ??  gpio.o [2]
MemManage_Handler        0x800'327d     0x2  Code  ??  stm32f4xx_it.o [2]
NMI_Handler              0x800'3279     0x2  Code  ??  stm32f4xx_it.o [2]
OTG_FS_IRQHandler        0x800'33d5          Code  Wk  startup_stm32f407xx.o [3]
OTG_FS_WKUP_IRQHandler   0x800'3371          Code  Wk  startup_stm32f407xx.o [3]
OTG_HS_EP1_IN_IRQHandler
                         0x800'33f5          Code  Wk  startup_stm32f407xx.o [3]
OTG_HS_EP1_OUT_IRQHandler
                         0x800'33f1          Code  Wk  startup_stm32f407xx.o [3]
OTG_HS_IRQHandler        0x800'33fd          Code  Wk  startup_stm32f407xx.o [3]
OTG_HS_WKUP_IRQHandler   0x800'33f9          Code  Wk  startup_stm32f407xx.o [3]
PVD_IRQHandler           0x800'32cd          Code  Wk  startup_stm32f407xx.o [3]
PendSV_Handler           0x800'3287     0x2  Code  ??  stm32f4xx_it.o [2]
RCC_IRQHandler           0x800'32dd          Code  Wk  startup_stm32f407xx.o [3]
RTC_Alarm_IRQHandler     0x800'336d          Code  Wk  startup_stm32f407xx.o [3]
RTC_WKUP_IRQHandler      0x800'32d5          Code  Wk  startup_stm32f407xx.o [3]
Region$$Table$$Base      0x800'31d4           --   ??  - Linker created -
Region$$Table$$Limit     0x800'31f8           --   ??  - Linker created -
Reset_Handler            0x800'329d          Code  Wk  startup_stm32f407xx.o [3]
SDIO_IRQHandler          0x800'338d          Code  Wk  startup_stm32f407xx.o [3]
SPI1_IRQHandler          0x800'3355          Code  Wk  startup_stm32f407xx.o [3]
SPI2_IRQHandler          0x800'3359          Code  Wk  startup_stm32f407xx.o [3]
SPI3_IRQHandler          0x800'3395          Code  Wk  startup_stm32f407xx.o [3]
SVC_Handler              0x800'3283     0x2  Code  ??  stm32f4xx_it.o [2]
SysTick_Handler          0x800'3289     0x4  Code  ??  stm32f4xx_it.o [2]
SystemClock_Config       0x800'1679    0xa4  Code  ??  main.o [2]
SystemCoreClock         0x2000'0010     0x4  Data  ??  system_stm32f4xx.o [1]
SystemInit               0x800'32ad     0xc  Code  ??  system_stm32f4xx.o [1]
TAMP_STAMP_IRQHandler    0x800'32d1          Code  Wk  startup_stm32f407xx.o [3]
TIM1_BRK_TIM9_IRQHandler
                         0x800'3329          Code  Wk  startup_stm32f407xx.o [3]
TIM1_CC_IRQHandler       0x800'3335          Code  Wk  startup_stm32f407xx.o [3]
TIM1_TRG_COM_TIM11_IRQHandler
                         0x800'3331          Code  Wk  startup_stm32f407xx.o [3]
TIM1_UP_TIM10_IRQHandler
                         0x800'332d          Code  Wk  startup_stm32f407xx.o [3]
TIM2_IRQHandler          0x800'3339          Code  Wk  startup_stm32f407xx.o [3]
TIM3_IRQHandler          0x800'333d          Code  Wk  startup_stm32f407xx.o [3]
TIM4_IRQHandler          0x800'3341          Code  Wk  startup_stm32f407xx.o [3]
TIM5_IRQHandler          0x800'3391          Code  Wk  startup_stm32f407xx.o [3]
TIM6_DAC_IRQHandler      0x800'33a1          Code  Wk  startup_stm32f407xx.o [3]
TIM7_IRQHandler          0x800'33a5          Code  Wk  startup_stm32f407xx.o [3]
TIM8_BRK_TIM12_IRQHandler
                         0x800'3375          Code  Wk  startup_stm32f407xx.o [3]
TIM8_CC_IRQHandler       0x800'3381          Code  Wk  startup_stm32f407xx.o [3]
TIM8_TRG_COM_TIM14_IRQHandler
                         0x800'337d          Code  Wk  startup_stm32f407xx.o [3]
TIM8_UP_TIM13_IRQHandler
                         0x800'3379          Code  Wk  startup_stm32f407xx.o [3]
UART4_IRQHandler         0x800'3399          Code  Wk  startup_stm32f407xx.o [3]
UART5_IRQHandler         0x800'339d          Code  Wk  startup_stm32f407xx.o [3]
USART1_IRQHandler        0x800'335d          Code  Wk  startup_stm32f407xx.o [3]
USART2_IRQHandler        0x800'3361          Code  Wk  startup_stm32f407xx.o [3]
USART3_IRQHandler        0x800'3365          Code  Wk  startup_stm32f407xx.o [3]
USART6_IRQHandler        0x800'33e5          Code  Wk  startup_stm32f407xx.o [3]
UsageFault_Handler       0x800'3281     0x2  Code  ??  stm32f4xx_it.o [2]
WWDG_IRQHandler          0x800'32c9          Code  Wk  startup_stm32f407xx.o [3]
__aeabi_memclr           0x800'26a9          Code  ??  ABImemclr.o [8]
__aeabi_memset           0x800'20c1          Code  ??  ABImemset.o [8]
__cmain                  0x800'31f9          Code  ??  cmain.o [8]
__exit                   0x800'322d    0x14  Code  ??  exit.o [9]
__iar_Memset             0x800'20c1          Code  ??  ABImemset.o [8]
__iar_Memset_word        0x800'20c9          Code  ??  ABImemset.o [8]
__iar_close_ttio         0x800'3151    0x2c  Code  ??  iarttio.o [9]
__iar_copy_init3         0x800'1a9b    0x2a  Code  ??  copy_init3.o [8]
__iar_data_init3         0x800'3185    0x18  Code  ??  data_init.o [8]
__iar_init_vfp           0x800'31b1          Code  ??  fpinit_M.o [7]
__iar_lookup_ttioh       0x800'317d     0x8  Code  ??  XShttio.o [6]
__iar_program_start      0x800'3241          Code  ??  cstartup_M.o [8]
__iar_sqrt32             0x800'1f79          Code  ??  sqrtf.o [7]
__iar_ttio_handles      0x2000'0014     0x8  Data  Lc  XShttio.o [6]
__iar_zero_init3         0x800'3119    0x38  Code  ??  zero_init3.o [8]
__low_level_init         0x800'3217     0x4  Code  ??  low_level_init.o [6]
__vector_table           0x800'0000          Data  ??  startup_stm32f407xx.o [3]
_call_main               0x800'3205          Code  ??  cmain.o [8]
_exit                    0x800'3221          Code  ??  cexit.o [8]
exit                     0x800'321b     0x4  Code  ??  exit.o [6]
grid                    0x2000'001c  0xe64c  Data  ??  main.o [2]
hcrc                    0x2001'41ec     0x8  Data  ??  crc.o [2]
hsram1                  0x2001'419c    0x50  Data  ??  fsmc.o [2]
init_sprites             0x800'0fbd    0xa0  Code  ??  main.o [2]
lut_nibble               0x800'2dec    0x20  Data  Lc  u8x8_d_uc1698.o [5]
main                     0x800'1065   0x612  Code  ??  main.o [2]
rng_state               0x2000'0000     0x4  Data  Lc  main.o [2]
s                       0x2000'e668  0x4e20  Data  ??  main.o [2]
sqrtf                    0x800'1f79          Code  ??  sqrtf.o [7]
u8g2                    0x2001'3488    0x94  Data  ??  main.o [2]
u8g2_ClearBuffer         0x800'1ccd    0x14  Code  ??  u8g2_buffer.o [5]
u8g2_ClearDisplay        0x800'1a7d    0x1e  Code  ??  u8g2_cleardisplay.o [5]
u8g2_DrawBox             0x800'1f35    0x42  Code  ??  u8g2_box.o [5]
u8g2_DrawHVLine          0x800'1bd9    0xe4  Code  ??  u8g2_hvline.o [5]
u8g2_DrawHXBM            0x800'1db9   0x100  Code  ??  u8g2_bitmap.o [5]
u8g2_DrawXBM             0x800'1eb9    0x4e  Code  ??  u8g2_bitmap.o [5]
u8g2_FirstPage           0x800'1d5b    0x1a  Code  ??  u8g2_buffer.o [5]
u8g2_IsIntersection      0x800'26af    0x52  Code  ??  u8g2_intersection.o [5]
u8g2_NextPage            0x800'1d75    0x44  Code  ??  u8g2_buffer.o [5]
u8g2_SendBuffer          0x800'1d2f    0x12  Code  ??  u8g2_buffer.o [5]
u8g2_SetBufferCurrTileRow
                         0x800'1d41    0x1a  Code  ??  u8g2_buffer.o [5]
u8g2_SetDrawColor        0x800'1cbd     0xe  Code  ??  u8g2_hvline.o [5]
u8g2_SetFont             0x800'1b9d    0x1e  Code  ??  u8g2_font.o [5]
u8g2_SetFontMode         0x800'1b39     0x6  Code  ??  u8g2_font.o [5]
u8g2_SetFontPosBaseline
                         0x800'1b97     0x6  Code  ??  u8g2_font.o [5]
u8g2_SetMaxClipWindow    0x800'250d    0x1c  Code  ??  u8g2_setup.o [5]
u8g2_SetupBuffer         0x800'2529    0x4c  Code  ??  u8g2_setup.o [5]
u8g2_Setup_uc1698u_cg160160
                         0x800'1959    0x32  Code  ??  u8g2_d_setup.o [5]
u8g2_UpdateRefHeight     0x800'1b41    0x52  Code  ??  u8g2_font.o [5]
u8g2_apply_clip_window   0x800'25b9    0x72  Code  Lc  u8g2_setup.o [5]
u8g2_cb_r3               0x800'32bc     0xc  Data  ??  u8g2_setup.o [5]
u8g2_draw_hv_line_2dir   0x800'1bc1    0x18  Code  ??  u8g2_hvline.o [5]
u8g2_draw_l90_r3         0x800'2675    0x2a  Code  ??  u8g2_setup.o [5]
u8g2_font_calc_vref_font
                         0x800'1b93     0x4  Code  ??  u8g2_font.o [5]
u8g2_font_logisoso18_tf
                         0x800'0188   0xe34  Data  ??  u8g2_fonts.o [5]
u8g2_ll_hvline_horizontal_right_lsb
                         0x800'3045    0x80  Code  ??  u8g2_ll_hvline.o [5]
u8g2_logo_128x64_bits    0x800'27f0   0x400  Data  Lc  main.o [2]
u8g2_m_20_20_f           0x800'24fd     0xa  Code  ??  u8g2_d_memory.o [5]
u8g2_m_20_20_f::buf     0x2001'351c   0xc80  Data  Lc  u8g2_d_memory.o [5]
u8g2_read_font_info      0x800'1ac5    0x74  Code  ??  u8g2_font.o [5]
u8g2_send_buffer         0x800'1ce1    0x4e  Code  Lc  u8g2_buffer.o [5]
u8g2_update_dimension_common
                         0x800'2575    0x44  Code  Lc  u8g2_setup.o [5]
u8g2_update_dimension_r3
                         0x800'262b    0x18  Code  ??  u8g2_setup.o [5]
u8g2_update_page_win_r3
                         0x800'2643    0x32  Code  ??  u8g2_setup.o [5]
u8x8_DrawTile            0x800'1a07    0x22  Code  ??  u8x8_display.o [5]
u8x8_InitDisplay         0x800'1a37     0xe  Code  ??  u8x8_display.o [5]
u8x8_RefreshDisplay      0x800'1a6f     0xe  Code  ??  u8x8_display.o [5]
u8x8_SetContrast         0x800'1a61     0xe  Code  ??  u8x8_display.o [5]
u8x8_SetFlipMode         0x800'1a53     0xe  Code  ??  u8x8_display.o [5]
u8x8_SetPowerSave        0x800'1a45     0xe  Code  ??  u8x8_display.o [5]
u8x8_Setup               0x800'24d5    0x26  Code  ??  u8x8_setup.o [5]
u8x8_SetupDefaults       0x800'24a9    0x26  Code  ??  u8x8_setup.o [5]
u8x8_SetupMemory         0x800'1a29     0xe  Code  ??  u8x8_display.o [5]
u8x8_byte_SendByte       0x800'2f3f    0x12  Code  ??  u8x8_byte.o [5]
u8x8_byte_SetDC          0x800'2f31     0xe  Code  ??  u8x8_byte.o [5]
u8x8_byte_hw_fsmc        0x800'2fcf    0x6a  Code  ??  u8g_arm.o [5]
u8x8_cad_001             0x800'2edd    0x52  Code  ??  u8x8_cad.o [5]
u8x8_cad_EndTransfer     0x800'2e5d     0xe  Code  ??  u8x8_cad.o [5]
u8x8_cad_SendArg         0x800'2e33     0xe  Code  ??  u8x8_cad.o [5]
u8x8_cad_SendCmd         0x800'2e25     0xe  Code  ??  u8x8_cad.o [5]
u8x8_cad_SendData        0x800'2e41     0xe  Code  ??  u8x8_cad.o [5]
u8x8_cad_SendSequence    0x800'2e6d    0x70  Code  ??  u8x8_cad.o [5]
u8x8_cad_StartTransfer   0x800'2e4f     0xe  Code  ??  u8x8_cad.o [5]
u8x8_d_helper_display_init
                         0x800'19a3    0x64  Code  ??  u8x8_display.o [5]
u8x8_d_helper_display_setup_memory
                         0x800'1999     0xa  Code  ??  u8x8_display.o [5]
u8x8_d_uc1698u_cg160160
                         0x800'2d51    0x6e  Code  ??  u8x8_d_uc1698.o [5]
u8x8_d_uc1698u_cg160160_init_seq
                         0x800'30c4    0x54  Data  Lc  u8x8_d_uc1698.o [5]
u8x8_d_uc1698u_common    0x800'2bf1   0x160  Code  ??  u8x8_d_uc1698.o [5]
u8x8_d_uc1698u_flip0_seq
                         0x800'2ddc     0x8  Data  Lc  u8x8_d_uc1698.o [5]
u8x8_d_uc1698u_flip1_seq
                         0x800'2de4     0x8  Data  Lc  u8x8_d_uc1698.o [5]
u8x8_d_uc1698u_powersave0_seq
                         0x800'2dcc     0x8  Data  Lc  u8x8_d_uc1698.o [5]
u8x8_d_uc1698u_powersave1_seq
                         0x800'2dd4     0x8  Data  Lc  u8x8_d_uc1698.o [5]
u8x8_dummy_cb            0x800'24a5     0x4  Code  ??  u8x8_setup.o [5]
u8x8_gpio_and_delay_template
                         0x800'2f51    0x7e  Code  ??  u8g_arm.o [5]
u8x8_gpio_call           0x800'269f     0xa  Code  ??  u8x8_gpio.o [5]
u8x8_uc1698u_cg160160_display_info
                         0x800'2e0c    0x18  Data  Lc  u8x8_d_uc1698.o [5]
uwTick                  0x2000'0008     0x4  Data  ??  stm32f4xx_hal.o [4]
uwTickFreq              0x2000'0004     0x1  Data  ??  stm32f4xx_hal.o [4]
uwTickPrio              0x2000'000c     0x4  Data  ??  stm32f4xx_hal.o [4]


[1] = E:\Microcontroller\stm32\uc1698u_160x160_F407\EWARM\F407_FSMC_2\Obj\CMSIS_6603591812247902717.dir
[2] = E:\Microcontroller\stm32\uc1698u_160x160_F407\EWARM\F407_FSMC_2\Obj\Core_13247989168731456611.dir
[3] = E:\Microcontroller\stm32\uc1698u_160x160_F407\EWARM\F407_FSMC_2\Obj\EWARM_18443280873093131863.dir
[4] = E:\Microcontroller\stm32\uc1698u_160x160_F407\EWARM\F407_FSMC_2\Obj\STM32F4xx_HAL_Driver_1244631019742807970.dir
[5] = E:\Microcontroller\stm32\uc1698u_160x160_F407\EWARM\F407_FSMC_2\Obj\u8g2_2410607877290784044.dir
[6] = dl7M_tlf.a
[7] = m7M_tls.a
[8] = rt7M_tl.a
[9] = shb_l.a

   8'502 bytes of readonly  code memory
   4'822 bytes of readonly  data memory
  83'452 bytes of readwrite data memory

Errors: none
Warnings: none
